2025-11-23T10:31:14.2112511Z Current runner version: '2.329.0'
2025-11-23T10:31:14.2138028Z ##[group]Runner Image Provisioner
2025-11-23T10:31:14.2138929Z Hosted Compute Agent
2025-11-23T10:31:14.2139577Z Version: 20251016.436
2025-11-23T10:31:14.2140157Z Commit: 8ab8ac8bfd662a3739dab9fe09456aba92132568
2025-11-23T10:31:14.2140851Z Build Date: 2025-10-15T20:44:12Z
2025-11-23T10:31:14.2141455Z ##[endgroup]
2025-11-23T10:31:14.2142405Z ##[group]Operating System
2025-11-23T10:31:14.2143015Z Ubuntu
2025-11-23T10:31:14.2143550Z 24.04.3
2025-11-23T10:31:14.2144004Z LTS
2025-11-23T10:31:14.2144460Z ##[endgroup]
2025-11-23T10:31:14.2144980Z ##[group]Runner Image
2025-11-23T10:31:14.2145522Z Image: ubuntu-24.04
2025-11-23T10:31:14.2146031Z Version: 20251112.124.1
2025-11-23T10:31:14.2147028Z Included Software: https://github.com/actions/runner-images/blob/ubuntu24/20251112.124/images/ubuntu/Ubuntu2404-Readme.md
2025-11-23T10:31:14.2148787Z Image Release: https://github.com/actions/runner-images/releases/tag/ubuntu24%2F20251112.124
2025-11-23T10:31:14.2149807Z ##[endgroup]
2025-11-23T10:31:14.2150934Z ##[group]GITHUB_TOKEN Permissions
2025-11-23T10:31:14.2153291Z Contents: read
2025-11-23T10:31:14.2153931Z Metadata: read
2025-11-23T10:31:14.2154445Z Packages: write
2025-11-23T10:31:14.2154925Z ##[endgroup]
2025-11-23T10:31:14.2157277Z Secret source: Actions
2025-11-23T10:31:14.2157983Z Prepare workflow directory
2025-11-23T10:31:14.2677872Z Prepare all required actions
2025-11-23T10:31:14.2718884Z Getting action download info
2025-11-23T10:31:14.7561803Z Download action repository 'actions/checkout@v4' (SHA:34e114876b0b11c390a56381ad16ebd13914f8d5)
2025-11-23T10:31:15.7473268Z Download action repository 'docker/setup-qemu-action@v3' (SHA:c7c53464625b32c7a7e944ae62b3e17d2b600130)
2025-11-23T10:31:16.3448788Z Download action repository 'docker/setup-buildx-action@v3' (SHA:e468171a9de216ec08956ac3ada2f0791b6bd435)
2025-11-23T10:31:17.0022358Z Download action repository 'docker/login-action@v3' (SHA:5e57cd118135c172c3672efd75eb46360885c0ef)
2025-11-23T10:31:17.6293811Z Download action repository 'docker/metadata-action@v5' (SHA:318604b99e75e41977312d83839a89be02ca4893)
2025-11-23T10:31:18.2678631Z Download action repository 'docker/build-push-action@v5' (SHA:ca052bb54ab0790a636c9b5f226502c73d547a25)
2025-11-23T10:31:18.9326641Z Complete job name: Build and Push Docker Images
2025-11-23T10:31:18.9928264Z ##[group]Run actions/checkout@v4
2025-11-23T10:31:18.9928969Z with:
2025-11-23T10:31:18.9929298Z   repository: krzycuh/kma-poker-stats
2025-11-23T10:31:18.9929785Z   token: ***
2025-11-23T10:31:18.9930075Z   ssh-strict: true
2025-11-23T10:31:18.9930454Z   ssh-user: git
2025-11-23T10:31:18.9930706Z   persist-credentials: true
2025-11-23T10:31:18.9931045Z   clean: true
2025-11-23T10:31:18.9931311Z   sparse-checkout-cone-mode: true
2025-11-23T10:31:18.9932092Z   fetch-depth: 1
2025-11-23T10:31:18.9932331Z   fetch-tags: false
2025-11-23T10:31:18.9932699Z   show-progress: true
2025-11-23T10:31:18.9933019Z   lfs: false
2025-11-23T10:31:18.9933229Z   submodules: false
2025-11-23T10:31:18.9933585Z   set-safe-directory: true
2025-11-23T10:31:18.9934152Z env:
2025-11-23T10:31:18.9934403Z   REGISTRY: ghcr.io
2025-11-23T10:31:18.9934753Z   IMAGE_NAME: krzycuh/kma-poker-stats
2025-11-23T10:31:18.9935175Z ##[endgroup]
2025-11-23T10:31:19.1078555Z Syncing repository: krzycuh/kma-poker-stats
2025-11-23T10:31:19.1079901Z ##[group]Getting Git version info
2025-11-23T10:31:19.1080317Z Working directory is '/home/runner/work/kma-poker-stats/kma-poker-stats'
2025-11-23T10:31:19.1080866Z [command]/usr/bin/git version
2025-11-23T10:31:19.2534895Z git version 2.51.2
2025-11-23T10:31:19.2563896Z ##[endgroup]
2025-11-23T10:31:19.2581126Z Temporarily overriding HOME='/home/runner/work/_temp/29d9dd69-84a2-438f-8cb1-f40f1e09926c' before making global git config changes
2025-11-23T10:31:19.2582701Z Adding repository directory to the temporary git global config as a safe directory
2025-11-23T10:31:19.2596034Z [command]/usr/bin/git config --global --add safe.directory /home/runner/work/kma-poker-stats/kma-poker-stats
2025-11-23T10:31:19.2687131Z Deleting the contents of '/home/runner/work/kma-poker-stats/kma-poker-stats'
2025-11-23T10:31:19.2691778Z ##[group]Initializing the repository
2025-11-23T10:31:19.2697466Z [command]/usr/bin/git init /home/runner/work/kma-poker-stats/kma-poker-stats
2025-11-23T10:31:19.3918549Z hint: Using 'master' as the name for the initial branch. This default branch name
2025-11-23T10:31:19.3919774Z hint: is subject to change. To configure the initial branch name to use in all
2025-11-23T10:31:19.3920507Z hint: of your new repositories, which will suppress this warning, call:
2025-11-23T10:31:19.3920912Z hint:
2025-11-23T10:31:19.3921244Z hint: 	git config --global init.defaultBranch <name>
2025-11-23T10:31:19.3921841Z hint:
2025-11-23T10:31:19.3922162Z hint: Names commonly chosen instead of 'master' are 'main', 'trunk' and
2025-11-23T10:31:19.3922712Z hint: 'development'. The just-created branch can be renamed via this command:
2025-11-23T10:31:19.4395887Z hint:
2025-11-23T10:31:19.4396299Z hint: 	git branch -m <name>
2025-11-23T10:31:19.4396684Z hint:
2025-11-23T10:31:19.4397224Z hint: Disable this message with "git config set advice.defaultBranchName false"
2025-11-23T10:31:19.4398188Z Initialized empty Git repository in /home/runner/work/kma-poker-stats/kma-poker-stats/.git/
2025-11-23T10:31:19.4410158Z [command]/usr/bin/git remote add origin https://github.com/krzycuh/kma-poker-stats
2025-11-23T10:31:19.4493473Z ##[endgroup]
2025-11-23T10:31:19.4494125Z ##[group]Disabling automatic garbage collection
2025-11-23T10:31:19.4498995Z [command]/usr/bin/git config --local gc.auto 0
2025-11-23T10:31:19.4529213Z ##[endgroup]
2025-11-23T10:31:19.4529806Z ##[group]Setting up auth
2025-11-23T10:31:19.4537268Z [command]/usr/bin/git config --local --name-only --get-regexp core\.sshCommand
2025-11-23T10:31:19.4569889Z [command]/usr/bin/git submodule foreach --recursive sh -c "git config --local --name-only --get-regexp 'core\.sshCommand' && git config --local --unset-all 'core.sshCommand' || :"
2025-11-23T10:31:19.6685745Z [command]/usr/bin/git config --local --name-only --get-regexp http\.https\:\/\/github\.com\/\.extraheader
2025-11-23T10:31:19.6717547Z [command]/usr/bin/git submodule foreach --recursive sh -c "git config --local --name-only --get-regexp 'http\.https\:\/\/github\.com\/\.extraheader' && git config --local --unset-all 'http.https://github.com/.extraheader' || :"
2025-11-23T10:31:19.6938819Z [command]/usr/bin/git config --local --name-only --get-regexp ^includeIf\.gitdir:
2025-11-23T10:31:19.6969480Z [command]/usr/bin/git submodule foreach --recursive git config --local --show-origin --name-only --get-regexp remote.origin.url
2025-11-23T10:31:19.7205307Z [command]/usr/bin/git config --local http.https://github.com/.extraheader AUTHORIZATION: basic ***
2025-11-23T10:31:19.7239971Z ##[endgroup]
2025-11-23T10:31:19.7240647Z ##[group]Fetching the repository
2025-11-23T10:31:19.7249126Z [command]/usr/bin/git -c protocol.version=2 fetch --no-tags --prune --no-recurse-submodules --depth=1 origin +2d052c8193d0fc580a315887d6011af763f8108a:refs/remotes/origin/main
2025-11-23T10:31:20.3059349Z From https://github.com/krzycuh/kma-poker-stats
2025-11-23T10:31:20.3059967Z  * [new ref]         2d052c8193d0fc580a315887d6011af763f8108a -> origin/main
2025-11-23T10:31:20.3173417Z ##[endgroup]
2025-11-23T10:31:20.3174159Z ##[group]Determining the checkout info
2025-11-23T10:31:20.3176539Z ##[endgroup]
2025-11-23T10:31:20.3182054Z [command]/usr/bin/git sparse-checkout disable
2025-11-23T10:31:20.3289622Z [command]/usr/bin/git config --local --unset-all extensions.worktreeConfig
2025-11-23T10:31:20.3317869Z ##[group]Checking out the ref
2025-11-23T10:31:20.3322900Z [command]/usr/bin/git checkout --progress --force -B main refs/remotes/origin/main
2025-11-23T10:31:20.3572209Z Switched to a new branch 'main'
2025-11-23T10:31:20.3574365Z branch 'main' set up to track 'origin/main'.
2025-11-23T10:31:20.3581806Z ##[endgroup]
2025-11-23T10:31:20.3621948Z [command]/usr/bin/git log -1 --format=%H
2025-11-23T10:31:20.3644806Z 2d052c8193d0fc580a315887d6011af763f8108a
2025-11-23T10:31:20.3828196Z ##[group]Run docker/setup-qemu-action@v3
2025-11-23T10:31:20.3828512Z with:
2025-11-23T10:31:20.3828729Z   image: docker.io/tonistiigi/binfmt:latest
2025-11-23T10:31:20.3828986Z   platforms: all
2025-11-23T10:31:20.3829175Z   cache-image: true
2025-11-23T10:31:20.3829356Z env:
2025-11-23T10:31:20.3829517Z   REGISTRY: ghcr.io
2025-11-23T10:31:20.3829716Z   IMAGE_NAME: krzycuh/kma-poker-stats
2025-11-23T10:31:20.3829981Z ##[endgroup]
2025-11-23T10:31:20.6120672Z ##[group]Docker info
2025-11-23T10:31:20.6165739Z [command]/usr/bin/docker version
2025-11-23T10:31:21.8886715Z Client: Docker Engine - Community
2025-11-23T10:31:21.8887297Z  Version:           28.0.4
2025-11-23T10:31:21.8890508Z  API version:       1.48
2025-11-23T10:31:21.8891666Z  Go version:        go1.23.7
2025-11-23T10:31:21.8892247Z  Git commit:        b8034c0
2025-11-23T10:31:21.8892687Z  Built:             Tue Mar 25 15:07:16 2025
2025-11-23T10:31:21.8893172Z  OS/Arch:           linux/amd64
2025-11-23T10:31:21.8893597Z  Context:           default
2025-11-23T10:31:21.8893819Z 
2025-11-23T10:31:21.8893969Z Server: Docker Engine - Community
2025-11-23T10:31:21.8894340Z  Engine:
2025-11-23T10:31:21.8894604Z   Version:          28.0.4
2025-11-23T10:31:21.8894984Z   API version:      1.48 (minimum version 1.24)
2025-11-23T10:31:21.8895415Z   Go version:       go1.23.7
2025-11-23T10:31:21.8895759Z   Git commit:       6430e49
2025-11-23T10:31:21.8896125Z   Built:            Tue Mar 25 15:07:16 2025
2025-11-23T10:31:21.8896420Z   OS/Arch:          linux/amd64
2025-11-23T10:31:21.8896655Z   Experimental:     false
2025-11-23T10:31:21.8896862Z  containerd:
2025-11-23T10:31:21.8897062Z   Version:          v2.1.5
2025-11-23T10:31:21.8897331Z   GitCommit:        fcd43222d6b07379a4be9786bda52438f0dd16a1
2025-11-23T10:31:21.8897618Z  runc:
2025-11-23T10:31:21.8897779Z   Version:          1.3.3
2025-11-23T10:31:21.8897991Z   GitCommit:        v1.3.3-0-gd842d771
2025-11-23T10:31:21.8898241Z  docker-init:
2025-11-23T10:31:21.8898422Z   Version:          0.19.0
2025-11-23T10:31:21.8898628Z   GitCommit:        de40ad0
2025-11-23T10:31:21.8942918Z [command]/usr/bin/docker info
2025-11-23T10:31:24.7570252Z Client: Docker Engine - Community
2025-11-23T10:31:24.7571053Z  Version:    28.0.4
2025-11-23T10:31:24.7571790Z  Context:    default
2025-11-23T10:31:24.7573271Z  Debug Mode: false
2025-11-23T10:31:24.7573707Z  Plugins:
2025-11-23T10:31:24.7574072Z   buildx: Docker Buildx (Docker Inc.)
2025-11-23T10:31:24.7574449Z     Version:  v0.29.1
2025-11-23T10:31:24.7574868Z     Path:     /usr/libexec/docker/cli-plugins/docker-buildx
2025-11-23T10:31:24.7575395Z   compose: Docker Compose (Docker Inc.)
2025-11-23T10:31:24.7575771Z     Version:  v2.38.2
2025-11-23T10:31:24.7576179Z     Path:     /usr/libexec/docker/cli-plugins/docker-compose
2025-11-23T10:31:24.7576526Z 
2025-11-23T10:31:24.7576634Z Server:
2025-11-23T10:31:24.7576906Z  Containers: 0
2025-11-23T10:31:24.7577181Z   Running: 0
2025-11-23T10:31:24.7577487Z   Paused: 0
2025-11-23T10:31:24.7577757Z   Stopped: 0
2025-11-23T10:31:24.7578026Z  Images: 0
2025-11-23T10:31:24.7578305Z  Server Version: 28.0.4
2025-11-23T10:31:24.7578622Z  Storage Driver: overlay2
2025-11-23T10:31:24.7578957Z   Backing Filesystem: extfs
2025-11-23T10:31:24.7579289Z   Supports d_type: true
2025-11-23T10:31:24.7579626Z   Using metacopy: false
2025-11-23T10:31:24.7580010Z   Native Overlay Diff: false
2025-11-23T10:31:24.7580361Z   userxattr: false
2025-11-23T10:31:24.7580657Z  Logging Driver: json-file
2025-11-23T10:31:24.7580997Z  Cgroup Driver: systemd
2025-11-23T10:31:24.7581187Z  Cgroup Version: 2
2025-11-23T10:31:24.7581380Z  Plugins:
2025-11-23T10:31:24.7581800Z   Volume: local
2025-11-23T10:31:24.7582024Z   Network: bridge host ipvlan macvlan null overlay
2025-11-23T10:31:24.7582408Z   Log: awslogs fluentd gcplogs gelf journald json-file local splunk syslog
2025-11-23T10:31:24.7582826Z  Swarm: inactive
2025-11-23T10:31:24.7583165Z  Runtimes: runc io.containerd.runc.v2
2025-11-23T10:31:24.7584401Z  Default Runtime: runc
2025-11-23T10:31:24.7584850Z  Init Binary: docker-init
2025-11-23T10:31:24.7585339Z  containerd version: fcd43222d6b07379a4be9786bda52438f0dd16a1
2025-11-23T10:31:24.7585913Z  runc version: v1.3.3-0-gd842d771
2025-11-23T10:31:24.7586313Z  init version: de40ad0
2025-11-23T10:31:24.7586633Z  Security Options:
2025-11-23T10:31:24.7586914Z   apparmor
2025-11-23T10:31:24.7587179Z   seccomp
2025-11-23T10:31:24.7587433Z    Profile: builtin
2025-11-23T10:31:24.7587705Z   cgroupns
2025-11-23T10:31:24.7587975Z  Kernel Version: 6.11.0-1018-azure
2025-11-23T10:31:24.7588364Z  Operating System: Ubuntu 24.04.3 LTS
2025-11-23T10:31:24.7588778Z  OSType: linux
2025-11-23T10:31:24.7589088Z  Architecture: x86_64
2025-11-23T10:31:24.7589428Z  CPUs: 4
2025-11-23T10:31:24.7589720Z  Total Memory: 15.62GiB
2025-11-23T10:31:24.7590050Z  Name: runnervmg1sw1
2025-11-23T10:31:24.7590377Z  ID: 25309008-d3b6-4795-9b53-5704e2dd5a06
2025-11-23T10:31:24.7590818Z  Docker Root Dir: /var/lib/docker
2025-11-23T10:31:24.7591198Z  Debug Mode: false
2025-11-23T10:31:24.7591811Z  Username: githubactions
2025-11-23T10:31:24.7592183Z  Experimental: false
2025-11-23T10:31:24.7592525Z  Insecure Registries:
2025-11-23T10:31:24.7596973Z   ::1/128
2025-11-23T10:31:24.7597271Z   127.0.0.0/8
2025-11-23T10:31:24.7597577Z  Live Restore Enabled: false
2025-11-23T10:31:24.7597833Z 
2025-11-23T10:31:24.7598389Z ##[endgroup]
2025-11-23T10:31:24.7598985Z ##[group]Pulling binfmt Docker image
2025-11-23T10:31:25.1007247Z [command]/usr/bin/docker pull docker.io/tonistiigi/binfmt:latest
2025-11-23T10:31:26.2274441Z latest: Pulling from tonistiigi/binfmt
2025-11-23T10:31:26.4777447Z f4700b809f99: Pulling fs layer
2025-11-23T10:31:26.4777912Z 2adec5d296ac: Pulling fs layer
2025-11-23T10:31:26.7429071Z 2adec5d296ac: Verifying Checksum
2025-11-23T10:31:26.7429390Z 2adec5d296ac: Download complete
2025-11-23T10:31:26.8731239Z f4700b809f99: Verifying Checksum
2025-11-23T10:31:26.8731845Z f4700b809f99: Download complete
2025-11-23T10:31:27.2443552Z f4700b809f99: Pull complete
2025-11-23T10:31:27.3305595Z 2adec5d296ac: Pull complete
2025-11-23T10:31:27.3342207Z Digest: sha256:30cc9a4d03765acac9be2ed0afc23af1ad018aed2c28ea4be8c2eb9afe03fbd1
2025-11-23T10:31:27.3357006Z Status: Downloaded newer image for tonistiigi/binfmt:latest
2025-11-23T10:31:27.3366972Z docker.io/tonistiigi/binfmt:latest
2025-11-23T10:31:27.3403643Z [command]/usr/bin/docker save -o /home/runner/work/_temp/docker-actions-toolkit-Nx1VIA/749e64100d3fa0c09bdbc8a02e4fb9cb3ee64266f7f661c98371040689abacb3.tar docker.io/tonistiigi/binfmt:latest
2025-11-23T10:31:27.7590950Z Copying /home/runner/work/_temp/docker-actions-toolkit-Nx1VIA/749e64100d3fa0c09bdbc8a02e4fb9cb3ee64266f7f661c98371040689abacb3.tar to /home/runner/.docker/.cache/images/docker.io--tonistiigi--binfmt/latest/linux-x64/image.tar
2025-11-23T10:31:27.8969731Z Image cached to /home/runner/.docker/.cache/images/docker.io--tonistiigi--binfmt/latest/linux-x64/image.tar
2025-11-23T10:31:27.8970671Z ##[endgroup]
2025-11-23T10:31:27.8971027Z ##[group]Image info
2025-11-23T10:31:27.8989809Z [command]/usr/bin/docker image inspect docker.io/tonistiigi/binfmt:latest
2025-11-23T10:31:27.9116400Z [
2025-11-23T10:31:27.9116755Z     {
2025-11-23T10:31:27.9117285Z         "Id": "sha256:c97f15e717f7eb99d237e46f0a3553da8cfdf470a15bba459c056d90d0e398f5",
2025-11-23T10:31:27.9117919Z         "RepoTags": [
2025-11-23T10:31:27.9118262Z             "tonistiigi/binfmt:latest"
2025-11-23T10:31:27.9118632Z         ],
2025-11-23T10:31:27.9118909Z         "RepoDigests": [
2025-11-23T10:31:27.9119576Z             "tonistiigi/binfmt@sha256:30cc9a4d03765acac9be2ed0afc23af1ad018aed2c28ea4be8c2eb9afe03fbd1"
2025-11-23T10:31:27.9120284Z         ],
2025-11-23T10:31:27.9120550Z         "Parent": "",
2025-11-23T10:31:27.9120896Z         "Comment": "buildkit.dockerfile.v0",
2025-11-23T10:31:27.9121332Z         "Created": "2025-09-11T09:43:57.050886711Z",
2025-11-23T10:31:27.9121924Z         "DockerVersion": "",
2025-11-23T10:31:27.9122266Z         "Author": "",
2025-11-23T10:31:27.9123140Z         "Config": {
2025-11-23T10:31:27.9123441Z             "Hostname": "",
2025-11-23T10:31:27.9123774Z             "Domainname": "",
2025-11-23T10:31:27.9124104Z             "User": "",
2025-11-23T10:31:27.9124421Z             "AttachStdin": false,
2025-11-23T10:31:27.9124775Z             "AttachStdout": false,
2025-11-23T10:31:27.9125143Z             "AttachStderr": false,
2025-11-23T10:31:27.9125491Z             "Tty": false,
2025-11-23T10:31:27.9125805Z             "OpenStdin": false,
2025-11-23T10:31:27.9126143Z             "StdinOnce": false,
2025-11-23T10:31:27.9126473Z             "Env": [
2025-11-23T10:31:27.9126954Z                 "PATH=/usr/local/sbin:/usr/local/bin:/usr/sbin:/usr/bin:/sbin:/bin",
2025-11-23T10:31:27.9127527Z                 "QEMU_PRESERVE_ARGV0=1"
2025-11-23T10:31:27.9127954Z             ],
2025-11-23T10:31:27.9128223Z             "Cmd": null,
2025-11-23T10:31:27.9128534Z             "Image": "",
2025-11-23T10:31:27.9128835Z             "Volumes": {
2025-11-23T10:31:27.9129154Z                 "/tmp": {}
2025-11-23T10:31:27.9129444Z             },
2025-11-23T10:31:27.9129729Z             "WorkingDir": "/",
2025-11-23T10:31:27.9130098Z             "Entrypoint": [
2025-11-23T10:31:27.9130368Z                 "/usr/bin/binfmt"
2025-11-23T10:31:27.9130584Z             ],
2025-11-23T10:31:27.9130858Z             "OnBuild": null,
2025-11-23T10:31:27.9131074Z             "Labels": {
2025-11-23T10:31:27.9131352Z                 "org.opencontainers.image.created": "2025-09-11T09:13:47.128Z",
2025-11-23T10:31:27.9132131Z                 "org.opencontainers.image.description": "Cross-platform emulator collection distributed with Docker images",
2025-11-23T10:31:27.9132637Z                 "org.opencontainers.image.licenses": "MIT",
2025-11-23T10:31:27.9133050Z                 "org.opencontainers.image.revision": "8bf932dba1f67bb274320e7cebece2807e4b99e1",
2025-11-23T10:31:27.9133572Z                 "org.opencontainers.image.source": "https://github.com/tonistiigi/binfmt",
2025-11-23T10:31:27.9133991Z                 "org.opencontainers.image.title": "Binfmt",
2025-11-23T10:31:27.9134376Z                 "org.opencontainers.image.url": "https://github.com/tonistiigi/binfmt",
2025-11-23T10:31:27.9134781Z                 "org.opencontainers.image.version": "qemu-v10.0.4-56"
2025-11-23T10:31:27.9135068Z             }
2025-11-23T10:31:27.9135227Z         },
2025-11-23T10:31:27.9135397Z         "Architecture": "amd64",
2025-11-23T10:31:27.9135602Z         "Os": "linux",
2025-11-23T10:31:27.9135786Z         "Size": 83325873,
2025-11-23T10:31:27.9135972Z         "GraphDriver": {
2025-11-23T10:31:27.9136209Z             "Data": {
2025-11-23T10:31:27.9136960Z                 "LowerDir": "/var/lib/docker/overlay2/eaabbc57cccae2c4b3f9e807b87d8203ac6b08dfbc1770477b0fce658fe39188/diff",
2025-11-23T10:31:27.9137866Z                 "MergedDir": "/var/lib/docker/overlay2/50d4d2225a44c55fe21a6d772f0c4e24d6552b69d7b6dad0d9d05262b483cccb/merged",
2025-11-23T10:31:27.9138609Z                 "UpperDir": "/var/lib/docker/overlay2/50d4d2225a44c55fe21a6d772f0c4e24d6552b69d7b6dad0d9d05262b483cccb/diff",
2025-11-23T10:31:27.9139308Z                 "WorkDir": "/var/lib/docker/overlay2/50d4d2225a44c55fe21a6d772f0c4e24d6552b69d7b6dad0d9d05262b483cccb/work"
2025-11-23T10:31:27.9139762Z             },
2025-11-23T10:31:27.9139929Z             "Name": "overlay2"
2025-11-23T10:31:27.9140147Z         },
2025-11-23T10:31:27.9140448Z         "RootFS": {
2025-11-23T10:31:27.9140739Z             "Type": "layers",
2025-11-23T10:31:27.9141063Z             "Layers": [
2025-11-23T10:31:27.9141411Z                 "sha256:ba63059928005ec5a66585f9353d2f4e14eaede3da6a25acac0a4f44d809cb64",
2025-11-23T10:31:27.9142127Z                 "sha256:66aa431c2e5b0cb36e6f7fde44ab8195fab52d6c93b407c720212e28337ac745"
2025-11-23T10:31:27.9142463Z             ]
2025-11-23T10:31:27.9142612Z         },
2025-11-23T10:31:27.9142765Z         "Metadata": {
2025-11-23T10:31:27.9142959Z             "LastTagTime": "0001-01-01T00:00:00Z"
2025-11-23T10:31:27.9143539Z         }
2025-11-23T10:31:27.9143731Z     }
2025-11-23T10:31:27.9143990Z ]
2025-11-23T10:31:27.9144458Z ##[endgroup]
2025-11-23T10:31:27.9144904Z ##[group]Binfmt version
2025-11-23T10:31:27.9156454Z [command]/usr/bin/docker run --rm --privileged docker.io/tonistiigi/binfmt:latest --version
2025-11-23T10:31:28.8372939Z binfmt/8bf932d qemu/v10.0.4 go/1.23.12
2025-11-23T10:31:28.9045915Z ##[endgroup]
2025-11-23T10:31:28.9046680Z ##[group]Installing QEMU static binaries
2025-11-23T10:31:28.9064460Z [command]/usr/bin/docker run --rm --privileged docker.io/tonistiigi/binfmt:latest --install all
2025-11-23T10:31:29.0764103Z installing: arm64 OK
2025-11-23T10:31:29.0764508Z installing: riscv64 OK
2025-11-23T10:31:29.0764760Z installing: mips64le OK
2025-11-23T10:31:29.0765057Z installing: mips64 OK
2025-11-23T10:31:29.0765260Z installing: loong64 OK
2025-11-23T10:31:29.0765453Z installing: arm OK
2025-11-23T10:31:29.0765649Z installing: s390x OK
2025-11-23T10:31:29.0765890Z installing: ppc64le OK
2025-11-23T10:31:29.0993091Z {
2025-11-23T10:31:29.0993419Z   "supported": [
2025-11-23T10:31:29.0993735Z     "linux/amd64",
2025-11-23T10:31:29.0994539Z     "linux/amd64/v2",
2025-11-23T10:31:29.0994909Z     "linux/amd64/v3",
2025-11-23T10:31:29.0995110Z     "linux/arm64",
2025-11-23T10:31:29.0995302Z     "linux/riscv64",
2025-11-23T10:31:29.0995507Z     "linux/ppc64le",
2025-11-23T10:31:29.0995781Z     "linux/s390x",
2025-11-23T10:31:29.0995944Z     "linux/386",
2025-11-23T10:31:29.0996123Z     "linux/mips64le",
2025-11-23T10:31:29.0996306Z     "linux/mips64",
2025-11-23T10:31:29.0996483Z     "linux/loong64",
2025-11-23T10:31:29.0996738Z     "linux/arm/v7",
2025-11-23T10:31:29.0997007Z     "linux/arm/v6"
2025-11-23T10:31:29.0997274Z   ],
2025-11-23T10:31:29.0997549Z   "emulators": [
2025-11-23T10:31:29.0997874Z     "llvm-16-runtime.binfmt",
2025-11-23T10:31:29.0998229Z     "llvm-17-runtime.binfmt",
2025-11-23T10:31:29.0998580Z     "llvm-18-runtime.binfmt",
2025-11-23T10:31:29.0998953Z     "python3.12",
2025-11-23T10:31:29.0999266Z     "qemu-aarch64",
2025-11-23T10:31:29.0999556Z     "qemu-arm",
2025-11-23T10:31:29.0999853Z     "qemu-loongarch64",
2025-11-23T10:31:29.1000166Z     "qemu-mips64",
2025-11-23T10:31:29.1000456Z     "qemu-mips64el",
2025-11-23T10:31:29.1000748Z     "qemu-ppc64le",
2025-11-23T10:31:29.1001027Z     "qemu-riscv64",
2025-11-23T10:31:29.1001311Z     "qemu-s390x"
2025-11-23T10:31:29.1002023Z   ]
2025-11-23T10:31:29.1002285Z }
2025-11-23T10:31:29.1584366Z ##[endgroup]
2025-11-23T10:31:29.1584990Z ##[group]Extracting available platforms
2025-11-23T10:31:29.4410116Z linux/amd64,linux/amd64/v2,linux/amd64/v3,linux/arm64,linux/riscv64,linux/ppc64le,linux/s390x,linux/386,linux/mips64le,linux/mips64,linux/loong64,linux/arm/v7,linux/arm/v6
2025-11-23T10:31:29.4411736Z ##[endgroup]
2025-11-23T10:31:29.4551188Z ##[group]Run docker/setup-buildx-action@v3
2025-11-23T10:31:29.4551467Z with:
2025-11-23T10:31:29.4551788Z   driver: docker-container
2025-11-23T10:31:29.4552014Z   install: false
2025-11-23T10:31:29.4552179Z   use: true
2025-11-23T10:31:29.4552346Z   keep-state: false
2025-11-23T10:31:29.4552527Z   cache-binary: true
2025-11-23T10:31:29.4552714Z   cleanup: true
2025-11-23T10:31:29.4552984Z env:
2025-11-23T10:31:29.4553224Z   REGISTRY: ghcr.io
2025-11-23T10:31:29.4553546Z   IMAGE_NAME: krzycuh/kma-poker-stats
2025-11-23T10:31:29.4553863Z ##[endgroup]
2025-11-23T10:31:29.7593954Z ##[group]Docker info
2025-11-23T10:31:29.7616961Z [command]/usr/bin/docker version
2025-11-23T10:31:29.7801198Z Client: Docker Engine - Community
2025-11-23T10:31:29.7801914Z  Version:           28.0.4
2025-11-23T10:31:29.7802276Z  API version:       1.48
2025-11-23T10:31:29.7802619Z  Go version:        go1.23.7
2025-11-23T10:31:29.7802970Z  Git commit:        b8034c0
2025-11-23T10:31:29.7803441Z  Built:             Tue Mar 25 15:07:16 2025
2025-11-23T10:31:29.7803838Z  OS/Arch:           linux/amd64
2025-11-23T10:31:29.7804179Z  Context:           default
2025-11-23T10:31:29.7804388Z 
2025-11-23T10:31:29.7843204Z Server: Docker Engine - Community
2025-11-23T10:31:29.7843625Z  Engine:
2025-11-23T10:31:29.7843922Z   Version:          28.0.4
2025-11-23T10:31:29.7844320Z   API version:      1.48 (minimum version 1.24)
2025-11-23T10:31:29.7844783Z   Go version:       go1.23.7
2025-11-23T10:31:29.7845127Z   Git commit:       6430e49
2025-11-23T10:31:29.7845502Z   Built:            Tue Mar 25 15:07:16 2025
2025-11-23T10:31:29.7845912Z   OS/Arch:          linux/amd64
2025-11-23T10:31:29.7846289Z   Experimental:     false
2025-11-23T10:31:29.7846622Z  containerd:
2025-11-23T10:31:29.7846920Z   Version:          v2.1.5
2025-11-23T10:31:29.7847358Z   GitCommit:        fcd43222d6b07379a4be9786bda52438f0dd16a1
2025-11-23T10:31:29.7847829Z  runc:
2025-11-23T10:31:29.7848310Z   Version:          1.3.3
2025-11-23T10:31:29.7848789Z   GitCommit:        v1.3.3-0-gd842d771
2025-11-23T10:31:29.7849350Z  docker-init:
2025-11-23T10:31:29.7849880Z   Version:          0.19.0
2025-11-23T10:31:29.7850339Z   GitCommit:        de40ad0
2025-11-23T10:31:29.7866808Z [command]/usr/bin/docker info
2025-11-23T10:31:29.8659460Z Client: Docker Engine - Community
2025-11-23T10:31:29.8660013Z  Version:    28.0.4
2025-11-23T10:31:29.8660610Z  Context:    default
2025-11-23T10:31:29.8661063Z  Debug Mode: false
2025-11-23T10:31:29.8661700Z  Plugins:
2025-11-23T10:31:29.8662211Z   buildx: Docker Buildx (Docker Inc.)
2025-11-23T10:31:29.8662682Z     Version:  v0.29.1
2025-11-23T10:31:29.8663264Z     Path:     /usr/libexec/docker/cli-plugins/docker-buildx
2025-11-23T10:31:29.8663872Z   compose: Docker Compose (Docker Inc.)
2025-11-23T10:31:29.8664402Z     Version:  v2.38.2
2025-11-23T10:31:29.8664871Z     Path:     /usr/libexec/docker/cli-plugins/docker-compose
2025-11-23T10:31:29.8665445Z 
2025-11-23T10:31:29.8665591Z Server:
2025-11-23T10:31:29.8666006Z  Containers: 0
2025-11-23T10:31:29.8666346Z   Running: 0
2025-11-23T10:31:29.8666803Z   Paused: 0
2025-11-23T10:31:29.8667126Z   Stopped: 0
2025-11-23T10:31:29.8667476Z  Images: 1
2025-11-23T10:31:29.8667935Z  Server Version: 28.0.4
2025-11-23T10:31:29.8668381Z  Storage Driver: overlay2
2025-11-23T10:31:29.8668804Z   Backing Filesystem: extfs
2025-11-23T10:31:29.8669332Z   Supports d_type: true
2025-11-23T10:31:29.8669715Z   Using metacopy: false
2025-11-23T10:31:29.8670178Z   Native Overlay Diff: false
2025-11-23T10:31:29.8670745Z   userxattr: false
2025-11-23T10:31:29.8671128Z  Logging Driver: json-file
2025-11-23T10:31:29.8671767Z  Cgroup Driver: systemd
2025-11-23T10:31:29.8672219Z  Cgroup Version: 2
2025-11-23T10:31:29.8672641Z  Plugins:
2025-11-23T10:31:29.8672973Z   Volume: local
2025-11-23T10:31:29.8673557Z   Network: bridge host ipvlan macvlan null overlay
2025-11-23T10:31:29.8674328Z   Log: awslogs fluentd gcplogs gelf journald json-file local splunk syslog
2025-11-23T10:31:29.8675338Z  Swarm: inactive
2025-11-23T10:31:29.8675886Z  Runtimes: io.containerd.runc.v2 runc
2025-11-23T10:31:29.8676403Z  Default Runtime: runc
2025-11-23T10:31:29.8676896Z  Init Binary: docker-init
2025-11-23T10:31:29.8677279Z  containerd version: fcd43222d6b07379a4be9786bda52438f0dd16a1
2025-11-23T10:31:29.8677767Z  runc version: v1.3.3-0-gd842d771
2025-11-23T10:31:29.8678083Z  init version: de40ad0
2025-11-23T10:31:29.8678309Z  Security Options:
2025-11-23T10:31:29.8678630Z   apparmor
2025-11-23T10:31:29.8678837Z   seccomp
2025-11-23T10:31:29.8679103Z    Profile: builtin
2025-11-23T10:31:29.8679389Z   cgroupns
2025-11-23T10:31:29.8679656Z  Kernel Version: 6.11.0-1018-azure
2025-11-23T10:31:29.8679942Z  Operating System: Ubuntu 24.04.3 LTS
2025-11-23T10:31:29.8680298Z  OSType: linux
2025-11-23T10:31:29.8680524Z  Architecture: x86_64
2025-11-23T10:31:29.8680830Z  CPUs: 4
2025-11-23T10:31:29.8681267Z  Total Memory: 15.62GiB
2025-11-23T10:31:29.8681857Z  Name: runnervmg1sw1
2025-11-23T10:31:29.8682308Z  ID: 25309008-d3b6-4795-9b53-5704e2dd5a06
2025-11-23T10:31:29.8682750Z  Docker Root Dir: /var/lib/docker
2025-11-23T10:31:29.8683078Z  Debug Mode: false
2025-11-23T10:31:29.8683355Z  Username: githubactions
2025-11-23T10:31:29.8683879Z  Experimental: false
2025-11-23T10:31:29.8684136Z  Insecure Registries:
2025-11-23T10:31:29.8684431Z   ::1/128
2025-11-23T10:31:29.8684694Z   127.0.0.0/8
2025-11-23T10:31:29.8684975Z  Live Restore Enabled: false
2025-11-23T10:31:29.8685141Z 
2025-11-23T10:31:29.8686057Z ##[endgroup]
2025-11-23T10:31:29.9616421Z ##[group]Buildx version
2025-11-23T10:31:29.9639017Z [command]/usr/bin/docker buildx version
2025-11-23T10:31:30.0161031Z github.com/docker/buildx v0.29.1 a32761aeb3debd39be1eca514af3693af0db334b
2025-11-23T10:31:30.0192199Z ##[endgroup]
2025-11-23T10:31:30.0342823Z ##[group]Inspecting default docker context
2025-11-23T10:31:30.0486992Z [
2025-11-23T10:31:30.0487401Z   {
2025-11-23T10:31:30.0487738Z     "Name": "default",
2025-11-23T10:31:30.0488389Z     "Metadata": {},
2025-11-23T10:31:30.0488897Z     "Endpoints": {
2025-11-23T10:31:30.0489287Z       "docker": {
2025-11-23T10:31:30.0489950Z         "Host": "unix:///var/run/docker.sock",
2025-11-23T10:31:30.0490516Z         "SkipTLSVerify": false
2025-11-23T10:31:30.0491056Z       }
2025-11-23T10:31:30.0491756Z     },
2025-11-23T10:31:30.0492181Z     "TLSMaterial": {},
2025-11-23T10:31:30.0492644Z     "Storage": {
2025-11-23T10:31:30.0493327Z       "MetadataPath": "<IN MEMORY>",
2025-11-23T10:31:30.0493888Z       "TLSPath": "<IN MEMORY>"
2025-11-23T10:31:30.0494435Z     }
2025-11-23T10:31:30.0527879Z   }
2025-11-23T10:31:30.0528187Z ]
2025-11-23T10:31:30.0528760Z ##[endgroup]
2025-11-23T10:31:30.0529316Z ##[group]Creating a new builder instance
2025-11-23T10:31:30.1814909Z [command]/usr/bin/docker buildx create --name builder-a7766ce1-eafd-4374-a583-ea3de53f94d7 --driver docker-container --buildkitd-flags --allow-insecure-entitlement security.insecure --allow-insecure-entitlement network.host --use
2025-11-23T10:31:30.2824081Z builder-a7766ce1-eafd-4374-a583-ea3de53f94d7
2025-11-23T10:31:30.2860642Z ##[endgroup]
2025-11-23T10:31:30.2861219Z ##[group]Booting builder
2025-11-23T10:31:30.2889523Z [command]/usr/bin/docker buildx inspect --bootstrap --builder builder-a7766ce1-eafd-4374-a583-ea3de53f94d7
2025-11-23T10:31:30.3438398Z #1 [internal] booting buildkit
2025-11-23T10:31:30.4945096Z #1 pulling image moby/buildkit:buildx-stable-1
2025-11-23T10:31:33.4578725Z #1 pulling image moby/buildkit:buildx-stable-1 3.1s done
2025-11-23T10:31:33.6091927Z #1 creating container buildx_buildkit_builder-a7766ce1-eafd-4374-a583-ea3de53f94d70
2025-11-23T10:31:33.8105847Z #1 creating container buildx_buildkit_builder-a7766ce1-eafd-4374-a583-ea3de53f94d70 0.4s done
2025-11-23T10:31:33.8178564Z #1 DONE 3.5s
2025-11-23T10:31:33.8441344Z Name:          builder-a7766ce1-eafd-4374-a583-ea3de53f94d7
2025-11-23T10:31:33.8445378Z Driver:        docker-container
2025-11-23T10:31:33.8445977Z Last Activity: 2025-11-23 10:31:30 +0000 UTC
2025-11-23T10:31:33.8446285Z 
2025-11-23T10:31:33.8446714Z Nodes:
2025-11-23T10:31:33.8447127Z Name:                  builder-a7766ce1-eafd-4374-a583-ea3de53f94d70
2025-11-23T10:31:33.8447666Z Endpoint:              unix:///var/run/docker.sock
2025-11-23T10:31:33.8448134Z Status:                running
2025-11-23T10:31:33.8448925Z BuildKit daemon flags: --allow-insecure-entitlement security.insecure --allow-insecure-entitlement network.host
2025-11-23T10:31:33.8449634Z BuildKit version:      v0.26.2
2025-11-23T10:31:33.8450361Z Platforms:             linux/amd64, linux/amd64/v2, linux/amd64/v3, linux/arm64, linux/riscv64, linux/ppc64le, linux/s390x, linux/386, linux/mips64le, linux/mips64, linux/loong64, linux/arm/v7, linux/arm/v6
2025-11-23T10:31:33.8451069Z Labels:
2025-11-23T10:31:33.8451308Z  org.mobyproject.buildkit.worker.executor:         oci
2025-11-23T10:31:33.8451934Z  org.mobyproject.buildkit.worker.hostname:         e482e14c84ca
2025-11-23T10:31:33.8452328Z  org.mobyproject.buildkit.worker.network:          host
2025-11-23T10:31:33.8452709Z  org.mobyproject.buildkit.worker.oci.process-mode: sandbox
2025-11-23T10:31:33.8453271Z  org.mobyproject.buildkit.worker.selinux.enabled:  false
2025-11-23T10:31:33.8453668Z  org.mobyproject.buildkit.worker.snapshotter:      overlayfs
2025-11-23T10:31:33.8454172Z GC Policy rule#0:
2025-11-23T10:31:33.8454364Z  All:            false
2025-11-23T10:31:33.8454674Z  Filters:        type==source.local,type==exec.cachemount,type==source.git.checkout
2025-11-23T10:31:33.8455035Z  Keep Duration:  48h0m0s
2025-11-23T10:31:33.8455236Z  Max Used Space: 488.3MiB
2025-11-23T10:31:33.8455438Z GC Policy rule#1:
2025-11-23T10:31:33.8455617Z  All:            false
2025-11-23T10:31:33.8455799Z  Keep Duration:  1440h0m0s
2025-11-23T10:31:33.8456001Z  Reserved Space: 7.451GiB
2025-11-23T10:31:33.8456191Z  Max Used Space: 54.02GiB
2025-11-23T10:31:33.8456400Z  Min Free Space: 13.97GiB
2025-11-23T10:31:33.8456588Z GC Policy rule#2:
2025-11-23T10:31:33.8456753Z  All:            false
2025-11-23T10:31:33.8456940Z  Reserved Space: 7.451GiB
2025-11-23T10:31:33.8457129Z  Max Used Space: 54.02GiB
2025-11-23T10:31:33.8457319Z  Min Free Space: 13.97GiB
2025-11-23T10:31:33.8457501Z GC Policy rule#3:
2025-11-23T10:31:33.8457673Z  All:            true
2025-11-23T10:31:33.8457851Z  Reserved Space: 7.451GiB
2025-11-23T10:31:33.8458042Z  Max Used Space: 54.02GiB
2025-11-23T10:31:33.8458224Z  Min Free Space: 13.97GiB
2025-11-23T10:31:33.8488107Z ##[endgroup]
2025-11-23T10:31:33.9415786Z ##[group]Inspect builder
2025-11-23T10:31:33.9418312Z {
2025-11-23T10:31:33.9418618Z   "nodes": [
2025-11-23T10:31:33.9418917Z     {
2025-11-23T10:31:33.9419307Z       "name": "builder-a7766ce1-eafd-4374-a583-ea3de53f94d70",
2025-11-23T10:31:33.9419905Z       "endpoint": "unix:///var/run/docker.sock",
2025-11-23T10:31:33.9420398Z       "status": "running",
2025-11-23T10:31:33.9421239Z       "buildkitd-flags": "--allow-insecure-entitlement security.insecure --allow-insecure-entitlement network.host",
2025-11-23T10:31:33.9422612Z       "buildkit": "v0.26.2",
2025-11-23T10:31:33.9423924Z       "platforms": "linux/amd64,linux/amd64/v2,linux/amd64/v3,linux/arm64,linux/riscv64,linux/ppc64le,linux/s390x,linux/386,linux/mips64le,linux/mips64,linux/loong64,linux/arm/v7,linux/arm/v6",
2025-11-23T10:31:33.9425255Z       "features": {
2025-11-23T10:31:33.9425786Z         "Automatically load images to the Docker Engine image store": true,
2025-11-23T10:31:33.9426419Z         "Cache export": true,
2025-11-23T10:31:33.9426834Z         "Direct push": true,
2025-11-23T10:31:33.9427213Z         "Docker exporter": true,
2025-11-23T10:31:33.9427645Z         "Multi-platform build": true,
2025-11-23T10:31:33.9428031Z         "OCI exporter": true
2025-11-23T10:31:33.9428358Z       },
2025-11-23T10:31:33.9428612Z       "labels": {
2025-11-23T10:31:33.9428996Z         "org.mobyproject.buildkit.worker.executor": "oci",
2025-11-23T10:31:33.9429563Z         "org.mobyproject.buildkit.worker.hostname": "e482e14c84ca",
2025-11-23T10:31:33.9430125Z         "org.mobyproject.buildkit.worker.network": "host",
2025-11-23T10:31:33.9431042Z         "org.mobyproject.buildkit.worker.oci.process-mode": "sandbox",
2025-11-23T10:31:33.9431988Z         "org.mobyproject.buildkit.worker.selinux.enabled": "false",
2025-11-23T10:31:33.9432671Z         "org.mobyproject.buildkit.worker.snapshotter": "overlayfs"
2025-11-23T10:31:33.9433137Z       },
2025-11-23T10:31:33.9433390Z       "gcPolicy": [
2025-11-23T10:31:33.9433666Z         {
2025-11-23T10:31:33.9433920Z           "all": false,
2025-11-23T10:31:33.9434212Z           "filter": [
2025-11-23T10:31:33.9434538Z             "type==source.local",
2025-11-23T10:31:33.9434909Z             "type==exec.cachemount",
2025-11-23T10:31:33.9435318Z             "type==source.git.checkout"
2025-11-23T10:31:33.9435695Z           ],
2025-11-23T10:31:33.9435985Z           "keepDuration": "48h0m0s",
2025-11-23T10:31:33.9436372Z           "maxUsedSpace": "488.3MiB"
2025-11-23T10:31:33.9436723Z         },
2025-11-23T10:31:33.9436992Z         {
2025-11-23T10:31:33.9437260Z           "all": false,
2025-11-23T10:31:33.9437592Z           "keepDuration": "1440h0m0s",
2025-11-23T10:31:33.9437987Z           "reservedSpace": "7.451GiB",
2025-11-23T10:31:33.9438380Z           "maxUsedSpace": "54.02GiB",
2025-11-23T10:31:33.9439000Z           "minFreeSpace": "13.97GiB"
2025-11-23T10:31:33.9439367Z         },
2025-11-23T10:31:33.9439624Z         {
2025-11-23T10:31:33.9439876Z           "all": false,
2025-11-23T10:31:33.9440200Z           "reservedSpace": "7.451GiB",
2025-11-23T10:31:33.9440586Z           "maxUsedSpace": "54.02GiB",
2025-11-23T10:31:33.9440973Z           "minFreeSpace": "13.97GiB"
2025-11-23T10:31:33.9441325Z         },
2025-11-23T10:31:33.9441757Z         {
2025-11-23T10:31:33.9442010Z           "all": true,
2025-11-23T10:31:33.9442353Z           "reservedSpace": "7.451GiB",
2025-11-23T10:31:33.9442736Z           "maxUsedSpace": "54.02GiB",
2025-11-23T10:31:33.9443121Z           "minFreeSpace": "13.97GiB"
2025-11-23T10:31:33.9443477Z         }
2025-11-23T10:31:33.9443722Z       ]
2025-11-23T10:31:33.9443981Z     }
2025-11-23T10:31:33.9444217Z   ],
2025-11-23T10:31:33.9444573Z   "name": "builder-a7766ce1-eafd-4374-a583-ea3de53f94d7",
2025-11-23T10:31:33.9445058Z   "driver": "docker-container",
2025-11-23T10:31:33.9445466Z   "lastActivity": "2025-11-23T10:31:30.000Z"
2025-11-23T10:31:33.9445845Z }
2025-11-23T10:31:33.9446342Z ##[endgroup]
2025-11-23T10:31:33.9446991Z ##[group]BuildKit version
2025-11-23T10:31:33.9447447Z builder-a7766ce1-eafd-4374-a583-ea3de53f94d70: v0.26.2
2025-11-23T10:31:33.9448113Z ##[endgroup]
2025-11-23T10:31:33.9562084Z ##[group]Run docker/login-action@v3
2025-11-23T10:31:33.9562371Z with:
2025-11-23T10:31:33.9562539Z   registry: ghcr.io
2025-11-23T10:31:33.9562724Z   username: krzycuh
2025-11-23T10:31:33.9563102Z   password: ***
2025-11-23T10:31:33.9563278Z   logout: true
2025-11-23T10:31:33.9563452Z env:
2025-11-23T10:31:33.9563599Z   REGISTRY: ghcr.io
2025-11-23T10:31:33.9563800Z   IMAGE_NAME: krzycuh/kma-poker-stats
2025-11-23T10:31:33.9564033Z ##[endgroup]
2025-11-23T10:31:34.2553614Z Logging into ghcr.io...
2025-11-23T10:31:34.7259311Z Login Succeeded!
2025-11-23T10:31:34.7427903Z ##[group]Run docker/metadata-action@v5
2025-11-23T10:31:34.7428191Z with:
2025-11-23T10:31:34.7428427Z   images: ghcr.io/krzycuh/kma-poker-stats/backend
2025-11-23T10:31:34.7428908Z   tags: type=semver,pattern={{version}}
type=semver,pattern={{major}}.{{minor}}
type=ref,event=branch
type=sha

2025-11-23T10:31:34.7429337Z   context: workflow
2025-11-23T10:31:34.7429627Z   github-token: ***
2025-11-23T10:31:34.7429804Z env:
2025-11-23T10:31:34.7429955Z   REGISTRY: ghcr.io
2025-11-23T10:31:34.7430150Z   IMAGE_NAME: krzycuh/kma-poker-stats
2025-11-23T10:31:34.7430378Z ##[endgroup]
2025-11-23T10:31:35.8103270Z ##[group]Context info
2025-11-23T10:31:35.8103700Z eventName: workflow_dispatch
2025-11-23T10:31:35.8104156Z sha: 2d052c8193d0fc580a315887d6011af763f8108a
2025-11-23T10:31:35.8104562Z ref: refs/heads/main
2025-11-23T10:31:35.8104882Z workflow: Deploy to Production
2025-11-23T10:31:35.8105216Z action: meta-backend
2025-11-23T10:31:35.8105508Z actor: krzycuh
2025-11-23T10:31:35.8105852Z runNumber: 8
2025-11-23T10:31:35.8106114Z runId: 19609830166
2025-11-23T10:31:35.8106940Z commitDate: Sun Nov 23 2025 09:23:48 GMT+0000 (Coordinated Universal Time)
2025-11-23T10:31:35.8109702Z ##[endgroup]
2025-11-23T10:31:35.8116001Z ##[group]Processing images input
2025-11-23T10:31:35.8116711Z name=ghcr.io/krzycuh/kma-poker-stats/backend,enable=true
2025-11-23T10:31:35.8117252Z ##[endgroup]
2025-11-23T10:31:35.8127890Z ##[group]Processing tags input
2025-11-23T10:31:35.8128445Z type=semver,pattern={{version}},value=,match=,enable=true,priority=900
2025-11-23T10:31:35.8128964Z type=semver,pattern={{major}}.{{minor}},value=,match=,enable=true,priority=900
2025-11-23T10:31:35.8129521Z type=ref,event=branch,enable=true,priority=600
2025-11-23T10:31:35.8130221Z type=sha,prefix=sha-,format=short,enable=true,priority=100
2025-11-23T10:31:35.8130831Z ##[endgroup]
2025-11-23T10:31:35.8132823Z ##[group]Processing flavor input
2025-11-23T10:31:35.8133249Z latest=auto
2025-11-23T10:31:35.8133716Z prefix=
2025-11-23T10:31:35.8134157Z prefixLatest=false
2025-11-23T10:31:35.8134603Z suffix=
2025-11-23T10:31:35.8135657Z suffixLatest=false
2025-11-23T10:31:35.8136468Z ##[endgroup]
2025-11-23T10:31:35.8177733Z ##[group]Docker image version
2025-11-23T10:31:35.8178140Z main
2025-11-23T10:31:35.8178638Z ##[endgroup]
2025-11-23T10:31:35.8183964Z ##[group]Docker tags
2025-11-23T10:31:35.8184414Z ghcr.io/krzycuh/kma-poker-stats/backend:main
2025-11-23T10:31:35.8184982Z ghcr.io/krzycuh/kma-poker-stats/backend:sha-2d052c8
2025-11-23T10:31:35.8185666Z ##[endgroup]
2025-11-23T10:31:35.8264481Z ##[group]Docker labels
2025-11-23T10:31:35.8265667Z org.opencontainers.image.created=2025-11-23T10:31:35.813Z
2025-11-23T10:31:35.8266291Z org.opencontainers.image.description=
2025-11-23T10:31:35.8266791Z org.opencontainers.image.licenses=
2025-11-23T10:31:35.8267450Z org.opencontainers.image.revision=2d052c8193d0fc580a315887d6011af763f8108a
2025-11-23T10:31:35.8268392Z org.opencontainers.image.source=https://github.com/krzycuh/kma-poker-stats
2025-11-23T10:31:35.8269147Z org.opencontainers.image.title=kma-poker-stats
2025-11-23T10:31:35.8269889Z org.opencontainers.image.url=https://github.com/krzycuh/kma-poker-stats
2025-11-23T10:31:35.8270601Z org.opencontainers.image.version=main
2025-11-23T10:31:35.8271318Z ##[endgroup]
2025-11-23T10:31:35.8272071Z ##[group]Annotations
2025-11-23T10:31:35.8272591Z manifest:org.opencontainers.image.created=2025-11-23T10:31:35.813Z
2025-11-23T10:31:35.8273286Z manifest:org.opencontainers.image.description=
2025-11-23T10:31:35.8273847Z manifest:org.opencontainers.image.licenses=
2025-11-23T10:31:35.8274585Z manifest:org.opencontainers.image.revision=2d052c8193d0fc580a315887d6011af763f8108a
2025-11-23T10:31:35.8275583Z manifest:org.opencontainers.image.source=https://github.com/krzycuh/kma-poker-stats
2025-11-23T10:31:35.8276446Z manifest:org.opencontainers.image.title=kma-poker-stats
2025-11-23T10:31:35.8277273Z manifest:org.opencontainers.image.url=https://github.com/krzycuh/kma-poker-stats
2025-11-23T10:31:35.8278609Z manifest:org.opencontainers.image.version=main
2025-11-23T10:31:35.8279414Z ##[endgroup]
2025-11-23T10:31:35.8280007Z ##[group]JSON output
2025-11-23T10:31:35.8280343Z {
2025-11-23T10:31:35.8280616Z   "tags": [
2025-11-23T10:31:35.8280979Z     "ghcr.io/krzycuh/kma-poker-stats/backend:main",
2025-11-23T10:31:35.8281819Z     "ghcr.io/krzycuh/kma-poker-stats/backend:sha-2d052c8"
2025-11-23T10:31:35.8282304Z   ],
2025-11-23T10:31:35.8282581Z   "tag-names": [
2025-11-23T10:31:35.8282877Z     "main",
2025-11-23T10:31:35.8283147Z     "sha-2d052c8"
2025-11-23T10:31:35.8283400Z   ],
2025-11-23T10:31:35.8283662Z   "labels": {
2025-11-23T10:31:35.8284134Z     "org.opencontainers.image.created": "2025-11-23T10:31:35.813Z",
2025-11-23T10:31:35.8284778Z     "org.opencontainers.image.description": "",
2025-11-23T10:31:35.8285325Z     "org.opencontainers.image.licenses": "",
2025-11-23T10:31:35.8286022Z     "org.opencontainers.image.revision": "2d052c8193d0fc580a315887d6011af763f8108a",
2025-11-23T10:31:35.8286985Z     "org.opencontainers.image.source": "https://github.com/krzycuh/kma-poker-stats",
2025-11-23T10:31:35.8287799Z     "org.opencontainers.image.title": "kma-poker-stats",
2025-11-23T10:31:35.8288548Z     "org.opencontainers.image.url": "https://github.com/krzycuh/kma-poker-stats",
2025-11-23T10:31:35.8289286Z     "org.opencontainers.image.version": "main"
2025-11-23T10:31:35.8289760Z   },
2025-11-23T10:31:35.8290053Z   "annotations": [
2025-11-23T10:31:35.8290570Z     "manifest:org.opencontainers.image.created=2025-11-23T10:31:35.813Z",
2025-11-23T10:31:35.8291295Z     "manifest:org.opencontainers.image.description=",
2025-11-23T10:31:35.8292345Z     "manifest:org.opencontainers.image.licenses=",
2025-11-23T10:31:35.8293137Z     "manifest:org.opencontainers.image.revision=2d052c8193d0fc580a315887d6011af763f8108a",
2025-11-23T10:31:35.8294155Z     "manifest:org.opencontainers.image.source=https://github.com/krzycuh/kma-poker-stats",
2025-11-23T10:31:35.8295074Z     "manifest:org.opencontainers.image.title=kma-poker-stats",
2025-11-23T10:31:35.8295916Z     "manifest:org.opencontainers.image.url=https://github.com/krzycuh/kma-poker-stats",
2025-11-23T10:31:35.8296964Z     "manifest:org.opencontainers.image.version=main"
2025-11-23T10:31:35.8297453Z   ]
2025-11-23T10:31:35.8297709Z }
2025-11-23T10:31:35.8298256Z ##[endgroup]
2025-11-23T10:31:35.8298810Z ##[group]Bake file definition (tags)
2025-11-23T10:31:35.8299211Z {
2025-11-23T10:31:35.8299475Z   "target": {
2025-11-23T10:31:35.8299806Z     "docker-metadata-action": {
2025-11-23T10:31:35.8300183Z       "tags": [
2025-11-23T10:31:35.8300579Z         "ghcr.io/krzycuh/kma-poker-stats/backend:main",
2025-11-23T10:31:35.8301141Z         "ghcr.io/krzycuh/kma-poker-stats/backend:sha-2d052c8"
2025-11-23T10:31:35.8301799Z       ],
2025-11-23T10:31:35.8302019Z       "args": {
2025-11-23T10:31:35.8302438Z         "DOCKER_META_IMAGES": "ghcr.io/krzycuh/kma-poker-stats/backend",
2025-11-23T10:31:35.8302987Z         "DOCKER_META_VERSION": "main"
2025-11-23T10:31:35.8303365Z       }
2025-11-23T10:31:35.8303603Z     }
2025-11-23T10:31:35.8303841Z   }
2025-11-23T10:31:35.8304079Z }
2025-11-23T10:31:35.8304489Z ##[endgroup]
2025-11-23T10:31:35.8304938Z ##[group]Bake file definition (labels)
2025-11-23T10:31:35.8305300Z {
2025-11-23T10:31:35.8305532Z   "target": {
2025-11-23T10:31:35.8305829Z     "docker-metadata-action": {
2025-11-23T10:31:35.8306151Z       "labels": {
2025-11-23T10:31:35.8306542Z         "org.opencontainers.image.created": "2025-11-23T10:31:35.813Z",
2025-11-23T10:31:35.8307076Z         "org.opencontainers.image.description": "",
2025-11-23T10:31:35.8307517Z         "org.opencontainers.image.licenses": "",
2025-11-23T10:31:35.8308102Z         "org.opencontainers.image.revision": "2d052c8193d0fc580a315887d6011af763f8108a",
2025-11-23T10:31:35.8308923Z         "org.opencontainers.image.source": "https://github.com/krzycuh/kma-poker-stats",
2025-11-23T10:31:35.8309596Z         "org.opencontainers.image.title": "kma-poker-stats",
2025-11-23T10:31:35.8310490Z         "org.opencontainers.image.url": "https://github.com/krzycuh/kma-poker-stats",
2025-11-23T10:31:35.8311136Z         "org.opencontainers.image.version": "main"
2025-11-23T10:31:35.8311727Z       }
2025-11-23T10:31:35.8311976Z     }
2025-11-23T10:31:35.8312208Z   }
2025-11-23T10:31:35.8312419Z }
2025-11-23T10:31:35.8312850Z ##[endgroup]
2025-11-23T10:31:35.8313345Z ##[group]Bake file definition (annotations)
2025-11-23T10:31:35.8313724Z {
2025-11-23T10:31:35.8313948Z   "target": {
2025-11-23T10:31:35.8314225Z     "docker-metadata-action": {
2025-11-23T10:31:35.8314568Z       "annotations": [
2025-11-23T10:31:35.8315024Z         "manifest:org.opencontainers.image.created=2025-11-23T10:31:35.813Z",
2025-11-23T10:31:35.8315675Z         "manifest:org.opencontainers.image.description=",
2025-11-23T10:31:35.8316219Z         "manifest:org.opencontainers.image.licenses=",
2025-11-23T10:31:35.8316932Z         "manifest:org.opencontainers.image.revision=2d052c8193d0fc580a315887d6011af763f8108a",
2025-11-23T10:31:35.8317973Z         "manifest:org.opencontainers.image.source=https://github.com/krzycuh/kma-poker-stats",
2025-11-23T10:31:35.8318637Z         "manifest:org.opencontainers.image.title=kma-poker-stats",
2025-11-23T10:31:35.8319142Z         "manifest:org.opencontainers.image.url=https://github.com/krzycuh/kma-poker-stats",
2025-11-23T10:31:35.8319932Z         "manifest:org.opencontainers.image.version=main"
2025-11-23T10:31:35.8320347Z       ]
2025-11-23T10:31:35.8320556Z     }
2025-11-23T10:31:35.8320798Z   }
2025-11-23T10:31:35.8321025Z }
2025-11-23T10:31:35.8321633Z ##[endgroup]
2025-11-23T10:31:35.8485059Z ##[group]Run docker/metadata-action@v5
2025-11-23T10:31:35.8485331Z with:
2025-11-23T10:31:35.8485545Z   images: ghcr.io/krzycuh/kma-poker-stats/frontend
2025-11-23T10:31:35.8486037Z   tags: type=semver,pattern={{version}}
type=semver,pattern={{major}}.{{minor}}
type=ref,event=branch
type=sha

2025-11-23T10:31:35.8486475Z   context: workflow
2025-11-23T10:31:35.8486781Z   github-token: ***
2025-11-23T10:31:35.8486952Z env:
2025-11-23T10:31:35.8487105Z   REGISTRY: ghcr.io
2025-11-23T10:31:35.8487296Z   IMAGE_NAME: krzycuh/kma-poker-stats
2025-11-23T10:31:35.8487724Z   DOCKER_METADATA_OUTPUT_VERSION: main
2025-11-23T10:31:35.8488258Z   DOCKER_METADATA_OUTPUT_TAGS: ghcr.io/krzycuh/kma-poker-stats/backend:main
ghcr.io/krzycuh/kma-poker-stats/backend:sha-2d052c8
2025-11-23T10:31:35.8488815Z   DOCKER_METADATA_OUTPUT_TAG_NAMES: main
sha-2d052c8
2025-11-23T10:31:35.8490582Z   DOCKER_METADATA_OUTPUT_LABELS: org.opencontainers.image.created=2025-11-23T10:31:35.813Z
org.opencontainers.image.description=
org.opencontainers.image.licenses=
org.opencontainers.image.revision=2d052c8193d0fc580a315887d6011af763f8108a
org.opencontainers.image.source=https://github.com/krzycuh/kma-poker-stats
org.opencontainers.image.title=kma-poker-stats
org.opencontainers.image.url=https://github.com/krzycuh/kma-poker-stats
org.opencontainers.image.version=main
2025-11-23T10:31:35.8494172Z   DOCKER_METADATA_OUTPUT_ANNOTATIONS: manifest:org.opencontainers.image.created=2025-11-23T10:31:35.813Z
manifest:org.opencontainers.image.description=
manifest:org.opencontainers.image.licenses=
manifest:org.opencontainers.image.revision=2d052c8193d0fc580a315887d6011af763f8108a
manifest:org.opencontainers.image.source=https://github.com/krzycuh/kma-poker-stats
manifest:org.opencontainers.image.title=kma-poker-stats
manifest:org.opencontainers.image.url=https://github.com/krzycuh/kma-poker-stats
manifest:org.opencontainers.image.version=main
2025-11-23T10:31:35.8499841Z   DOCKER_METADATA_OUTPUT_JSON: {"tags":["ghcr.io/krzycuh/kma-poker-stats/backend:main","ghcr.io/krzycuh/kma-poker-stats/backend:sha-2d052c8"],"tag-names":["main","sha-2d052c8"],"labels":{"org.opencontainers.image.created":"2025-11-23T10:31:35.813Z","org.opencontainers.image.description":"","org.opencontainers.image.licenses":"","org.opencontainers.image.revision":"2d052c8193d0fc580a315887d6011af763f8108a","org.opencontainers.image.source":"https://github.com/krzycuh/kma-poker-stats","org.opencontainers.image.title":"kma-poker-stats","org.opencontainers.image.url":"https://github.com/krzycuh/kma-poker-stats","org.opencontainers.image.version":"main"},"annotations":["manifest:org.opencontainers.image.created=2025-11-23T10:31:35.813Z","manifest:org.opencontainers.image.description=","manifest:org.opencontainers.image.licenses=","manifest:org.opencontainers.image.revision=2d052c8193d0fc580a315887d6011af763f8108a","manifest:org.opencontainers.image.source=https://github.com/krzycuh/kma-poker-stats","manifest:org.opencontainers.image.title=kma-poker-stats","manifest:org.opencontainers.image.url=https://github.com/krzycuh/kma-poker-stats","manifest:org.opencontainers.image.version=main"]}
2025-11-23T10:31:35.8504381Z   DOCKER_METADATA_OUTPUT_BAKE_FILE_TAGS: /home/runner/work/_temp/docker-actions-toolkit-8nMCn7/docker-metadata-action-bake-tags.json
2025-11-23T10:31:35.8505229Z   DOCKER_METADATA_OUTPUT_BAKE_FILE_LABELS: /home/runner/work/_temp/docker-actions-toolkit-8nMCn7/docker-metadata-action-bake-labels.json
2025-11-23T10:31:35.8506126Z   DOCKER_METADATA_OUTPUT_BAKE_FILE_ANNOTATIONS: /home/runner/work/_temp/docker-actions-toolkit-8nMCn7/docker-metadata-action-bake-annotations.json
2025-11-23T10:31:35.8506981Z   DOCKER_METADATA_OUTPUT_BAKE_FILE: /home/runner/work/_temp/docker-actions-toolkit-8nMCn7/docker-metadata-action-bake.json
2025-11-23T10:31:35.8507612Z ##[endgroup]
2025-11-23T10:31:36.8424744Z ##[group]Context info
2025-11-23T10:31:36.8425114Z eventName: workflow_dispatch
2025-11-23T10:31:36.8425420Z sha: 2d052c8193d0fc580a315887d6011af763f8108a
2025-11-23T10:31:36.8426119Z ref: refs/heads/main
2025-11-23T10:31:36.8426342Z workflow: Deploy to Production
2025-11-23T10:31:36.8426572Z action: meta-frontend
2025-11-23T10:31:36.8426760Z actor: krzycuh
2025-11-23T10:31:36.8426939Z runNumber: 8
2025-11-23T10:31:36.8427113Z runId: 19609830166
2025-11-23T10:31:36.8428587Z commitDate: Sun Nov 23 2025 09:23:48 GMT+0000 (Coordinated Universal Time)
2025-11-23T10:31:36.8429783Z ##[endgroup]
2025-11-23T10:31:36.8437189Z ##[group]Processing images input
2025-11-23T10:31:36.8437768Z name=ghcr.io/krzycuh/kma-poker-stats/frontend,enable=true
2025-11-23T10:31:36.8438826Z ##[endgroup]
2025-11-23T10:31:36.8449229Z ##[group]Processing tags input
2025-11-23T10:31:36.8449848Z type=semver,pattern={{version}},value=,match=,enable=true,priority=900
2025-11-23T10:31:36.8450671Z type=semver,pattern={{major}}.{{minor}},value=,match=,enable=true,priority=900
2025-11-23T10:31:36.8451402Z type=ref,event=branch,enable=true,priority=600
2025-11-23T10:31:36.8452292Z type=sha,prefix=sha-,format=short,enable=true,priority=100
2025-11-23T10:31:36.8453254Z ##[endgroup]
2025-11-23T10:31:36.8453972Z ##[group]Processing flavor input
2025-11-23T10:31:36.8454396Z latest=auto
2025-11-23T10:31:36.8454690Z prefix=
2025-11-23T10:31:36.8454978Z prefixLatest=false
2025-11-23T10:31:36.8455310Z suffix=
2025-11-23T10:31:36.8455581Z suffixLatest=false
2025-11-23T10:31:36.8456116Z ##[endgroup]
2025-11-23T10:31:36.8499053Z ##[group]Docker image version
2025-11-23T10:31:36.8499461Z main
2025-11-23T10:31:36.8499974Z ##[endgroup]
2025-11-23T10:31:36.8505847Z ##[group]Docker tags
2025-11-23T10:31:36.8506318Z ghcr.io/krzycuh/kma-poker-stats/frontend:main
2025-11-23T10:31:36.8506938Z ghcr.io/krzycuh/kma-poker-stats/frontend:sha-2d052c8
2025-11-23T10:31:36.8507713Z ##[endgroup]
2025-11-23T10:31:36.8584423Z ##[group]Docker labels
2025-11-23T10:31:36.8585520Z org.opencontainers.image.created=2025-11-23T10:31:36.845Z
2025-11-23T10:31:36.8586142Z org.opencontainers.image.description=
2025-11-23T10:31:36.8586646Z org.opencontainers.image.licenses=
2025-11-23T10:31:36.8587344Z org.opencontainers.image.revision=2d052c8193d0fc580a315887d6011af763f8108a
2025-11-23T10:31:36.8588271Z org.opencontainers.image.source=https://github.com/krzycuh/kma-poker-stats
2025-11-23T10:31:36.8589058Z org.opencontainers.image.title=kma-poker-stats
2025-11-23T10:31:36.8589796Z org.opencontainers.image.url=https://github.com/krzycuh/kma-poker-stats
2025-11-23T10:31:36.8590528Z org.opencontainers.image.version=main
2025-11-23T10:31:36.8591264Z ##[endgroup]
2025-11-23T10:31:36.8592039Z ##[group]Annotations
2025-11-23T10:31:36.8592584Z manifest:org.opencontainers.image.created=2025-11-23T10:31:36.845Z
2025-11-23T10:31:36.8593297Z manifest:org.opencontainers.image.description=
2025-11-23T10:31:36.8593872Z manifest:org.opencontainers.image.licenses=
2025-11-23T10:31:36.8594632Z manifest:org.opencontainers.image.revision=2d052c8193d0fc580a315887d6011af763f8108a
2025-11-23T10:31:36.8595628Z manifest:org.opencontainers.image.source=https://github.com/krzycuh/kma-poker-stats
2025-11-23T10:31:36.8596503Z manifest:org.opencontainers.image.title=kma-poker-stats
2025-11-23T10:31:36.8597357Z manifest:org.opencontainers.image.url=https://github.com/krzycuh/kma-poker-stats
2025-11-23T10:31:36.8598155Z manifest:org.opencontainers.image.version=main
2025-11-23T10:31:36.8598902Z ##[endgroup]
2025-11-23T10:31:36.8599462Z ##[group]JSON output
2025-11-23T10:31:36.8599796Z {
2025-11-23T10:31:36.8600075Z   "tags": [
2025-11-23T10:31:36.8600463Z     "ghcr.io/krzycuh/kma-poker-stats/frontend:main",
2025-11-23T10:31:36.8601085Z     "ghcr.io/krzycuh/kma-poker-stats/frontend:sha-2d052c8"
2025-11-23T10:31:36.8601845Z   ],
2025-11-23T10:31:36.8602139Z   "tag-names": [
2025-11-23T10:31:36.8602468Z     "main",
2025-11-23T10:31:36.8602751Z     "sha-2d052c8"
2025-11-23T10:31:36.8603053Z   ],
2025-11-23T10:31:36.8603316Z   "labels": {
2025-11-23T10:31:36.8603751Z     "org.opencontainers.image.created": "2025-11-23T10:31:36.845Z",
2025-11-23T10:31:36.8604416Z     "org.opencontainers.image.description": "",
2025-11-23T10:31:36.8605350Z     "org.opencontainers.image.licenses": "",
2025-11-23T10:31:36.8606123Z     "org.opencontainers.image.revision": "2d052c8193d0fc580a315887d6011af763f8108a",
2025-11-23T10:31:36.8607108Z     "org.opencontainers.image.source": "https://github.com/krzycuh/kma-poker-stats",
2025-11-23T10:31:36.8607927Z     "org.opencontainers.image.title": "kma-poker-stats",
2025-11-23T10:31:36.8608700Z     "org.opencontainers.image.url": "https://github.com/krzycuh/kma-poker-stats",
2025-11-23T10:31:36.8609448Z     "org.opencontainers.image.version": "main"
2025-11-23T10:31:36.8610186Z   },
2025-11-23T10:31:36.8610483Z   "annotations": [
2025-11-23T10:31:36.8611009Z     "manifest:org.opencontainers.image.created=2025-11-23T10:31:36.845Z",
2025-11-23T10:31:36.8611979Z     "manifest:org.opencontainers.image.description=",
2025-11-23T10:31:36.8612592Z     "manifest:org.opencontainers.image.licenses=",
2025-11-23T10:31:36.8613385Z     "manifest:org.opencontainers.image.revision=2d052c8193d0fc580a315887d6011af763f8108a",
2025-11-23T10:31:36.8614441Z     "manifest:org.opencontainers.image.source=https://github.com/krzycuh/kma-poker-stats",
2025-11-23T10:31:36.8615327Z     "manifest:org.opencontainers.image.title=kma-poker-stats",
2025-11-23T10:31:36.8616189Z     "manifest:org.opencontainers.image.url=https://github.com/krzycuh/kma-poker-stats",
2025-11-23T10:31:36.8617003Z     "manifest:org.opencontainers.image.version=main"
2025-11-23T10:31:36.8617511Z   ]
2025-11-23T10:31:36.8617790Z }
2025-11-23T10:31:36.8618342Z ##[endgroup]
2025-11-23T10:31:36.8618932Z ##[group]Bake file definition (tags)
2025-11-23T10:31:36.8619350Z {
2025-11-23T10:31:36.8619619Z   "target": {
2025-11-23T10:31:36.8619956Z     "docker-metadata-action": {
2025-11-23T10:31:36.8620346Z       "tags": [
2025-11-23T10:31:36.8620766Z         "ghcr.io/krzycuh/kma-poker-stats/frontend:main",
2025-11-23T10:31:36.8621361Z         "ghcr.io/krzycuh/kma-poker-stats/frontend:sha-2d052c8"
2025-11-23T10:31:36.8622010Z       ],
2025-11-23T10:31:36.8622252Z       "args": {
2025-11-23T10:31:36.8622675Z         "DOCKER_META_IMAGES": "ghcr.io/krzycuh/kma-poker-stats/frontend",
2025-11-23T10:31:36.8623252Z         "DOCKER_META_VERSION": "main"
2025-11-23T10:31:36.8623616Z       }
2025-11-23T10:31:36.8623864Z     }
2025-11-23T10:31:36.8624111Z   }
2025-11-23T10:31:36.8624333Z }
2025-11-23T10:31:36.8624771Z ##[endgroup]
2025-11-23T10:31:36.8625220Z ##[group]Bake file definition (labels)
2025-11-23T10:31:36.8625573Z {
2025-11-23T10:31:36.8625793Z   "target": {
2025-11-23T10:31:36.8626053Z     "docker-metadata-action": {
2025-11-23T10:31:36.8626382Z       "labels": {
2025-11-23T10:31:36.8626756Z         "org.opencontainers.image.created": "2025-11-23T10:31:36.845Z",
2025-11-23T10:31:36.8627288Z         "org.opencontainers.image.description": "",
2025-11-23T10:31:36.8627729Z         "org.opencontainers.image.licenses": "",
2025-11-23T10:31:36.8628327Z         "org.opencontainers.image.revision": "2d052c8193d0fc580a315887d6011af763f8108a",
2025-11-23T10:31:36.8629154Z         "org.opencontainers.image.source": "https://github.com/krzycuh/kma-poker-stats",
2025-11-23T10:31:36.8629867Z         "org.opencontainers.image.title": "kma-poker-stats",
2025-11-23T10:31:36.8630582Z         "org.opencontainers.image.url": "https://github.com/krzycuh/kma-poker-stats",
2025-11-23T10:31:36.8631229Z         "org.opencontainers.image.version": "main"
2025-11-23T10:31:36.8631792Z       }
2025-11-23T10:31:36.8632004Z     }
2025-11-23T10:31:36.8632213Z   }
2025-11-23T10:31:36.8632410Z }
2025-11-23T10:31:36.8632802Z ##[endgroup]
2025-11-23T10:31:36.8633270Z ##[group]Bake file definition (annotations)
2025-11-23T10:31:36.8633644Z {
2025-11-23T10:31:36.8633870Z   "target": {
2025-11-23T10:31:36.8634152Z     "docker-metadata-action": {
2025-11-23T10:31:36.8634482Z       "annotations": [
2025-11-23T10:31:36.8634941Z         "manifest:org.opencontainers.image.created=2025-11-23T10:31:36.845Z",
2025-11-23T10:31:36.8635565Z         "manifest:org.opencontainers.image.description=",
2025-11-23T10:31:36.8636363Z         "manifest:org.opencontainers.image.licenses=",
2025-11-23T10:31:36.8650402Z         "manifest:org.opencontainers.image.revision=2d052c8193d0fc580a315887d6011af763f8108a",
2025-11-23T10:31:36.8651404Z         "manifest:org.opencontainers.image.source=https://github.com/krzycuh/kma-poker-stats",
2025-11-23T10:31:36.8652429Z         "manifest:org.opencontainers.image.title=kma-poker-stats",
2025-11-23T10:31:36.8653227Z         "manifest:org.opencontainers.image.url=https://github.com/krzycuh/kma-poker-stats",
2025-11-23T10:31:36.8654218Z         "manifest:org.opencontainers.image.version=main"
2025-11-23T10:31:36.8654668Z       ]
2025-11-23T10:31:36.8654909Z     }
2025-11-23T10:31:36.8655164Z   }
2025-11-23T10:31:36.8655390Z }
2025-11-23T10:31:36.8655876Z ##[endgroup]
2025-11-23T10:31:36.8804082Z ##[group]Run docker/build-push-action@v5
2025-11-23T10:31:36.8804372Z with:
2025-11-23T10:31:36.8804539Z   context: ./backend
2025-11-23T10:31:36.8804718Z   push: true
2025-11-23T10:31:36.8804904Z   platforms: linux/amd64,linux/arm64/v8
2025-11-23T10:31:36.8805366Z   tags: ghcr.io/krzycuh/kma-poker-stats/backend:main
ghcr.io/krzycuh/kma-poker-stats/backend:sha-2d052c8
2025-11-23T10:31:36.8807203Z   labels: org.opencontainers.image.created=2025-11-23T10:31:35.813Z
org.opencontainers.image.description=
org.opencontainers.image.licenses=
org.opencontainers.image.revision=2d052c8193d0fc580a315887d6011af763f8108a
org.opencontainers.image.source=https://github.com/krzycuh/kma-poker-stats
org.opencontainers.image.title=kma-poker-stats
org.opencontainers.image.url=https://github.com/krzycuh/kma-poker-stats
org.opencontainers.image.version=main
2025-11-23T10:31:36.8808847Z   cache-from: type=gha
2025-11-23T10:31:36.8809050Z   cache-to: type=gha,mode=max
2025-11-23T10:31:36.8809439Z   build-args: BUILD_DATE=
VCS_REF=2d052c8193d0fc580a315887d6011af763f8108a
VERSION=main

2025-11-23T10:31:36.8809794Z   load: false
2025-11-23T10:31:36.8809961Z   no-cache: false
2025-11-23T10:31:36.8810128Z   pull: false
2025-11-23T10:31:36.8810413Z   github-token: ***
2025-11-23T10:31:36.8810585Z env:
2025-11-23T10:31:36.8810742Z   REGISTRY: ghcr.io
2025-11-23T10:31:36.8810937Z   IMAGE_NAME: krzycuh/kma-poker-stats
2025-11-23T10:31:36.8811176Z   DOCKER_METADATA_OUTPUT_VERSION: main
2025-11-23T10:31:36.8811859Z   DOCKER_METADATA_OUTPUT_TAGS: ghcr.io/krzycuh/kma-poker-stats/frontend:main
ghcr.io/krzycuh/kma-poker-stats/frontend:sha-2d052c8
2025-11-23T10:31:36.8812410Z   DOCKER_METADATA_OUTPUT_TAG_NAMES: main
sha-2d052c8
2025-11-23T10:31:36.8814118Z   DOCKER_METADATA_OUTPUT_LABELS: org.opencontainers.image.created=2025-11-23T10:31:36.845Z
org.opencontainers.image.description=
org.opencontainers.image.licenses=
org.opencontainers.image.revision=2d052c8193d0fc580a315887d6011af763f8108a
org.opencontainers.image.source=https://github.com/krzycuh/kma-poker-stats
org.opencontainers.image.title=kma-poker-stats
org.opencontainers.image.url=https://github.com/krzycuh/kma-poker-stats
org.opencontainers.image.version=main
2025-11-23T10:31:36.8817450Z   DOCKER_METADATA_OUTPUT_ANNOTATIONS: manifest:org.opencontainers.image.created=2025-11-23T10:31:36.845Z
manifest:org.opencontainers.image.description=
manifest:org.opencontainers.image.licenses=
manifest:org.opencontainers.image.revision=2d052c8193d0fc580a315887d6011af763f8108a
manifest:org.opencontainers.image.source=https://github.com/krzycuh/kma-poker-stats
manifest:org.opencontainers.image.title=kma-poker-stats
manifest:org.opencontainers.image.url=https://github.com/krzycuh/kma-poker-stats
manifest:org.opencontainers.image.version=main
2025-11-23T10:31:36.8823134Z   DOCKER_METADATA_OUTPUT_JSON: {"tags":["ghcr.io/krzycuh/kma-poker-stats/frontend:main","ghcr.io/krzycuh/kma-poker-stats/frontend:sha-2d052c8"],"tag-names":["main","sha-2d052c8"],"labels":{"org.opencontainers.image.created":"2025-11-23T10:31:36.845Z","org.opencontainers.image.description":"","org.opencontainers.image.licenses":"","org.opencontainers.image.revision":"2d052c8193d0fc580a315887d6011af763f8108a","org.opencontainers.image.source":"https://github.com/krzycuh/kma-poker-stats","org.opencontainers.image.title":"kma-poker-stats","org.opencontainers.image.url":"https://github.com/krzycuh/kma-poker-stats","org.opencontainers.image.version":"main"},"annotations":["manifest:org.opencontainers.image.created=2025-11-23T10:31:36.845Z","manifest:org.opencontainers.image.description=","manifest:org.opencontainers.image.licenses=","manifest:org.opencontainers.image.revision=2d052c8193d0fc580a315887d6011af763f8108a","manifest:org.opencontainers.image.source=https://github.com/krzycuh/kma-poker-stats","manifest:org.opencontainers.image.title=kma-poker-stats","manifest:org.opencontainers.image.url=https://github.com/krzycuh/kma-poker-stats","manifest:org.opencontainers.image.version=main"]}
2025-11-23T10:31:36.8828062Z   DOCKER_METADATA_OUTPUT_BAKE_FILE_TAGS: /home/runner/work/_temp/docker-actions-toolkit-U0XQHg/docker-metadata-action-bake-tags.json
2025-11-23T10:31:36.8828934Z   DOCKER_METADATA_OUTPUT_BAKE_FILE_LABELS: /home/runner/work/_temp/docker-actions-toolkit-U0XQHg/docker-metadata-action-bake-labels.json
2025-11-23T10:31:36.8829825Z   DOCKER_METADATA_OUTPUT_BAKE_FILE_ANNOTATIONS: /home/runner/work/_temp/docker-actions-toolkit-U0XQHg/docker-metadata-action-bake-annotations.json
2025-11-23T10:31:36.8830673Z   DOCKER_METADATA_OUTPUT_BAKE_FILE: /home/runner/work/_temp/docker-actions-toolkit-U0XQHg/docker-metadata-action-bake.json
2025-11-23T10:31:36.8831164Z ##[endgroup]
2025-11-23T10:31:37.1091453Z ##[group]GitHub Actions runtime token ACs
2025-11-23T10:31:37.1103437Z refs/heads/main: read/write
2025-11-23T10:31:37.1104663Z ##[endgroup]
2025-11-23T10:31:37.1105216Z ##[group]Docker info
2025-11-23T10:31:37.1152208Z [command]/usr/bin/docker version
2025-11-23T10:31:37.1358407Z Client: Docker Engine - Community
2025-11-23T10:31:37.1372482Z  Version:           28.0.4
2025-11-23T10:31:37.1373135Z  API version:       1.48
2025-11-23T10:31:37.1373494Z  Go version:        go1.23.7
2025-11-23T10:31:37.1373849Z  Git commit:        b8034c0
2025-11-23T10:31:37.1374230Z  Built:             Tue Mar 25 15:07:16 2025
2025-11-23T10:31:37.1374631Z  OS/Arch:           linux/amd64
2025-11-23T10:31:37.1375008Z  Context:           default
2025-11-23T10:31:37.1375242Z 
2025-11-23T10:31:37.1375405Z Server: Docker Engine - Community
2025-11-23T10:31:37.1375801Z  Engine:
2025-11-23T10:31:37.1376103Z   Version:          28.0.4
2025-11-23T10:31:37.1376508Z   API version:      1.48 (minimum version 1.24)
2025-11-23T10:31:37.1376983Z   Go version:       go1.23.7
2025-11-23T10:31:37.1377352Z   Git commit:       6430e49
2025-11-23T10:31:37.1377742Z   Built:            Tue Mar 25 15:07:16 2025
2025-11-23T10:31:37.1378167Z   OS/Arch:          linux/amd64
2025-11-23T10:31:37.1378557Z   Experimental:     false
2025-11-23T10:31:37.1378915Z  containerd:
2025-11-23T10:31:37.1379242Z   Version:          v2.1.5
2025-11-23T10:31:37.1379677Z   GitCommit:        fcd43222d6b07379a4be9786bda52438f0dd16a1
2025-11-23T10:31:37.1380174Z  runc:
2025-11-23T10:31:37.1380475Z   Version:          1.3.3
2025-11-23T10:31:37.1380863Z   GitCommit:        v1.3.3-0-gd842d771
2025-11-23T10:31:37.1381263Z  docker-init:
2025-11-23T10:31:37.1381776Z   Version:          0.19.0
2025-11-23T10:31:37.1382127Z   GitCommit:        de40ad0
2025-11-23T10:31:37.1417718Z [command]/usr/bin/docker info
2025-11-23T10:31:37.2054228Z Client: Docker Engine - Community
2025-11-23T10:31:37.2054847Z  Version:    28.0.4
2025-11-23T10:31:37.2055327Z  Context:    default
2025-11-23T10:31:37.2055653Z  Debug Mode: false
2025-11-23T10:31:37.2055961Z  Plugins:
2025-11-23T10:31:37.2056275Z   buildx: Docker Buildx (Docker Inc.)
2025-11-23T10:31:37.2056706Z     Version:  v0.29.1
2025-11-23T10:31:37.2057111Z     Path:     /usr/libexec/docker/cli-plugins/docker-buildx
2025-11-23T10:31:37.2057631Z   compose: Docker Compose (Docker Inc.)
2025-11-23T10:31:37.2058022Z     Version:  v2.38.2
2025-11-23T10:31:37.2058419Z     Path:     /usr/libexec/docker/cli-plugins/docker-compose
2025-11-23T10:31:37.2058784Z 
2025-11-23T10:31:37.2058899Z Server:
2025-11-23T10:31:37.2059157Z  Containers: 1
2025-11-23T10:31:37.2059450Z   Running: 1
2025-11-23T10:31:37.2059718Z   Paused: 0
2025-11-23T10:31:37.2059984Z   Stopped: 0
2025-11-23T10:31:37.2060244Z  Images: 2
2025-11-23T10:31:37.2060518Z  Server Version: 28.0.4
2025-11-23T10:31:37.2060874Z  Storage Driver: overlay2
2025-11-23T10:31:37.2061207Z   Backing Filesystem: extfs
2025-11-23T10:31:37.2061428Z   Supports d_type: true
2025-11-23T10:31:37.2061847Z   Using metacopy: false
2025-11-23T10:31:37.2062054Z   Native Overlay Diff: false
2025-11-23T10:31:37.2062260Z   userxattr: false
2025-11-23T10:31:37.2062750Z  Logging Driver: json-file
2025-11-23T10:31:37.2062958Z  Cgroup Driver: systemd
2025-11-23T10:31:37.2063151Z  Cgroup Version: 2
2025-11-23T10:31:37.2063324Z  Plugins:
2025-11-23T10:31:37.2063636Z   Volume: local
2025-11-23T10:31:37.2063871Z   Network: bridge host ipvlan macvlan null overlay
2025-11-23T10:31:37.2064248Z   Log: awslogs fluentd gcplogs gelf journald json-file local splunk syslog
2025-11-23T10:31:37.2064581Z  Swarm: inactive
2025-11-23T10:31:37.2064781Z  Runtimes: io.containerd.runc.v2 runc
2025-11-23T10:31:37.2065026Z  Default Runtime: runc
2025-11-23T10:31:37.2065220Z  Init Binary: docker-init
2025-11-23T10:31:37.2065497Z  containerd version: fcd43222d6b07379a4be9786bda52438f0dd16a1
2025-11-23T10:31:37.2065869Z  runc version: v1.3.3-0-gd842d771
2025-11-23T10:31:37.2066278Z  init version: de40ad0
2025-11-23T10:31:37.2066511Z  Security Options:
2025-11-23T10:31:37.2066689Z   apparmor
2025-11-23T10:31:37.2066840Z   seccomp
2025-11-23T10:31:37.2066998Z    Profile: builtin
2025-11-23T10:31:37.2067184Z   cgroupns
2025-11-23T10:31:37.2067352Z  Kernel Version: 6.11.0-1018-azure
2025-11-23T10:31:37.2067586Z  Operating System: Ubuntu 24.04.3 LTS
2025-11-23T10:31:37.2067808Z  OSType: linux
2025-11-23T10:31:37.2067990Z  Architecture: x86_64
2025-11-23T10:31:37.2068165Z  CPUs: 4
2025-11-23T10:31:37.2068327Z  Total Memory: 15.62GiB
2025-11-23T10:31:37.2068513Z  Name: runnervmg1sw1
2025-11-23T10:31:37.2068711Z  ID: 25309008-d3b6-4795-9b53-5704e2dd5a06
2025-11-23T10:31:37.2068956Z  Docker Root Dir: /var/lib/docker
2025-11-23T10:31:37.2069176Z  Debug Mode: false
2025-11-23T10:31:37.2069351Z  Username: githubactions
2025-11-23T10:31:37.2069556Z  Experimental: false
2025-11-23T10:31:37.2069742Z  Insecure Registries:
2025-11-23T10:31:37.2069940Z   ::1/128
2025-11-23T10:31:37.2070127Z   127.0.0.0/8
2025-11-23T10:31:37.2070431Z  Live Restore Enabled: false
2025-11-23T10:31:37.2070668Z 
2025-11-23T10:31:37.2071086Z ##[endgroup]
2025-11-23T10:31:37.2071751Z ##[group]Proxy configuration
2025-11-23T10:31:37.2075344Z No proxy configuration found
2025-11-23T10:31:37.2075844Z ##[endgroup]
2025-11-23T10:31:37.2613189Z ##[group]Buildx version
2025-11-23T10:31:37.2639905Z [command]/usr/bin/docker buildx version
2025-11-23T10:31:37.3099339Z github.com/docker/buildx v0.29.1 a32761aeb3debd39be1eca514af3693af0db334b
2025-11-23T10:31:37.3132549Z ##[endgroup]
2025-11-23T10:31:37.3133111Z ##[group]Builder info
2025-11-23T10:31:37.4024784Z {
2025-11-23T10:31:37.4025707Z   "nodes": [
2025-11-23T10:31:37.4026034Z     {
2025-11-23T10:31:37.4026450Z       "name": "builder-a7766ce1-eafd-4374-a583-ea3de53f94d70",
2025-11-23T10:31:37.4027051Z       "endpoint": "unix:///var/run/docker.sock",
2025-11-23T10:31:37.4027517Z       "status": "running",
2025-11-23T10:31:37.4028344Z       "buildkitd-flags": "--allow-insecure-entitlement security.insecure --allow-insecure-entitlement network.host",
2025-11-23T10:31:37.4029161Z       "buildkit": "v0.26.2",
2025-11-23T10:31:37.4030399Z       "platforms": "linux/amd64,linux/amd64/v2,linux/amd64/v3,linux/arm64,linux/riscv64,linux/ppc64le,linux/s390x,linux/386,linux/mips64le,linux/mips64,linux/loong64,linux/arm/v7,linux/arm/v6",
2025-11-23T10:31:37.4031916Z       "features": {
2025-11-23T10:31:37.4032418Z         "Automatically load images to the Docker Engine image store": true,
2025-11-23T10:31:37.4033016Z         "Cache export": true,
2025-11-23T10:31:37.4033396Z         "Direct push": true,
2025-11-23T10:31:37.4033782Z         "Docker exporter": true,
2025-11-23T10:31:37.4034137Z         "Multi-platform build": true,
2025-11-23T10:31:37.4034545Z         "OCI exporter": true
2025-11-23T10:31:37.4034891Z       },
2025-11-23T10:31:37.4035183Z       "labels": {
2025-11-23T10:31:37.4035611Z         "org.mobyproject.buildkit.worker.executor": "oci",
2025-11-23T10:31:37.4036254Z         "org.mobyproject.buildkit.worker.hostname": "e482e14c84ca",
2025-11-23T10:31:37.4036903Z         "org.mobyproject.buildkit.worker.network": "host",
2025-11-23T10:31:37.4037583Z         "org.mobyproject.buildkit.worker.oci.process-mode": "sandbox",
2025-11-23T10:31:37.4038916Z         "org.mobyproject.buildkit.worker.selinux.enabled": "false",
2025-11-23T10:31:37.4039826Z         "org.mobyproject.buildkit.worker.snapshotter": "overlayfs"
2025-11-23T10:31:37.4040374Z       },
2025-11-23T10:31:37.4040639Z       "gcPolicy": [
2025-11-23T10:31:37.4040948Z         {
2025-11-23T10:31:37.4041237Z           "all": false,
2025-11-23T10:31:37.4041774Z           "filter": [
2025-11-23T10:31:37.4042124Z             "type==source.local",
2025-11-23T10:31:37.4042526Z             "type==exec.cachemount",
2025-11-23T10:31:37.4042953Z             "type==source.git.checkout"
2025-11-23T10:31:37.4043372Z           ],
2025-11-23T10:31:37.4043691Z           "keepDuration": "48h0m0s"
2025-11-23T10:31:37.4044068Z         },
2025-11-23T10:31:37.4044347Z         {
2025-11-23T10:31:37.4044623Z           "all": false,
2025-11-23T10:31:37.4044978Z           "keepDuration": "1440h0m0s"
2025-11-23T10:31:37.4045369Z         },
2025-11-23T10:31:37.4045638Z         {
2025-11-23T10:31:37.4045911Z           "all": false
2025-11-23T10:31:37.4046212Z         },
2025-11-23T10:31:37.4046483Z         {
2025-11-23T10:31:37.4046754Z           "all": true
2025-11-23T10:31:37.4047085Z         }
2025-11-23T10:31:37.4047345Z       ]
2025-11-23T10:31:37.4047609Z     }
2025-11-23T10:31:37.4047862Z   ],
2025-11-23T10:31:37.4048205Z   "name": "builder-a7766ce1-eafd-4374-a583-ea3de53f94d7",
2025-11-23T10:31:37.4048728Z   "driver": "docker-container",
2025-11-23T10:31:37.4049134Z   "lastActivity": "2025-11-23T10:31:30.000Z"
2025-11-23T10:31:37.4049551Z }
2025-11-23T10:31:37.4050136Z ##[endgroup]
2025-11-23T10:31:37.5493456Z [command]/usr/bin/docker buildx build --build-arg BUILD_DATE= --build-arg VCS_REF=2d052c8193d0fc580a315887d6011af763f8108a --build-arg VERSION=main --cache-from type=gha --cache-to type=gha,mode=max --iidfile /home/runner/work/_temp/docker-actions-toolkit-50ii1i/build-iidfile-90ede761fd.txt --label org.opencontainers.image.created=2025-11-23T10:31:35.813Z --label org.opencontainers.image.description= --label org.opencontainers.image.licenses= --label org.opencontainers.image.revision=2d052c8193d0fc580a315887d6011af763f8108a --label org.opencontainers.image.source=https://github.com/krzycuh/kma-poker-stats --label org.opencontainers.image.title=kma-poker-stats --label org.opencontainers.image.url=https://github.com/krzycuh/kma-poker-stats --label org.opencontainers.image.version=main --platform linux/amd64,linux/arm64/v8 --attest type=provenance,mode=max,builder-id=https://github.com/krzycuh/kma-poker-stats/actions/runs/19609830166 --tag ghcr.io/krzycuh/kma-poker-stats/backend:main --tag ghcr.io/krzycuh/kma-poker-stats/backend:sha-2d052c8 --metadata-file /home/runner/work/_temp/docker-actions-toolkit-50ii1i/build-metadata-97cf53ef0a.json --push ./backend
2025-11-23T10:31:37.8456448Z #0 building with "builder-a7766ce1-eafd-4374-a583-ea3de53f94d7" instance using docker-container driver
2025-11-23T10:31:37.8457311Z 
2025-11-23T10:31:37.8457550Z #1 [internal] load build definition from Dockerfile
2025-11-23T10:31:37.8458182Z #1 transferring dockerfile: 1.02kB done
2025-11-23T10:31:37.8458571Z #1 DONE 0.0s
2025-11-23T10:31:37.8458736Z 
2025-11-23T10:31:37.8459076Z #2 [linux/amd64 internal] load metadata for docker.io/library/gradle:8.7-jdk21
2025-11-23T10:31:38.0624847Z #2 ...
2025-11-23T10:31:38.0625086Z 
2025-11-23T10:31:38.0625281Z #3 [auth] library/gradle:pull token for registry-1.docker.io
2025-11-23T10:31:38.0625637Z #3 DONE 0.0s
2025-11-23T10:31:38.0625761Z 
2025-11-23T10:31:38.0625958Z #4 [auth] library/eclipse-temurin:pull token for registry-1.docker.io
2025-11-23T10:31:38.0626327Z #4 DONE 0.0s
2025-11-23T10:31:38.2120758Z 
2025-11-23T10:31:38.2121317Z #5 [linux/arm64 internal] load metadata for docker.io/library/eclipse-temurin:21-jre-jammy
2025-11-23T10:31:38.6190022Z #5 ...
2025-11-23T10:31:38.6190263Z 
2025-11-23T10:31:38.6190683Z #6 [linux/amd64 internal] load metadata for docker.io/library/eclipse-temurin:21-jre-jammy
2025-11-23T10:31:38.6191428Z #6 DONE 0.9s
2025-11-23T10:31:38.8583039Z 
2025-11-23T10:31:38.8583516Z #2 [linux/amd64 internal] load metadata for docker.io/library/gradle:8.7-jdk21
2025-11-23T10:31:38.8584121Z #2 DONE 0.9s
2025-11-23T10:31:38.8584308Z 
2025-11-23T10:31:38.8584768Z #7 [internal] load .dockerignore
2025-11-23T10:31:38.8585167Z #7 transferring context: 2B done
2025-11-23T10:31:38.8585529Z #7 DONE 0.0s
2025-11-23T10:31:38.8585688Z 
2025-11-23T10:31:38.8586086Z #5 [linux/arm64 internal] load metadata for docker.io/library/eclipse-temurin:21-jre-jammy
2025-11-23T10:31:38.8586727Z #5 DONE 0.9s
2025-11-23T10:31:38.8586886Z 
2025-11-23T10:31:38.8587210Z #8 [linux/arm64 internal] load metadata for docker.io/library/gradle:8.7-jdk21
2025-11-23T10:31:38.8587701Z #8 DONE 1.0s
2025-11-23T10:31:38.8587808Z 
2025-11-23T10:31:38.8587905Z #9 [internal] load build context
2025-11-23T10:31:38.8588133Z #9 DONE 0.0s
2025-11-23T10:31:38.8588240Z 
2025-11-23T10:31:38.8588681Z #10 [linux/arm64 builder 1/6] FROM docker.io/library/gradle:8.7-jdk21@sha256:afba668dbed80665ed2cee8b16010c51e9639be3424c3f897637701bdd89371b
2025-11-23T10:31:38.8589630Z #10 resolve docker.io/library/gradle:8.7-jdk21@sha256:afba668dbed80665ed2cee8b16010c51e9639be3424c3f897637701bdd89371b done
2025-11-23T10:31:38.8590193Z #10 DONE 0.0s
2025-11-23T10:31:38.8590305Z 
2025-11-23T10:31:38.8590796Z #11 [linux/arm64 stage-1 1/4] FROM docker.io/library/eclipse-temurin:21-jre-jammy@sha256:2843f155a9fe5aab6a73a71a9f65c38143e8e929366a1a7787f07c2a89c26887
2025-11-23T10:31:38.8591987Z #11 resolve docker.io/library/eclipse-temurin:21-jre-jammy@sha256:2843f155a9fe5aab6a73a71a9f65c38143e8e929366a1a7787f07c2a89c26887 done
2025-11-23T10:31:38.8592592Z #11 DONE 0.0s
2025-11-23T10:31:38.8592694Z 
2025-11-23T10:31:38.8592841Z #12 importing cache manifest from gha:10656624198822021673
2025-11-23T10:31:39.2568385Z #12 DONE 0.6s
2025-11-23T10:31:39.4093035Z 
2025-11-23T10:31:39.4094113Z #13 [linux/amd64 stage-1 1/4] FROM docker.io/library/eclipse-temurin:21-jre-jammy@sha256:2843f155a9fe5aab6a73a71a9f65c38143e8e929366a1a7787f07c2a89c26887
2025-11-23T10:31:39.4095858Z #13 resolve docker.io/library/eclipse-temurin:21-jre-jammy@sha256:2843f155a9fe5aab6a73a71a9f65c38143e8e929366a1a7787f07c2a89c26887 0.0s done
2025-11-23T10:31:39.4096893Z #13 DONE 0.0s
2025-11-23T10:31:39.4097079Z 
2025-11-23T10:31:39.4097703Z #14 [linux/amd64 builder 1/6] FROM docker.io/library/gradle:8.7-jdk21@sha256:afba668dbed80665ed2cee8b16010c51e9639be3424c3f897637701bdd89371b
2025-11-23T10:31:39.4098862Z #14 resolve docker.io/library/gradle:8.7-jdk21@sha256:afba668dbed80665ed2cee8b16010c51e9639be3424c3f897637701bdd89371b 0.0s done
2025-11-23T10:31:39.4099708Z #14 DONE 0.0s
2025-11-23T10:31:39.4099888Z 
2025-11-23T10:31:39.4100028Z #9 [internal] load build context
2025-11-23T10:31:39.4100379Z #9 transferring context: 263.60kB 0.0s done
2025-11-23T10:31:39.4100742Z #9 DONE 0.1s
2025-11-23T10:31:39.4100918Z 
2025-11-23T10:31:39.4101076Z #15 [linux/amd64 builder 2/6] WORKDIR /app
2025-11-23T10:31:39.4101379Z #15 CACHED
2025-11-23T10:31:39.4101682Z 
2025-11-23T10:31:39.4102080Z #16 [linux/amd64 builder 3/6] COPY build.gradle.kts settings.gradle.kts gradle.properties ./
2025-11-23T10:31:39.4102768Z #16 CACHED
2025-11-23T10:31:39.4102957Z 
2025-11-23T10:31:39.4103076Z #17 [linux/amd64 builder 5/6] COPY src ./src
2025-11-23T10:31:39.4103312Z #17 CACHED
2025-11-23T10:31:39.4103401Z 
2025-11-23T10:31:39.4103495Z #18 [linux/amd64 stage-1 2/4] WORKDIR /app
2025-11-23T10:31:39.4103713Z #18 CACHED
2025-11-23T10:31:39.4103803Z 
2025-11-23T10:31:39.4103907Z #19 [linux/amd64 builder 4/6] COPY gradle ./gradle
2025-11-23T10:31:39.4104150Z #19 CACHED
2025-11-23T10:31:39.4104240Z 
2025-11-23T10:31:39.4104408Z #20 [linux/amd64 builder 6/6] RUN gradle build -x test --no-daemon
2025-11-23T10:31:39.4104704Z #20 CACHED
2025-11-23T10:31:39.4104789Z 
2025-11-23T10:31:39.4105527Z #21 [linux/amd64 stage-1 3/4] RUN apt-get update   && apt-get install -y --no-install-recommends curl   && rm -rf /var/lib/apt/lists/*   && groupadd --system spring   && useradd --system --gid spring --home /app spring
2025-11-23T10:31:39.4106499Z #21 CACHED
2025-11-23T10:31:39.4106590Z 
2025-11-23T10:31:39.4107154Z #11 [linux/arm64 stage-1 1/4] FROM docker.io/library/eclipse-temurin:21-jre-jammy@sha256:2843f155a9fe5aab6a73a71a9f65c38143e8e929366a1a7787f07c2a89c26887
2025-11-23T10:31:39.4107955Z #11 sha256:b5e329fb7a0e143a03a99f87ec4d7acded1e81048017d71ea84307eb3c34a052 2.28kB / 2.28kB 0.1s done
2025-11-23T10:31:39.5423756Z #11 ...
2025-11-23T10:31:39.5427426Z 
2025-11-23T10:31:39.5428502Z #22 [linux/amd64 stage-1 4/4] COPY --from=builder --chown=spring:spring /app/build/libs/*.jar app.jar
2025-11-23T10:31:39.5429252Z #22 CACHED
2025-11-23T10:31:39.5429494Z 
2025-11-23T10:31:39.5430326Z #11 [linux/arm64 stage-1 1/4] FROM docker.io/library/eclipse-temurin:21-jre-jammy@sha256:2843f155a9fe5aab6a73a71a9f65c38143e8e929366a1a7787f07c2a89c26887
2025-11-23T10:31:39.5432342Z #11 sha256:19fed4c697cbdb704ffa20faeed81c4eb8b16824faa140cce1fd03b6eff14fb7 157B / 157B 0.1s done
2025-11-23T10:31:39.5433604Z #11 sha256:fc40a6001ee01be38cea704e5d4e64e6b569c37c42227eabc9d308b26755e806 0B / 52.15MB 0.2s
2025-11-23T10:31:39.5435081Z #11 sha256:f44e93e2f17680350eef250800f885c5ec5b1dfc6fb7c43cf8e92ea04d5a6f0b 16.07MB / 16.07MB 0.2s done
2025-11-23T10:31:39.6932937Z #11 sha256:0ec3d86457676c7af7a3b6d29565e0e8b30ed98afe5d606e00e565101f812623 27.38MB / 27.38MB 0.2s done
2025-11-23T10:31:39.6934360Z #11 extracting sha256:0ec3d86457676c7af7a3b6d29565e0e8b30ed98afe5d606e00e565101f812623
2025-11-23T10:31:39.8111122Z #11 sha256:fc40a6001ee01be38cea704e5d4e64e6b569c37c42227eabc9d308b26755e806 7.34MB / 52.15MB 0.5s
2025-11-23T10:31:39.9231187Z #11 sha256:fc40a6001ee01be38cea704e5d4e64e6b569c37c42227eabc9d308b26755e806 14.68MB / 52.15MB 0.6s
2025-11-23T10:31:40.1640872Z #11 sha256:fc40a6001ee01be38cea704e5d4e64e6b569c37c42227eabc9d308b26755e806 24.12MB / 52.15MB 0.8s
2025-11-23T10:31:40.2648953Z #11 sha256:fc40a6001ee01be38cea704e5d4e64e6b569c37c42227eabc9d308b26755e806 33.55MB / 52.15MB 0.9s
2025-11-23T10:31:40.3729608Z #11 sha256:fc40a6001ee01be38cea704e5d4e64e6b569c37c42227eabc9d308b26755e806 42.99MB / 52.15MB 1.1s
2025-11-23T10:31:40.6523213Z #11 sha256:fc40a6001ee01be38cea704e5d4e64e6b569c37c42227eabc9d308b26755e806 52.15MB / 52.15MB 1.2s done
2025-11-23T10:31:40.6524418Z #11 extracting sha256:0ec3d86457676c7af7a3b6d29565e0e8b30ed98afe5d606e00e565101f812623 0.9s done
2025-11-23T10:31:40.6525416Z #11 extracting sha256:f44e93e2f17680350eef250800f885c5ec5b1dfc6fb7c43cf8e92ea04d5a6f0b
2025-11-23T10:31:41.4930445Z #11 extracting sha256:f44e93e2f17680350eef250800f885c5ec5b1dfc6fb7c43cf8e92ea04d5a6f0b 0.8s done
2025-11-23T10:31:41.4931407Z #11 extracting sha256:fc40a6001ee01be38cea704e5d4e64e6b569c37c42227eabc9d308b26755e806
2025-11-23T10:31:42.3931057Z #11 extracting sha256:fc40a6001ee01be38cea704e5d4e64e6b569c37c42227eabc9d308b26755e806 0.9s done
2025-11-23T10:31:42.3932665Z #11 extracting sha256:19fed4c697cbdb704ffa20faeed81c4eb8b16824faa140cce1fd03b6eff14fb7 done
2025-11-23T10:31:42.3933372Z #11 extracting sha256:b5e329fb7a0e143a03a99f87ec4d7acded1e81048017d71ea84307eb3c34a052 done
2025-11-23T10:31:42.3933847Z #11 DONE 3.0s
2025-11-23T10:31:42.3933959Z 
2025-11-23T10:31:42.3934420Z #10 [linux/arm64 builder 1/6] FROM docker.io/library/gradle:8.7-jdk21@sha256:afba668dbed80665ed2cee8b16010c51e9639be3424c3f897637701bdd89371b
2025-11-23T10:31:42.3935252Z #10 sha256:3c543e0101a9e6577f29bf99799d2275d5f9eae69598c40a3f794d0ae452c0e2 59.52kB / 59.52kB 0.3s done
2025-11-23T10:31:42.3935958Z #10 sha256:434ab5fb9028d23408a0bd3d666e666ab40cc23103523bf43b7f0da583453ce2 123.73MB / 134.21MB 2.9s
2025-11-23T10:31:42.3936668Z #10 sha256:3249b3b4ea9fd350cb37568efd8ec81804195361ec299f172c66042f99ef8f5b 51.12MB / 51.12MB 1.3s done
2025-11-23T10:31:42.3937364Z #10 sha256:4f4fb700ef54461cfa02571ae0db9a0dc1e0cdb5577484a6d75e68dc38e8acc1 32B / 32B 0.1s done
2025-11-23T10:31:42.3938052Z #10 sha256:7a57d4ec09c4e326c84981177bad7aef94e3c7a1b1e4ec87d76fcfeef6f14382 4.32kB / 4.32kB 0.3s done
2025-11-23T10:31:42.3938731Z #10 sha256:0053e5818a6e8d1a15a06441ce5ffc605eb87138e57ddf2a25dcfb6a423afe23 731B / 731B 0.1s done
2025-11-23T10:31:42.3939653Z #10 sha256:06264556304042e648d17bebdd6326344ccb5c81617ccd6f52ed861a3565cf5a 172B / 172B 0.1s done
2025-11-23T10:31:42.3940496Z #10 sha256:d0c4fbd4e9d83ad90ce0ad2f1020e353b63183850d87d2df6bab21ba49e65781 156.67MB / 156.67MB 1.1s done
2025-11-23T10:31:42.3941242Z #10 sha256:0a8868eeb30ae6b43fdd3ec11d565b77e83f6c78c86d892957cf1cecb5cc59c9 18.86MB / 18.86MB 0.2s done
2025-11-23T10:31:42.3942124Z #10 sha256:9b076355b79badd38bc5732aebeb48133934a0adae078e4a6bf52c7d9d7a4a82 28.40MB / 28.40MB 0.2s done
2025-11-23T10:31:42.3942787Z #10 extracting sha256:9b076355b79badd38bc5732aebeb48133934a0adae078e4a6bf52c7d9d7a4a82 0.9s done
2025-11-23T10:31:42.3943348Z #10 extracting sha256:0a8868eeb30ae6b43fdd3ec11d565b77e83f6c78c86d892957cf1cecb5cc59c9
2025-11-23T10:31:42.6928801Z #10 sha256:434ab5fb9028d23408a0bd3d666e666ab40cc23103523bf43b7f0da583453ce2 134.21MB / 134.21MB 3.2s
2025-11-23T10:31:43.2334347Z #10 sha256:434ab5fb9028d23408a0bd3d666e666ab40cc23103523bf43b7f0da583453ce2 134.21MB / 134.21MB 3.5s done
2025-11-23T10:31:43.2335594Z #10 extracting sha256:0a8868eeb30ae6b43fdd3ec11d565b77e83f6c78c86d892957cf1cecb5cc59c9 1.2s done
2025-11-23T10:31:43.2336624Z #10 extracting sha256:d0c4fbd4e9d83ad90ce0ad2f1020e353b63183850d87d2df6bab21ba49e65781
2025-11-23T10:31:43.3826803Z #10 ...
2025-11-23T10:31:43.3828361Z 
2025-11-23T10:31:43.3830147Z #23 [linux/arm64 stage-1 2/4] WORKDIR /app
2025-11-23T10:31:43.3831009Z #23 DONE 1.1s
2025-11-23T10:31:43.5369519Z 
2025-11-23T10:31:43.5370626Z #24 [linux/arm64 stage-1 3/4] RUN apt-get update   && apt-get install -y --no-install-recommends curl   && rm -rf /var/lib/apt/lists/*   && groupadd --system spring   && useradd --system --gid spring --home /app spring
2025-11-23T10:31:44.2735567Z #24 0.887 Get:1 http://ports.ubuntu.com/ubuntu-ports jammy InRelease [270 kB]
2025-11-23T10:31:44.4129185Z #24 ...
2025-11-23T10:31:44.4129440Z 
2025-11-23T10:31:44.4130166Z #10 [linux/arm64 builder 1/6] FROM docker.io/library/gradle:8.7-jdk21@sha256:afba668dbed80665ed2cee8b16010c51e9639be3424c3f897637701bdd89371b
2025-11-23T10:31:44.4131941Z #10 extracting sha256:d0c4fbd4e9d83ad90ce0ad2f1020e353b63183850d87d2df6bab21ba49e65781 1.3s done
2025-11-23T10:31:44.4132688Z #10 DONE 5.2s
2025-11-23T10:31:44.5823632Z 
2025-11-23T10:31:44.5825125Z #10 [linux/arm64 builder 1/6] FROM docker.io/library/gradle:8.7-jdk21@sha256:afba668dbed80665ed2cee8b16010c51e9639be3424c3f897637701bdd89371b
2025-11-23T10:31:44.5826403Z #10 extracting sha256:06264556304042e648d17bebdd6326344ccb5c81617ccd6f52ed861a3565cf5a done
2025-11-23T10:31:44.5827383Z #10 extracting sha256:0053e5818a6e8d1a15a06441ce5ffc605eb87138e57ddf2a25dcfb6a423afe23 done
2025-11-23T10:31:44.5828389Z #10 extracting sha256:7a57d4ec09c4e326c84981177bad7aef94e3c7a1b1e4ec87d76fcfeef6f14382 done
2025-11-23T10:31:44.5829522Z #10 extracting sha256:4f4fb700ef54461cfa02571ae0db9a0dc1e0cdb5577484a6d75e68dc38e8acc1 done
2025-11-23T10:31:44.5830486Z #10 extracting sha256:3249b3b4ea9fd350cb37568efd8ec81804195361ec299f172c66042f99ef8f5b
2025-11-23T10:31:45.9302740Z #10 extracting sha256:3249b3b4ea9fd350cb37568efd8ec81804195361ec299f172c66042f99ef8f5b 1.5s done
2025-11-23T10:31:45.9303530Z #10 DONE 6.7s
2025-11-23T10:31:45.9303719Z 
2025-11-23T10:31:45.9304783Z #24 [linux/arm64 stage-1 3/4] RUN apt-get update   && apt-get install -y --no-install-recommends curl   && rm -rf /var/lib/apt/lists/*   && groupadd --system spring   && useradd --system --gid spring --home /app spring
2025-11-23T10:31:45.9306307Z #24 1.358 Get:2 http://ports.ubuntu.com/ubuntu-ports jammy-updates InRelease [128 kB]
2025-11-23T10:31:45.9307183Z #24 1.419 Get:3 http://ports.ubuntu.com/ubuntu-ports jammy-backports InRelease [127 kB]
2025-11-23T10:31:45.9308073Z #24 1.525 Get:4 http://ports.ubuntu.com/ubuntu-ports jammy-security InRelease [129 kB]
2025-11-23T10:31:46.6265982Z #24 ...
2025-11-23T10:31:46.6266220Z 
2025-11-23T10:31:46.6266928Z #10 [linux/arm64 builder 1/6] FROM docker.io/library/gradle:8.7-jdk21@sha256:afba668dbed80665ed2cee8b16010c51e9639be3424c3f897637701bdd89371b
2025-11-23T10:31:46.6268608Z #10 extracting sha256:434ab5fb9028d23408a0bd3d666e666ab40cc23103523bf43b7f0da583453ce2 0.7s done
2025-11-23T10:31:46.6269352Z #10 DONE 7.4s
2025-11-23T10:31:46.8764447Z 
2025-11-23T10:31:46.8765922Z #10 [linux/arm64 builder 1/6] FROM docker.io/library/gradle:8.7-jdk21@sha256:afba668dbed80665ed2cee8b16010c51e9639be3424c3f897637701bdd89371b
2025-11-23T10:31:46.8767664Z #10 extracting sha256:3c543e0101a9e6577f29bf99799d2275d5f9eae69598c40a3f794d0ae452c0e2 0.0s done
2025-11-23T10:31:46.8768466Z #10 DONE 7.4s
2025-11-23T10:31:46.8768680Z 
2025-11-23T10:31:46.8768804Z #25 [linux/arm64 builder 2/6] WORKDIR /app
2025-11-23T10:31:47.9406886Z #25 DONE 1.3s
2025-11-23T10:31:47.9407135Z 
2025-11-23T10:31:47.9408555Z #24 [linux/arm64 stage-1 3/4] RUN apt-get update   && apt-get install -y --no-install-recommends curl   && rm -rf /var/lib/apt/lists/*   && groupadd --system spring   && useradd --system --gid spring --home /app spring
2025-11-23T10:31:47.9410642Z #24 4.116 Get:5 http://ports.ubuntu.com/ubuntu-ports jammy/restricted arm64 Packages [24.2 kB]
2025-11-23T10:31:47.9413017Z #24 4.354 Get:6 http://ports.ubuntu.com/ubuntu-ports jammy/universe arm64 Packages [17.2 MB]
2025-11-23T10:31:48.1638561Z #24 ...
2025-11-23T10:31:48.1641113Z 
2025-11-23T10:31:48.1643033Z #26 [linux/arm64 builder 3/6] COPY build.gradle.kts settings.gradle.kts gradle.properties ./
2025-11-23T10:31:48.1643752Z #26 DONE 0.0s
2025-11-23T10:31:48.1643939Z 
2025-11-23T10:31:48.1644126Z #27 [linux/arm64 builder 4/6] COPY gradle ./gradle
2025-11-23T10:31:48.1644583Z #27 DONE 0.0s
2025-11-23T10:31:48.1644764Z 
2025-11-23T10:31:48.1644923Z #28 [linux/arm64 builder 5/6] COPY src ./src
2025-11-23T10:31:48.1645332Z #28 DONE 0.0s
2025-11-23T10:31:48.3133193Z 
2025-11-23T10:31:48.3134782Z #29 [linux/arm64 builder 6/6] RUN gradle build -x test --no-daemon
2025-11-23T10:31:53.6582041Z #29 ...
2025-11-23T10:31:53.6582448Z 
2025-11-23T10:31:53.6583650Z #24 [linux/arm64 stage-1 3/4] RUN apt-get update   && apt-get install -y --no-install-recommends curl   && rm -rf /var/lib/apt/lists/*   && groupadd --system spring   && useradd --system --gid spring --home /app spring
2025-11-23T10:31:53.6585330Z #24 5.184 Get:7 http://ports.ubuntu.com/ubuntu-ports jammy/multiverse arm64 Packages [224 kB]
2025-11-23T10:31:53.6586323Z #24 5.193 Get:8 http://ports.ubuntu.com/ubuntu-ports jammy/main arm64 Packages [1,758 kB]
2025-11-23T10:31:53.6587338Z #24 6.410 Get:9 http://ports.ubuntu.com/ubuntu-ports jammy-updates/multiverse arm64 Packages [46.0 kB]
2025-11-23T10:31:53.6588385Z #24 6.498 Get:10 http://ports.ubuntu.com/ubuntu-ports jammy-updates/main arm64 Packages [3,625 kB]
2025-11-23T10:31:53.6589417Z #24 6.681 Get:11 http://ports.ubuntu.com/ubuntu-ports jammy-updates/universe arm64 Packages [1,620 kB]
2025-11-23T10:31:53.6590492Z #24 6.744 Get:12 http://ports.ubuntu.com/ubuntu-ports jammy-updates/restricted arm64 Packages [5,855 kB]
2025-11-23T10:31:53.6591694Z #24 9.582 Get:13 http://ports.ubuntu.com/ubuntu-ports jammy-backports/main arm64 Packages [83.5 kB]
2025-11-23T10:31:53.6592771Z #24 9.671 Get:14 http://ports.ubuntu.com/ubuntu-ports jammy-backports/universe arm64 Packages [33.3 kB]
2025-11-23T10:31:56.3073169Z #24 12.92 Get:15 http://ports.ubuntu.com/ubuntu-ports jammy-security/multiverse arm64 Packages [39.5 kB]
2025-11-23T10:31:56.5495634Z #24 13.01 Get:16 http://ports.ubuntu.com/ubuntu-ports jammy-security/main arm64 Packages [3,287 kB]
2025-11-23T10:31:56.5918711Z #24 13.21 Get:17 http://ports.ubuntu.com/ubuntu-ports jammy-security/universe arm64 Packages [1,322 kB]
2025-11-23T10:31:56.7972853Z #24 13.26 Get:18 http://ports.ubuntu.com/ubuntu-ports jammy-security/restricted arm64 Packages [5,605 kB]
2025-11-23T10:32:00.5535494Z #24 ...
2025-11-23T10:32:00.5535736Z 
2025-11-23T10:32:00.5536257Z #29 [linux/arm64 builder 6/6] RUN gradle build -x test --no-daemon
2025-11-23T10:32:00.7066231Z #29 12.54 To honour the JVM settings for this build a single-use Daemon process will be forked. For more on this, please refer to https://docs.gradle.org/8.7/userguide/gradle_daemon.html#sec:disabling_the_daemon in the Gradle documentation.
2025-11-23T10:32:11.9523142Z #29 ...
2025-11-23T10:32:11.9523500Z 
2025-11-23T10:32:11.9525196Z #24 [linux/arm64 stage-1 3/4] RUN apt-get update   && apt-get install -y --no-install-recommends curl   && rm -rf /var/lib/apt/lists/*   && groupadd --system spring   && useradd --system --gid spring --home /app spring
2025-11-23T10:32:11.9526657Z #24 18.51 Fetched 41.4 MB in 18s (2,305 kB/s)
2025-11-23T10:32:18.3346943Z #24 18.51 Reading package lists...
2025-11-23T10:32:18.3348811Z #24 ...
2025-11-23T10:32:18.3359108Z 
2025-11-23T10:32:18.3359516Z #29 [linux/arm64 builder 6/6] RUN gradle build -x test --no-daemon
2025-11-23T10:32:18.4901796Z #29 30.32 Daemon will be stopped at the end of the build 
2025-11-23T10:32:27.5569954Z #29 ...
2025-11-23T10:32:27.5570120Z 
2025-11-23T10:32:27.5570857Z #24 [linux/arm64 stage-1 3/4] RUN apt-get update   && apt-get install -y --no-install-recommends curl   && rm -rf /var/lib/apt/lists/*   && groupadd --system spring   && useradd --system --gid spring --home /app spring
2025-11-23T10:32:27.5572296Z #24 18.51 Reading package lists...
2025-11-23T10:32:39.0186677Z #24 37.42 Reading package lists...
2025-11-23T10:32:40.8581464Z #24 55.80 Building dependency tree...
2025-11-23T10:32:41.0101970Z #24 57.47 Reading state information...
2025-11-23T10:32:42.3792379Z #24 58.99 curl is already the newest version (7.81.0-1ubuntu1.21).
2025-11-23T10:32:42.3793087Z #24 58.99 0 upgraded, 0 newly installed, 0 to remove and 0 not upgraded.
2025-11-23T10:32:42.6887522Z #24 DONE 59.3s
2025-11-23T10:32:42.6887825Z 
2025-11-23T10:32:42.6888318Z #29 [linux/arm64 builder 6/6] RUN gradle build -x test --no-daemon
2025-11-23T10:40:12.3975845Z #29 504.2 Directory '/opt/homebrew/opt/openjdk@21/libexec/openjdk.jdk/Contents/Home' (Gradle property 'org.gradle.java.installations.paths') used for java installations does not exist
2025-11-23T10:40:31.9025346Z #29 523.7 > Task :checkKotlinGradlePluginConfigurationErrors
2025-11-23T10:41:01.8959302Z #29 553.7 > Task :compileKotlin
2025-11-23T10:41:41.4343690Z #29 593.4 > Task :processResources
2025-11-23T10:41:49.3852385Z #29 601.2 > Task :loadKtlintReporters
2025-11-23T10:42:03.8644607Z #29 615.9 
2025-11-23T10:42:03.9680043Z #29 615.9 > Task :compileKotlin
2025-11-23T10:42:03.9680645Z #29 615.9 e: Daemon compilation failed: Could not connect to Kotlin compile daemon
2025-11-23T10:42:03.9681406Z #29 615.9 java.lang.RuntimeException: Could not connect to Kotlin compile daemon
2025-11-23T10:42:03.9682709Z #29 615.9 	at org.jetbrains.kotlin.compilerRunner.GradleKotlinCompilerWork.compileWithDaemon(GradleKotlinCompilerWork.kt:218)
2025-11-23T10:42:03.9684292Z #29 615.9 	at org.jetbrains.kotlin.compilerRunner.GradleKotlinCompilerWork.compileWithDaemonOrFallbackImpl(GradleKotlinCompilerWork.kt:175)
2025-11-23T10:42:03.9685686Z #29 615.9 	at org.jetbrains.kotlin.compilerRunner.GradleKotlinCompilerWork.run(GradleKotlinCompilerWork.kt:135)
2025-11-23T10:42:03.9687212Z #29 615.9 	at org.jetbrains.kotlin.compilerRunner.GradleCompilerRunnerWithWorkers$GradleKotlinCompilerWorkAction.execute(GradleCompilerRunnerWithWorkers.kt:73)
2025-11-23T10:42:03.9688567Z #29 616.0 	at org.gradle.workers.internal.DefaultWorkerServer.execute(DefaultWorkerServer.java:63)
2025-11-23T10:42:04.0715867Z #29 616.0 	at org.gradle.workers.internal.NoIsolationWorkerFactory$1$1.create(NoIsolationWorkerFactory.java:66)
2025-11-23T10:42:04.0717202Z #29 616.0 	at org.gradle.workers.internal.NoIsolationWorkerFactory$1$1.create(NoIsolationWorkerFactory.java:62)
2025-11-23T10:42:04.0718448Z #29 616.0 	at org.gradle.internal.classloader.ClassLoaderUtils.executeInClassloader(ClassLoaderUtils.java:100)
2025-11-23T10:42:04.0719740Z #29 616.0 	at org.gradle.workers.internal.NoIsolationWorkerFactory$1.lambda$execute$0(NoIsolationWorkerFactory.java:62)
2025-11-23T10:42:04.0720812Z #29 616.0 	at org.gradle.workers.internal.AbstractWorker$1.call(AbstractWorker.java:44)
2025-11-23T10:42:04.0722141Z #29 616.0 	at org.gradle.workers.internal.AbstractWorker$1.call(AbstractWorker.java:41)
2025-11-23T10:42:04.0726732Z #29 616.0 	at org.gradle.internal.operations.DefaultBuildOperationRunner$CallableBuildOperationWorker.execute(DefaultBuildOperationRunner.java:200)
2025-11-23T10:42:04.0728503Z #29 616.0 	at org.gradle.internal.operations.DefaultBuildOperationRunner$CallableBuildOperationWorker.execute(DefaultBuildOperationRunner.java:195)
2025-11-23T10:42:04.0729897Z #29 616.0 	at org.gradle.internal.operations.DefaultBuildOperationRunner$2.execute(DefaultBuildOperationRunner.java:66)
2025-11-23T10:42:04.0731221Z #29 616.0 	at org.gradle.internal.operations.DefaultBuildOperationRunner$2.execute(DefaultBuildOperationRunner.java:59)
2025-11-23T10:42:04.0733508Z #29 616.0 	at org.gradle.internal.operations.DefaultBuildOperationRunner.execute(DefaultBuildOperationRunner.java:157)
2025-11-23T10:42:04.0734750Z #29 616.0 	at org.gradle.internal.operations.DefaultBuildOperationRunner.execute(DefaultBuildOperationRunner.java:59)
2025-11-23T10:42:04.0735938Z #29 616.0 	at org.gradle.internal.operations.DefaultBuildOperationRunner.call(DefaultBuildOperationRunner.java:53)
2025-11-23T10:42:04.0737161Z #29 616.1 	at org.gradle.internal.operations.DefaultBuildOperationExecutor.call(DefaultBuildOperationExecutor.java:73)
2025-11-23T10:42:04.1763629Z #29 616.1 	at org.gradle.workers.internal.AbstractWorker.executeWrappedInBuildOperation(AbstractWorker.java:41)
2025-11-23T10:42:04.1766003Z #29 616.1 	at org.gradle.workers.internal.NoIsolationWorkerFactory$1.execute(NoIsolationWorkerFactory.java:59)
2025-11-23T10:42:04.1767344Z #29 616.1 	at org.gradle.workers.internal.DefaultWorkerExecutor.lambda$submitWork$0(DefaultWorkerExecutor.java:174)
2025-11-23T10:42:04.1768372Z #29 616.1 	at java.base/java.util.concurrent.FutureTask.run(FutureTask.java:317)
2025-11-23T10:42:04.1769602Z #29 616.1 	at org.gradle.internal.work.DefaultConditionalExecutionQueue$ExecutionRunner.runExecution(DefaultConditionalExecutionQueue.java:187)
2025-11-23T10:42:04.1771309Z #29 616.1 	at org.gradle.internal.work.DefaultConditionalExecutionQueue$ExecutionRunner.access$700(DefaultConditionalExecutionQueue.java:120)
2025-11-23T10:42:04.1773123Z #29 616.1 	at org.gradle.internal.work.DefaultConditionalExecutionQueue$ExecutionRunner$1.run(DefaultConditionalExecutionQueue.java:162)
2025-11-23T10:42:04.1774233Z #29 616.1 	at org.gradle.internal.Factories$1.create(Factories.java:31)
2025-11-23T10:42:04.2764713Z #29 616.2 	at org.gradle.internal.work.DefaultWorkerLeaseService.withLocks(DefaultWorkerLeaseService.java:264)
2025-11-23T10:42:04.2766217Z #29 616.2 	at org.gradle.internal.work.DefaultWorkerLeaseService.runAsWorkerThread(DefaultWorkerLeaseService.java:128)
2025-11-23T10:42:04.2767614Z #29 616.2 	at org.gradle.internal.work.DefaultWorkerLeaseService.runAsWorkerThread(DefaultWorkerLeaseService.java:133)
2025-11-23T10:42:04.2769128Z #29 616.2 	at org.gradle.internal.work.DefaultConditionalExecutionQueue$ExecutionRunner.runBatch(DefaultConditionalExecutionQueue.java:157)
2025-11-23T10:42:04.2770677Z #29 616.2 	at org.gradle.internal.work.DefaultConditionalExecutionQueue$ExecutionRunner.run(DefaultConditionalExecutionQueue.java:126)
2025-11-23T10:42:04.2772190Z #29 616.2 	at java.base/java.util.concurrent.Executors$RunnableAdapter.call(Executors.java:572)
2025-11-23T10:42:04.2773041Z #29 616.2 	at java.base/java.util.concurrent.FutureTask.run(FutureTask.java:317)
2025-11-23T10:42:04.2774052Z #29 616.2 	at org.gradle.internal.concurrent.ExecutorPolicy$CatchAndRecordFailures.onExecute(ExecutorPolicy.java:64)
2025-11-23T10:42:04.2775276Z #29 616.2 	at org.gradle.internal.concurrent.AbstractManagedExecutor$1.run(AbstractManagedExecutor.java:47)
2025-11-23T10:42:04.2776439Z #29 616.2 	at java.base/java.util.concurrent.ThreadPoolExecutor.runWorker(ThreadPoolExecutor.java:1144)
2025-11-23T10:42:04.2777431Z #29 616.2 	at java.base/java.util.concurrent.ThreadPoolExecutor$Worker.run(ThreadPoolExecutor.java:642)
2025-11-23T10:42:04.2778213Z #29 616.2 	at java.base/java.lang.Thread.run(Thread.java:1583)
2025-11-23T10:42:04.2779073Z #29 616.2 
2025-11-23T10:42:04.2779723Z #29 616.3 Failed to compile with Kotlin daemon: java.lang.RuntimeException: Could not connect to Kotlin compile daemon
2025-11-23T10:42:04.3806528Z #29 616.3 	at org.jetbrains.kotlin.compilerRunner.GradleKotlinCompilerWork.compileWithDaemon(GradleKotlinCompilerWork.kt:218)
2025-11-23T10:42:04.3808394Z #29 616.3 	at org.jetbrains.kotlin.compilerRunner.GradleKotlinCompilerWork.compileWithDaemonOrFallbackImpl(GradleKotlinCompilerWork.kt:175)
2025-11-23T10:42:04.3809940Z #29 616.3 	at org.jetbrains.kotlin.compilerRunner.GradleKotlinCompilerWork.run(GradleKotlinCompilerWork.kt:135)
2025-11-23T10:42:04.3811730Z #29 616.3 	at org.jetbrains.kotlin.compilerRunner.GradleCompilerRunnerWithWorkers$GradleKotlinCompilerWorkAction.execute(GradleCompilerRunnerWithWorkers.kt:73)
2025-11-23T10:42:04.3813250Z #29 616.3 	at org.gradle.workers.internal.DefaultWorkerServer.execute(DefaultWorkerServer.java:63)
2025-11-23T10:42:04.3814373Z #29 616.3 	at org.gradle.workers.internal.NoIsolationWorkerFactory$1$1.create(NoIsolationWorkerFactory.java:66)
2025-11-23T10:42:04.3815598Z #29 616.3 	at org.gradle.workers.internal.NoIsolationWorkerFactory$1$1.create(NoIsolationWorkerFactory.java:62)
2025-11-23T10:42:04.3816798Z #29 616.3 	at org.gradle.internal.classloader.ClassLoaderUtils.executeInClassloader(ClassLoaderUtils.java:100)
2025-11-23T10:42:04.3818119Z #29 616.3 	at org.gradle.workers.internal.NoIsolationWorkerFactory$1.lambda$execute$0(NoIsolationWorkerFactory.java:62)
2025-11-23T10:42:04.3819190Z #29 616.3 	at org.gradle.workers.internal.AbstractWorker$1.call(AbstractWorker.java:44)
2025-11-23T10:42:04.3820047Z #29 616.3 	at org.gradle.workers.internal.AbstractWorker$1.call(AbstractWorker.java:41)
2025-11-23T10:42:04.3821357Z #29 616.4 	at org.gradle.internal.operations.DefaultBuildOperationRunner$CallableBuildOperationWorker.execute(DefaultBuildOperationRunner.java:200)
2025-11-23T10:42:04.3823089Z #29 616.4 	at org.gradle.internal.operations.DefaultBuildOperationRunner$CallableBuildOperationWorker.execute(DefaultBuildOperationRunner.java:195)
2025-11-23T10:42:04.3824696Z #29 616.4 	at org.gradle.internal.operations.DefaultBuildOperationRunner$2.execute(DefaultBuildOperationRunner.java:66)
2025-11-23T10:42:04.4819600Z #29 616.4 	at org.gradle.internal.operations.DefaultBuildOperationRunner$2.execute(DefaultBuildOperationRunner.java:59)
2025-11-23T10:42:04.4822333Z #29 616.4 	at org.gradle.internal.operations.DefaultBuildOperationRunner.execute(DefaultBuildOperationRunner.java:157)
2025-11-23T10:42:04.4823737Z #29 616.4 	at org.gradle.internal.operations.DefaultBuildOperationRunner.execute(DefaultBuildOperationRunner.java:59)
2025-11-23T10:42:04.4825001Z #29 616.4 	at org.gradle.internal.operations.DefaultBuildOperationRunner.call(DefaultBuildOperationRunner.java:53)
2025-11-23T10:42:04.4826248Z #29 616.4 	at org.gradle.internal.operations.DefaultBuildOperationExecutor.call(DefaultBuildOperationExecutor.java:73)
2025-11-23T10:42:04.4827477Z #29 616.4 	at org.gradle.workers.internal.AbstractWorker.executeWrappedInBuildOperation(AbstractWorker.java:41)
2025-11-23T10:42:04.4835177Z #29 616.4 	at org.gradle.workers.internal.NoIsolationWorkerFactory$1.execute(NoIsolationWorkerFactory.java:59)
2025-11-23T10:42:04.4836414Z #29 616.4 	at org.gradle.workers.internal.DefaultWorkerExecutor.lambda$submitWork$0(DefaultWorkerExecutor.java:174)
2025-11-23T10:42:04.4837489Z #29 616.4 	at java.base/java.util.concurrent.FutureTask.run(FutureTask.java:317)
2025-11-23T10:42:04.4838663Z #29 616.4 	at org.gradle.internal.work.DefaultConditionalExecutionQueue$ExecutionRunner.runExecution(DefaultConditionalExecutionQueue.java:187)
2025-11-23T10:42:04.4840185Z #29 616.4 	at org.gradle.internal.work.DefaultConditionalExecutionQueue$ExecutionRunner.access$700(DefaultConditionalExecutionQueue.java:120)
2025-11-23T10:42:04.4841920Z #29 616.4 	at org.gradle.internal.work.DefaultConditionalExecutionQueue$ExecutionRunner$1.run(DefaultConditionalExecutionQueue.java:162)
2025-11-23T10:42:04.4843592Z #29 616.4 	at org.gradle.internal.Factories$1.create(Factories.java:31)
2025-11-23T10:42:04.4844583Z #29 616.4 	at org.gradle.internal.work.DefaultWorkerLeaseService.withLocks(DefaultWorkerLeaseService.java:264)
2025-11-23T10:42:04.4846068Z #29 616.4 	at org.gradle.internal.work.DefaultWorkerLeaseService.runAsWorkerThread(DefaultWorkerLeaseService.java:128)
2025-11-23T10:42:04.4847448Z #29 616.5 	at org.gradle.internal.work.DefaultWorkerLeaseService.runAsWorkerThread(DefaultWorkerLeaseService.java:133)
2025-11-23T10:42:04.4848935Z #29 616.5 	at org.gradle.internal.work.DefaultConditionalExecutionQueue$ExecutionRunner.runBatch(DefaultConditionalExecutionQueue.java:157)
2025-11-23T10:42:04.4850441Z #29 616.5 	at org.gradle.internal.work.DefaultConditionalExecutionQueue$ExecutionRunner.run(DefaultConditionalExecutionQueue.java:126)
2025-11-23T10:42:04.4861922Z #29 616.5 	at java.base/java.util.concurrent.Executors$RunnableAdapter.call(Executors.java:572)
2025-11-23T10:42:04.6668339Z #29 616.5 	at java.base/java.util.concurrent.FutureTask.run(FutureTask.java:317)
2025-11-23T10:42:04.6669436Z #29 616.5 	at org.gradle.internal.concurrent.ExecutorPolicy$CatchAndRecordFailures.onExecute(ExecutorPolicy.java:64)
2025-11-23T10:42:04.6670645Z #29 616.5 	at org.gradle.internal.concurrent.AbstractManagedExecutor$1.run(AbstractManagedExecutor.java:47)
2025-11-23T10:42:04.6671880Z #29 616.5 	at java.base/java.util.concurrent.ThreadPoolExecutor.runWorker(ThreadPoolExecutor.java:1144)
2025-11-23T10:42:04.6672900Z #29 616.5 	at java.base/java.util.concurrent.ThreadPoolExecutor$Worker.run(ThreadPoolExecutor.java:642)
2025-11-23T10:42:04.6673637Z #29 616.5 	at java.base/java.lang.Thread.run(Thread.java:1583)
2025-11-23T10:42:04.6674161Z #29 616.5 Using fallback strategy: Compile without Kotlin daemon
2025-11-23T10:42:04.6674684Z #29 616.5 Try ./gradlew --stop if this issue persists.
2025-11-23T10:42:19.2367484Z #29 631.2 
2025-11-23T10:42:19.3983551Z #29 631.2 > Task :runKtlintCheckOverKotlinScripts
2025-11-23T10:42:22.1831655Z #29 634.0 > Task :runKtlintCheckOverMainSourceSet
2025-11-23T10:42:23.4833139Z #29 635.3 > Task :runKtlintCheckOverTestSourceSet
2025-11-23T10:43:06.4906465Z #29 678.3 > Task :ktlintKotlinScriptCheck
2025-11-23T10:43:40.4848313Z #29 712.3 > Task :ktlintTestSourceSetCheck
2025-11-23T10:44:17.6839376Z #29 749.5 > Task :ktlintMainSourceSetCheck
2025-11-23T10:44:17.6848162Z #29 749.5 > Task :check
2025-11-23T10:48:26.3346100Z #29 998.3 
2025-11-23T10:48:26.5049210Z #29 998.3 > Task :compileKotlin
2025-11-23T10:48:26.5054066Z #29 998.3 exception: src/main/kotlin/pl/kmazurek/application/usecase/sessionresult/DeleteSessionResult.kt:15:13: warning: variable 'result' is never used
2025-11-23T10:48:26.5055261Z #29 998.3 exception:         val result =
2025-11-23T10:48:26.5055693Z #29 998.3 exception:             ^
2025-11-23T10:48:26.7336642Z #29 998.7 
2025-11-23T10:48:26.8913211Z #29 998.7 > Task :compileJava NO-SOURCE
2025-11-23T10:48:26.8915254Z #29 998.7 > Task :classes
2025-11-23T10:48:27.3335066Z #29 999.3 > Task :resolveMainClassName
2025-11-23T10:48:46.5812610Z #29 1018.4 > Task :bootJar
2025-11-23T10:48:48.9319892Z #29 1020.8 > Task :jar
2025-11-23T10:48:48.9320423Z #29 1020.9 > Task :assemble
2025-11-23T10:48:48.9322261Z #29 1020.9 > Task :build
2025-11-23T10:48:49.8320076Z #29 1021.8 
2025-11-23T10:48:49.8320813Z #29 1021.8 BUILD SUCCESSFUL in 17m
2025-11-23T10:48:50.0815990Z #29 1021.9 13 actionable tasks: 13 executed
2025-11-23T10:48:51.1730130Z #29 DONE 1023.2s
2025-11-23T10:48:51.6222180Z 
2025-11-23T10:48:51.6222945Z #30 [linux/arm64 stage-1 4/4] COPY --from=builder --chown=spring:spring /app/build/libs/*.jar app.jar
2025-11-23T10:48:51.7223371Z #30 DONE 0.1s
2025-11-23T10:48:51.7223629Z 
2025-11-23T10:48:51.7223761Z #31 exporting to image
2025-11-23T10:48:51.7224071Z #31 exporting layers
2025-11-23T10:48:53.5879549Z #31 exporting layers 1.9s done
2025-11-23T10:48:53.7516234Z #31 exporting manifest sha256:95f6ccc9dd83744c148d9a0706d8ff17139eb03da17cd98536a8fc0bd1bde11d done
2025-11-23T10:48:53.7518857Z #31 exporting config sha256:68361e232f46225097b4974b92143f37b2adb65ab300b17eebab32323de5587e done
2025-11-23T10:48:53.7520067Z #31 exporting attestation manifest sha256:414877256475038c4f7c1b60bc7783a7f9df9823a468c063f8a8e5781093d4c0 done
2025-11-23T10:48:53.7520768Z #31 exporting manifest sha256:f4e5f875ae4be8fc7d2fc66b8547ac459c12ac434454b99ebc60417c431f8d37 done
2025-11-23T10:48:53.7521382Z #31 exporting config sha256:852865826a8e97935714a6f3e7c1d4305c02b0faacc191c070c30c45f6b99295 done
2025-11-23T10:48:53.7522347Z #31 exporting attestation manifest sha256:6dfb5c4f6d739e40239364eb8d040c231df18a86cb95f85e9f750899d4be5ad1 done
2025-11-23T10:48:53.7523028Z #31 exporting manifest list sha256:22ca2d4ea88def27c96e510b6002a2e90d0f0b47de259f4f0c1e1deee04803a6 done
2025-11-23T10:48:53.7523465Z #31 pushing layers
2025-11-23T10:48:53.9026254Z #31 ...
2025-11-23T10:48:53.9026495Z 
2025-11-23T10:48:53.9026763Z #32 [auth] krzycuh/kma-poker-stats/backend:pull,push token for ghcr.io
2025-11-23T10:48:53.9027188Z #32 DONE 0.0s
2025-11-23T10:48:54.0523903Z 
2025-11-23T10:48:54.0524392Z #31 exporting to image
2025-11-23T10:48:56.8670872Z #31 ...
2025-11-23T10:48:56.8671182Z 
2025-11-23T10:48:56.8672029Z #22 [linux/amd64 stage-1 4/4] COPY --from=builder --chown=spring:spring /app/build/libs/*.jar app.jar
2025-11-23T10:48:56.8673007Z #22 sha256:0479c29a1895ac2a588a83452e0e922c771b3ea696361fb3005efd6dce23eb55 0B / 72.71MB 0.6s
2025-11-23T10:48:56.8673885Z #22 sha256:7e49dc6156b0b532730614d83a65ae5e7ce61e966b0498703d333b4d03505e4f 0B / 29.54MB 0.2s
2025-11-23T10:48:56.9700893Z #22 sha256:e10875650961bf4063d5186970a8c79ef61cf11ca22d49b715b9d59712e0869b 0B / 16.15MB 0.2s
2025-11-23T10:48:57.8509983Z #22 sha256:7e49dc6156b0b532730614d83a65ae5e7ce61e966b0498703d333b4d03505e4f 2.10MB / 29.54MB 1.2s
2025-11-23T10:48:57.8511189Z #22 sha256:4be944c6b743dbf21ecbe2d28355dc9f0e5ceadd25ba4c33e09883ea3fb27acc 0B / 52.98MB 0.2s
2025-11-23T10:48:58.0008790Z #22 sha256:7e49dc6156b0b532730614d83a65ae5e7ce61e966b0498703d333b4d03505e4f 4.19MB / 29.54MB 1.4s
2025-11-23T10:48:58.0009687Z #22 sha256:e10875650961bf4063d5186970a8c79ef61cf11ca22d49b715b9d59712e0869b 1.05MB / 16.15MB 1.1s
2025-11-23T10:48:58.1510020Z #22 sha256:0479c29a1895ac2a588a83452e0e922c771b3ea696361fb3005efd6dce23eb55 5.24MB / 72.71MB 1.8s
2025-11-23T10:48:58.1511112Z #22 sha256:7e49dc6156b0b532730614d83a65ae5e7ce61e966b0498703d333b4d03505e4f 6.29MB / 29.54MB 1.5s
2025-11-23T10:48:58.3002139Z #22 sha256:7e49dc6156b0b532730614d83a65ae5e7ce61e966b0498703d333b4d03505e4f 9.44MB / 29.54MB 1.7s
2025-11-23T10:48:58.3003084Z #22 sha256:e10875650961bf4063d5186970a8c79ef61cf11ca22d49b715b9d59712e0869b 2.10MB / 16.15MB 1.4s
2025-11-23T10:48:58.4510434Z #22 sha256:0479c29a1895ac2a588a83452e0e922c771b3ea696361fb3005efd6dce23eb55 10.49MB / 72.71MB 2.1s
2025-11-23T10:48:58.4511319Z #22 sha256:7e49dc6156b0b532730614d83a65ae5e7ce61e966b0498703d333b4d03505e4f 12.58MB / 29.54MB 1.8s
2025-11-23T10:48:58.4512199Z #22 sha256:e10875650961bf4063d5186970a8c79ef61cf11ca22d49b715b9d59712e0869b 4.19MB / 16.15MB 1.5s
2025-11-23T10:48:58.6006129Z #22 sha256:7e49dc6156b0b532730614d83a65ae5e7ce61e966b0498703d333b4d03505e4f 16.78MB / 29.54MB 2.0s
2025-11-23T10:48:58.6007367Z #22 sha256:e10875650961bf4063d5186970a8c79ef61cf11ca22d49b715b9d59712e0869b 7.34MB / 16.15MB 1.7s
2025-11-23T10:48:58.7507321Z #22 sha256:0479c29a1895ac2a588a83452e0e922c771b3ea696361fb3005efd6dce23eb55 16.78MB / 72.71MB 2.4s
2025-11-23T10:48:58.7508173Z #22 sha256:7e49dc6156b0b532730614d83a65ae5e7ce61e966b0498703d333b4d03505e4f 20.97MB / 29.54MB 2.1s
2025-11-23T10:48:58.7508954Z #22 sha256:e10875650961bf4063d5186970a8c79ef61cf11ca22d49b715b9d59712e0869b 9.44MB / 16.15MB 1.8s
2025-11-23T10:48:58.8870096Z #22 sha256:e10875650961bf4063d5186970a8c79ef61cf11ca22d49b715b9d59712e0869b 16.15MB / 16.15MB 2.1s done
2025-11-23T10:48:58.8871260Z #22 sha256:4be944c6b743dbf21ecbe2d28355dc9f0e5ceadd25ba4c33e09883ea3fb27acc 3.15MB / 52.98MB 1.2s
2025-11-23T10:48:58.9953705Z #22 sha256:0479c29a1895ac2a588a83452e0e922c771b3ea696361fb3005efd6dce23eb55 23.07MB / 72.71MB 2.7s
2025-11-23T10:48:58.9955135Z #22 sha256:7e49dc6156b0b532730614d83a65ae5e7ce61e966b0498703d333b4d03505e4f 29.54MB / 29.54MB 2.3s done
2025-11-23T10:48:59.1040772Z #22 sha256:4be944c6b743dbf21ecbe2d28355dc9f0e5ceadd25ba4c33e09883ea3fb27acc 7.34MB / 52.98MB 1.5s
2025-11-23T10:48:59.2542754Z #22 sha256:0479c29a1895ac2a588a83452e0e922c771b3ea696361fb3005efd6dce23eb55 27.26MB / 72.71MB 2.9s
2025-11-23T10:48:59.2543720Z #22 sha256:4be944c6b743dbf21ecbe2d28355dc9f0e5ceadd25ba4c33e09883ea3fb27acc 12.58MB / 52.98MB 1.7s
2025-11-23T10:48:59.4035500Z #22 sha256:0479c29a1895ac2a588a83452e0e922c771b3ea696361fb3005efd6dce23eb55 31.46MB / 72.71MB 3.0s
2025-11-23T10:48:59.4036473Z #22 sha256:4be944c6b743dbf21ecbe2d28355dc9f0e5ceadd25ba4c33e09883ea3fb27acc 15.73MB / 52.98MB 1.8s
2025-11-23T10:48:59.5543347Z #22 sha256:0479c29a1895ac2a588a83452e0e922c771b3ea696361fb3005efd6dce23eb55 35.65MB / 72.71MB 3.2s
2025-11-23T10:48:59.5544526Z #22 sha256:4be944c6b743dbf21ecbe2d28355dc9f0e5ceadd25ba4c33e09883ea3fb27acc 19.92MB / 52.98MB 2.0s
2025-11-23T10:48:59.7040000Z #22 sha256:0479c29a1895ac2a588a83452e0e922c771b3ea696361fb3005efd6dce23eb55 39.85MB / 72.71MB 3.3s
2025-11-23T10:48:59.7040930Z #22 sha256:4be944c6b743dbf21ecbe2d28355dc9f0e5ceadd25ba4c33e09883ea3fb27acc 25.17MB / 52.98MB 2.1s
2025-11-23T10:48:59.8538631Z #22 sha256:0479c29a1895ac2a588a83452e0e922c771b3ea696361fb3005efd6dce23eb55 46.14MB / 72.71MB 3.5s
2025-11-23T10:48:59.8539775Z #22 sha256:4be944c6b743dbf21ecbe2d28355dc9f0e5ceadd25ba4c33e09883ea3fb27acc 29.36MB / 52.98MB 2.3s
2025-11-23T10:49:00.0041678Z #22 sha256:0479c29a1895ac2a588a83452e0e922c771b3ea696361fb3005efd6dce23eb55 51.38MB / 72.71MB 3.6s
2025-11-23T10:49:00.0042691Z #22 sha256:4be944c6b743dbf21ecbe2d28355dc9f0e5ceadd25ba4c33e09883ea3fb27acc 33.55MB / 52.98MB 2.4s
2025-11-23T10:49:00.1535076Z #22 sha256:4be944c6b743dbf21ecbe2d28355dc9f0e5ceadd25ba4c33e09883ea3fb27acc 36.70MB / 52.98MB 2.6s
2025-11-23T10:49:00.3037844Z #22 sha256:0479c29a1895ac2a588a83452e0e922c771b3ea696361fb3005efd6dce23eb55 56.62MB / 72.71MB 3.9s
2025-11-23T10:49:00.4583456Z #22 sha256:0479c29a1895ac2a588a83452e0e922c771b3ea696361fb3005efd6dce23eb55 62.91MB / 72.71MB 4.1s
2025-11-23T10:49:00.6056457Z #22 sha256:0479c29a1895ac2a588a83452e0e922c771b3ea696361fb3005efd6dce23eb55 68.16MB / 72.71MB 4.2s
2025-11-23T10:49:00.6057797Z #22 sha256:4be944c6b743dbf21ecbe2d28355dc9f0e5ceadd25ba4c33e09883ea3fb27acc 42.99MB / 52.98MB 3.0s
2025-11-23T10:49:00.6058923Z #22 sha256:82f0f6707dd14f4b50b2fcf046afafdd21c569b1c8c0d05eed070ceaa196fdf0 0B / 159B 0.2s
2025-11-23T10:49:00.7513248Z #22 sha256:0479c29a1895ac2a588a83452e0e922c771b3ea696361fb3005efd6dce23eb55 72.71MB / 72.71MB 4.4s done
2025-11-23T10:49:00.7514366Z #22 sha256:55135a7213f6021c2f7be62142583bd9d4eef722869235128decb808bad7d3cd 2.28kB / 2.28kB 0.2s done
2025-11-23T10:49:00.8979572Z #22 sha256:4be944c6b743dbf21ecbe2d28355dc9f0e5ceadd25ba4c33e09883ea3fb27acc 52.98MB / 52.98MB 3.3s done
2025-11-23T10:49:00.8980438Z #22 sha256:82f0f6707dd14f4b50b2fcf046afafdd21c569b1c8c0d05eed070ceaa196fdf0 159B / 159B 0.5s done
2025-11-23T10:49:00.8981192Z #22 DONE 4.8s
2025-11-23T10:49:00.8981390Z 
2025-11-23T10:49:00.8981723Z #31 exporting to image
2025-11-23T10:49:01.2588695Z #31 ...
2025-11-23T10:49:01.2588932Z 
2025-11-23T10:49:01.2589458Z #22 [linux/amd64 stage-1 4/4] COPY --from=builder --chown=spring:spring /app/build/libs/*.jar app.jar
2025-11-23T10:49:01.4112437Z #22 sha256:df8ba6a91485ab9fa84c34b7032d147263d7e5f4f0fbdda3889ed913c8386cea 0B / 93B 0.2s
2025-11-23T10:49:01.6502663Z #22 sha256:df8ba6a91485ab9fa84c34b7032d147263d7e5f4f0fbdda3889ed913c8386cea 93B / 93B 0.2s done
2025-11-23T10:49:01.6503323Z #22 sha256:12266bd84e580bcce13d3e66394fa236a44963b998962a22c566617be3166765 1.73kB / 1.73kB 0.2s done
2025-11-23T10:49:01.6503739Z #22 DONE 5.1s
2025-11-23T10:49:01.6503848Z 
2025-11-23T10:49:01.6503925Z #31 exporting to image
2025-11-23T10:49:02.8944362Z #31 pushing layers 9.3s done
2025-11-23T10:49:02.8945354Z #31 pushing manifest for ghcr.io/krzycuh/kma-poker-stats/backend:main@sha256:22ca2d4ea88def27c96e510b6002a2e90d0f0b47de259f4f0c1e1deee04803a6
2025-11-23T10:49:04.8852507Z #31 pushing manifest for ghcr.io/krzycuh/kma-poker-stats/backend:main@sha256:22ca2d4ea88def27c96e510b6002a2e90d0f0b47de259f4f0c1e1deee04803a6 2.0s done
2025-11-23T10:49:05.4331372Z #31 pushing layers 0.5s done
2025-11-23T10:49:05.4332478Z #31 pushing manifest for ghcr.io/krzycuh/kma-poker-stats/backend:sha-2d052c8@sha256:22ca2d4ea88def27c96e510b6002a2e90d0f0b47de259f4f0c1e1deee04803a6
2025-11-23T10:49:06.2233237Z #31 pushing manifest for ghcr.io/krzycuh/kma-poker-stats/backend:sha-2d052c8@sha256:22ca2d4ea88def27c96e510b6002a2e90d0f0b47de259f4f0c1e1deee04803a6 0.8s done
2025-11-23T10:49:06.2234134Z #31 DONE 14.5s
2025-11-23T10:49:06.2234347Z 
2025-11-23T10:49:06.2234503Z #33 exporting to GitHub Actions Cache
2025-11-23T10:49:06.2234813Z #33 preparing build cache for export
2025-11-23T10:49:22.0539231Z #33 writing layer sha256:0053e5818a6e8d1a15a06441ce5ffc605eb87138e57ddf2a25dcfb6a423afe23
2025-11-23T10:49:22.8331184Z #33 writing layer sha256:0053e5818a6e8d1a15a06441ce5ffc605eb87138e57ddf2a25dcfb6a423afe23 0.8s done
2025-11-23T10:49:23.0046715Z #33 writing layer sha256:06264556304042e648d17bebdd6326344ccb5c81617ccd6f52ed861a3565cf5a
2025-11-23T10:49:23.7967108Z #33 writing layer sha256:06264556304042e648d17bebdd6326344ccb5c81617ccd6f52ed861a3565cf5a 0.8s done
2025-11-23T10:49:24.0267805Z #33 writing layer sha256:0a8868eeb30ae6b43fdd3ec11d565b77e83f6c78c86d892957cf1cecb5cc59c9
2025-11-23T10:49:26.8389087Z #33 writing layer sha256:0a8868eeb30ae6b43fdd3ec11d565b77e83f6c78c86d892957cf1cecb5cc59c9 3.0s done
2025-11-23T10:49:27.0682870Z #33 writing layer sha256:0e16042106445dd15566caa0fe65d12144c7c23c15ca234d3faa47b5f2d3e9fd
2025-11-23T10:49:27.2500904Z #33 writing layer sha256:0e16042106445dd15566caa0fe65d12144c7c23c15ca234d3faa47b5f2d3e9fd 0.3s done
2025-11-23T10:49:27.4793273Z #33 writing layer sha256:0ec3d86457676c7af7a3b6d29565e0e8b30ed98afe5d606e00e565101f812623
2025-11-23T10:49:31.1868634Z #33 writing layer sha256:0ec3d86457676c7af7a3b6d29565e0e8b30ed98afe5d606e00e565101f812623 3.9s done
2025-11-23T10:49:31.4165913Z #33 writing layer sha256:100d28163a18333ca23965eec91b930b3dfa7c447f947958a3ae5eb70be68e6a
2025-11-23T10:49:31.5828362Z #33 writing layer sha256:100d28163a18333ca23965eec91b930b3dfa7c447f947958a3ae5eb70be68e6a 0.3s done
2025-11-23T10:49:31.8135052Z #33 writing layer sha256:105eaaf4af094bf08da8e32ab808f80b3958331e0b54da133728fef4500324fb
2025-11-23T10:49:32.4412215Z #33 writing layer sha256:105eaaf4af094bf08da8e32ab808f80b3958331e0b54da133728fef4500324fb 0.8s done
2025-11-23T10:49:32.6896129Z #33 writing layer sha256:19fed4c697cbdb704ffa20faeed81c4eb8b16824faa140cce1fd03b6eff14fb7
2025-11-23T10:49:33.5433931Z #33 writing layer sha256:19fed4c697cbdb704ffa20faeed81c4eb8b16824faa140cce1fd03b6eff14fb7 0.9s done
2025-11-23T10:49:33.7845788Z #33 writing layer sha256:3249b3b4ea9fd350cb37568efd8ec81804195361ec299f172c66042f99ef8f5b
2025-11-23T10:49:39.3170171Z #33 writing layer sha256:3249b3b4ea9fd350cb37568efd8ec81804195361ec299f172c66042f99ef8f5b 5.5s done
2025-11-23T10:49:39.5522045Z #33 writing layer sha256:3c543e0101a9e6577f29bf99799d2275d5f9eae69598c40a3f794d0ae452c0e2
2025-11-23T10:49:40.0759361Z #33 writing layer sha256:3c543e0101a9e6577f29bf99799d2275d5f9eae69598c40a3f794d0ae452c0e2 0.7s done
2025-11-23T10:49:40.3056974Z #33 writing layer sha256:434ab5fb9028d23408a0bd3d666e666ab40cc23103523bf43b7f0da583453ce2
2025-11-23T10:49:55.4231031Z #33 writing layer sha256:434ab5fb9028d23408a0bd3d666e666ab40cc23103523bf43b7f0da583453ce2 15.3s done
2025-11-23T10:49:56.2040778Z #33 writing layer sha256:6faf559b97ea6fa371a1503e9fcace8f87aaeaeed92375d9ff315c60a265ff76
2025-11-23T10:49:56.8552626Z #33 writing layer sha256:6faf559b97ea6fa371a1503e9fcace8f87aaeaeed92375d9ff315c60a265ff76 0.7s done
2025-11-23T10:49:57.0837836Z #33 writing layer sha256:7a57d4ec09c4e326c84981177bad7aef94e3c7a1b1e4ec87d76fcfeef6f14382
2025-11-23T10:49:57.6506420Z #33 writing layer sha256:7a57d4ec09c4e326c84981177bad7aef94e3c7a1b1e4ec87d76fcfeef6f14382 0.7s done
2025-11-23T10:49:57.8808660Z #33 writing layer sha256:7a9bd8d47ae8a72c541a2cb521b7609b27f522164fee8198c51dbe6e0e3ccb62
2025-11-23T10:50:06.2001260Z #33 writing layer sha256:7a9bd8d47ae8a72c541a2cb521b7609b27f522164fee8198c51dbe6e0e3ccb62 8.5s done
2025-11-23T10:50:06.5305229Z #33 writing layer sha256:953ebc36d8118a5c48afc37748851651787bf85a4c0b3cef2e58ea6ec152426f
2025-11-23T10:50:44.5049305Z #33 writing layer sha256:953ebc36d8118a5c48afc37748851651787bf85a4c0b3cef2e58ea6ec152426f 38.0s done
2025-11-23T10:50:44.6959366Z #33 writing layer sha256:9b076355b79badd38bc5732aebeb48133934a0adae078e4a6bf52c7d9d7a4a82
2025-11-23T10:50:48.2810704Z #33 writing layer sha256:9b076355b79badd38bc5732aebeb48133934a0adae078e4a6bf52c7d9d7a4a82 3.6s done
2025-11-23T10:50:48.4427837Z #33 writing layer sha256:b5e329fb7a0e143a03a99f87ec4d7acded1e81048017d71ea84307eb3c34a052
2025-11-23T10:50:48.7584059Z #33 writing layer sha256:b5e329fb7a0e143a03a99f87ec4d7acded1e81048017d71ea84307eb3c34a052 0.3s done
2025-11-23T10:50:48.9880858Z #33 writing layer sha256:b6176d2446654576af108ae2f889509d60082c4ff0c142183973cea644a74b19
2025-11-23T10:50:49.1547607Z #33 writing layer sha256:b6176d2446654576af108ae2f889509d60082c4ff0c142183973cea644a74b19 0.3s done
2025-11-23T10:50:49.4044089Z #33 writing layer sha256:d0c4fbd4e9d83ad90ce0ad2f1020e353b63183850d87d2df6bab21ba49e65781
2025-11-23T10:51:06.5433703Z #33 writing layer sha256:d0c4fbd4e9d83ad90ce0ad2f1020e353b63183850d87d2df6bab21ba49e65781 17.1s done
2025-11-23T10:51:06.7729100Z #33 writing layer sha256:d531a4258438229022265009e40f4dca470be14eee520a1e050004e7dc279382
2025-11-23T10:51:07.1952521Z #33 writing layer sha256:d531a4258438229022265009e40f4dca470be14eee520a1e050004e7dc279382 0.6s done
2025-11-23T10:51:07.5293212Z #33 writing layer sha256:f44e93e2f17680350eef250800f885c5ec5b1dfc6fb7c43cf8e92ea04d5a6f0b
2025-11-23T10:51:09.8450089Z #33 writing layer sha256:f44e93e2f17680350eef250800f885c5ec5b1dfc6fb7c43cf8e92ea04d5a6f0b 2.3s done
2025-11-23T10:51:10.0116077Z #33 writing layer sha256:fc40a6001ee01be38cea704e5d4e64e6b569c37c42227eabc9d308b26755e806
2025-11-23T10:51:17.0250071Z #33 writing layer sha256:fc40a6001ee01be38cea704e5d4e64e6b569c37c42227eabc9d308b26755e806 7.0s done
2025-11-23T10:51:17.7722811Z #33 preparing build cache for export 131.5s done
2025-11-23T10:51:17.7723347Z #33 DONE 131.5s
2025-11-23T10:51:17.7979918Z 
2025-11-23T10:51:17.7980196Z #34 resolving provenance for metadata file
2025-11-23T10:51:17.7980703Z #34 DONE 0.0s
2025-11-23T10:51:17.8051185Z ##[group]ImageID
2025-11-23T10:51:17.8051854Z sha256:22ca2d4ea88def27c96e510b6002a2e90d0f0b47de259f4f0c1e1deee04803a6
2025-11-23T10:51:17.8054285Z ##[endgroup]
2025-11-23T10:51:17.8054771Z ##[group]Digest
2025-11-23T10:51:17.8055223Z sha256:22ca2d4ea88def27c96e510b6002a2e90d0f0b47de259f4f0c1e1deee04803a6
2025-11-23T10:51:17.8056015Z ##[endgroup]
2025-11-23T10:51:17.8056475Z ##[group]Metadata
2025-11-23T10:51:17.8057001Z {
2025-11-23T10:51:17.8057844Z   "buildx.build.ref": "builder-a7766ce1-eafd-4374-a583-ea3de53f94d7/builder-a7766ce1-eafd-4374-a583-ea3de53f94d70/m631p1ec9cqngakvuxx1r2p6d",
2025-11-23T10:51:17.8058854Z   "containerimage.descriptor": {
2025-11-23T10:51:17.8059329Z     "mediaType": "application/vnd.oci.image.index.v1+json",
2025-11-23T10:51:17.8060066Z     "digest": "sha256:22ca2d4ea88def27c96e510b6002a2e90d0f0b47de259f4f0c1e1deee04803a6",
2025-11-23T10:51:17.8060692Z     "size": 1609
2025-11-23T10:51:17.8060916Z   },
2025-11-23T10:51:17.8061278Z   "containerimage.digest": "sha256:22ca2d4ea88def27c96e510b6002a2e90d0f0b47de259f4f0c1e1deee04803a6",
2025-11-23T10:51:17.8062219Z   "image.name": "ghcr.io/krzycuh/kma-poker-stats/backend:main,ghcr.io/krzycuh/kma-poker-stats/backend:sha-2d052c8"
2025-11-23T10:51:17.8062677Z }
2025-11-23T10:51:17.8062953Z ##[endgroup]
2025-11-23T10:51:17.8200648Z ##[group]Run docker/build-push-action@v5
2025-11-23T10:51:17.8201120Z with:
2025-11-23T10:51:17.8201417Z   context: ./frontend
2025-11-23T10:51:17.8202018Z   push: true
2025-11-23T10:51:17.8202360Z   platforms: linux/amd64,linux/arm64/v8
2025-11-23T10:51:17.8203535Z   tags: ghcr.io/krzycuh/kma-poker-stats/frontend:main
ghcr.io/krzycuh/kma-poker-stats/frontend:sha-2d052c8
2025-11-23T10:51:17.8206825Z   labels: org.opencontainers.image.created=2025-11-23T10:31:36.845Z
org.opencontainers.image.description=
org.opencontainers.image.licenses=
org.opencontainers.image.revision=2d052c8193d0fc580a315887d6011af763f8108a
org.opencontainers.image.source=https://github.com/krzycuh/kma-poker-stats
org.opencontainers.image.title=kma-poker-stats
org.opencontainers.image.url=https://github.com/krzycuh/kma-poker-stats
org.opencontainers.image.version=main
2025-11-23T10:51:17.8209783Z   cache-from: type=gha
2025-11-23T10:51:17.8210152Z   cache-to: type=gha,mode=max
2025-11-23T10:51:17.8210605Z   build-args: BUILD_DATE=
VERSION=main

2025-11-23T10:51:17.8211013Z   load: false
2025-11-23T10:51:17.8211346Z   no-cache: false
2025-11-23T10:51:17.8211866Z   pull: false
2025-11-23T10:51:17.8212378Z   github-token: ***
2025-11-23T10:51:17.8212728Z env:
2025-11-23T10:51:17.8213012Z   REGISTRY: ghcr.io
2025-11-23T10:51:17.8213374Z   IMAGE_NAME: krzycuh/kma-poker-stats
2025-11-23T10:51:17.8213826Z   DOCKER_METADATA_OUTPUT_VERSION: main
2025-11-23T10:51:17.8214761Z   DOCKER_METADATA_OUTPUT_TAGS: ghcr.io/krzycuh/kma-poker-stats/frontend:main
ghcr.io/krzycuh/kma-poker-stats/frontend:sha-2d052c8
2025-11-23T10:51:17.8215772Z   DOCKER_METADATA_OUTPUT_TAG_NAMES: main
sha-2d052c8
2025-11-23T10:51:17.8218855Z   DOCKER_METADATA_OUTPUT_LABELS: org.opencontainers.image.created=2025-11-23T10:31:36.845Z
org.opencontainers.image.description=
org.opencontainers.image.licenses=
org.opencontainers.image.revision=2d052c8193d0fc580a315887d6011af763f8108a
org.opencontainers.image.source=https://github.com/krzycuh/kma-poker-stats
org.opencontainers.image.title=kma-poker-stats
org.opencontainers.image.url=https://github.com/krzycuh/kma-poker-stats
org.opencontainers.image.version=main
2025-11-23T10:51:17.8225219Z   DOCKER_METADATA_OUTPUT_ANNOTATIONS: manifest:org.opencontainers.image.created=2025-11-23T10:31:36.845Z
manifest:org.opencontainers.image.description=
manifest:org.opencontainers.image.licenses=
manifest:org.opencontainers.image.revision=2d052c8193d0fc580a315887d6011af763f8108a
manifest:org.opencontainers.image.source=https://github.com/krzycuh/kma-poker-stats
manifest:org.opencontainers.image.title=kma-poker-stats
manifest:org.opencontainers.image.url=https://github.com/krzycuh/kma-poker-stats
manifest:org.opencontainers.image.version=main
2025-11-23T10:51:17.8235461Z   DOCKER_METADATA_OUTPUT_JSON: {"tags":["ghcr.io/krzycuh/kma-poker-stats/frontend:main","ghcr.io/krzycuh/kma-poker-stats/frontend:sha-2d052c8"],"tag-names":["main","sha-2d052c8"],"labels":{"org.opencontainers.image.created":"2025-11-23T10:31:36.845Z","org.opencontainers.image.description":"","org.opencontainers.image.licenses":"","org.opencontainers.image.revision":"2d052c8193d0fc580a315887d6011af763f8108a","org.opencontainers.image.source":"https://github.com/krzycuh/kma-poker-stats","org.opencontainers.image.title":"kma-poker-stats","org.opencontainers.image.url":"https://github.com/krzycuh/kma-poker-stats","org.opencontainers.image.version":"main"},"annotations":["manifest:org.opencontainers.image.created=2025-11-23T10:31:36.845Z","manifest:org.opencontainers.image.description=","manifest:org.opencontainers.image.licenses=","manifest:org.opencontainers.image.revision=2d052c8193d0fc580a315887d6011af763f8108a","manifest:org.opencontainers.image.source=https://github.com/krzycuh/kma-poker-stats","manifest:org.opencontainers.image.title=kma-poker-stats","manifest:org.opencontainers.image.url=https://github.com/krzycuh/kma-poker-stats","manifest:org.opencontainers.image.version=main"]}
2025-11-23T10:51:17.8241447Z   DOCKER_METADATA_OUTPUT_BAKE_FILE_TAGS: /home/runner/work/_temp/docker-actions-toolkit-U0XQHg/docker-metadata-action-bake-tags.json
2025-11-23T10:51:17.8242618Z   DOCKER_METADATA_OUTPUT_BAKE_FILE_LABELS: /home/runner/work/_temp/docker-actions-toolkit-U0XQHg/docker-metadata-action-bake-labels.json
2025-11-23T10:51:17.8243521Z   DOCKER_METADATA_OUTPUT_BAKE_FILE_ANNOTATIONS: /home/runner/work/_temp/docker-actions-toolkit-U0XQHg/docker-metadata-action-bake-annotations.json
2025-11-23T10:51:17.8244570Z   DOCKER_METADATA_OUTPUT_BAKE_FILE: /home/runner/work/_temp/docker-actions-toolkit-U0XQHg/docker-metadata-action-bake.json
2025-11-23T10:51:17.8245072Z ##[endgroup]
2025-11-23T10:51:18.0453066Z ##[group]GitHub Actions runtime token ACs
2025-11-23T10:51:18.0463619Z refs/heads/main: read/write
2025-11-23T10:51:18.0464627Z ##[endgroup]
2025-11-23T10:51:18.0465150Z ##[group]Docker info
2025-11-23T10:51:18.0514464Z [command]/usr/bin/docker version
2025-11-23T10:51:18.0706245Z Client: Docker Engine - Community
2025-11-23T10:51:18.0706758Z  Version:           28.0.4
2025-11-23T10:51:18.0709495Z  API version:       1.48
2025-11-23T10:51:18.0710349Z  Go version:        go1.23.7
2025-11-23T10:51:18.0710741Z  Git commit:        b8034c0
2025-11-23T10:51:18.0711090Z  Built:             Tue Mar 25 15:07:16 2025
2025-11-23T10:51:18.0711696Z  OS/Arch:           linux/amd64
2025-11-23T10:51:18.0712070Z  Context:           default
2025-11-23T10:51:18.0712275Z 
2025-11-23T10:51:18.0712427Z Server: Docker Engine - Community
2025-11-23T10:51:18.0712767Z  Engine:
2025-11-23T10:51:18.0713032Z   Version:          28.0.4
2025-11-23T10:51:18.0713391Z   API version:      1.48 (minimum version 1.24)
2025-11-23T10:51:18.0713808Z   Go version:       go1.23.7
2025-11-23T10:51:18.0714128Z   Git commit:       6430e49
2025-11-23T10:51:18.0714468Z   Built:            Tue Mar 25 15:07:16 2025
2025-11-23T10:51:18.0714876Z   OS/Arch:          linux/amd64
2025-11-23T10:51:18.0715245Z   Experimental:     false
2025-11-23T10:51:18.0715582Z  containerd:
2025-11-23T10:51:18.0715860Z   Version:          v2.1.5
2025-11-23T10:51:18.0716317Z   GitCommit:        fcd43222d6b07379a4be9786bda52438f0dd16a1
2025-11-23T10:51:18.0716788Z  runc:
2025-11-23T10:51:18.0717067Z   Version:          1.3.3
2025-11-23T10:51:18.0717420Z   GitCommit:        v1.3.3-0-gd842d771
2025-11-23T10:51:18.0717826Z  docker-init:
2025-11-23T10:51:18.0718139Z   Version:          0.19.0
2025-11-23T10:51:18.0718480Z   GitCommit:        de40ad0
2025-11-23T10:51:18.0757057Z [command]/usr/bin/docker info
2025-11-23T10:51:18.1145289Z Client: Docker Engine - Community
2025-11-23T10:51:18.1145810Z  Version:    28.0.4
2025-11-23T10:51:18.1146106Z  Context:    default
2025-11-23T10:51:18.1146406Z  Debug Mode: false
2025-11-23T10:51:18.1146708Z  Plugins:
2025-11-23T10:51:18.1147019Z   buildx: Docker Buildx (Docker Inc.)
2025-11-23T10:51:18.1147456Z     Version:  v0.29.1
2025-11-23T10:51:18.1147750Z     Path:     /usr/libexec/docker/cli-plugins/docker-buildx
2025-11-23T10:51:18.1148075Z   compose: Docker Compose (Docker Inc.)
2025-11-23T10:51:18.1148341Z     Version:  v2.38.2
2025-11-23T10:51:18.1148584Z     Path:     /usr/libexec/docker/cli-plugins/docker-compose
2025-11-23T10:51:18.1148795Z 
2025-11-23T10:51:18.1148865Z Server:
2025-11-23T10:51:18.1149014Z  Containers: 1
2025-11-23T10:51:18.1149179Z   Running: 1
2025-11-23T10:51:18.1149334Z   Paused: 0
2025-11-23T10:51:18.1149503Z   Stopped: 0
2025-11-23T10:51:18.1149653Z  Images: 2
2025-11-23T10:51:18.1149815Z  Server Version: 28.0.4
2025-11-23T10:51:18.1150006Z  Storage Driver: overlay2
2025-11-23T10:51:18.1150211Z   Backing Filesystem: extfs
2025-11-23T10:51:18.1150411Z   Supports d_type: true
2025-11-23T10:51:18.1150605Z   Using metacopy: false
2025-11-23T10:51:18.1150796Z   Native Overlay Diff: false
2025-11-23T10:51:18.1150993Z   userxattr: false
2025-11-23T10:51:18.1151178Z  Logging Driver: json-file
2025-11-23T10:51:18.1151372Z  Cgroup Driver: systemd
2025-11-23T10:51:18.1151859Z  Cgroup Version: 2
2025-11-23T10:51:18.1152033Z  Plugins:
2025-11-23T10:51:18.1152196Z   Volume: local
2025-11-23T10:51:18.1152728Z   Network: bridge host ipvlan macvlan null overlay
2025-11-23T10:51:18.1153108Z   Log: awslogs fluentd gcplogs gelf journald json-file local splunk syslog
2025-11-23T10:51:18.1153428Z  Swarm: inactive
2025-11-23T10:51:18.1153624Z  Runtimes: io.containerd.runc.v2 runc
2025-11-23T10:51:18.1154005Z  Default Runtime: runc
2025-11-23T10:51:18.1154202Z  Init Binary: docker-init
2025-11-23T10:51:18.1154477Z  containerd version: fcd43222d6b07379a4be9786bda52438f0dd16a1
2025-11-23T10:51:18.1154783Z  runc version: v1.3.3-0-gd842d771
2025-11-23T10:51:18.1155007Z  init version: de40ad0
2025-11-23T10:51:18.1155186Z  Security Options:
2025-11-23T10:51:18.1155356Z   apparmor
2025-11-23T10:51:18.1155504Z   seccomp
2025-11-23T10:51:18.1155678Z    Profile: builtin
2025-11-23T10:51:18.1155983Z   cgroupns
2025-11-23T10:51:18.1156258Z  Kernel Version: 6.11.0-1018-azure
2025-11-23T10:51:18.1156499Z  Operating System: Ubuntu 24.04.3 LTS
2025-11-23T10:51:18.1156718Z  OSType: linux
2025-11-23T10:51:18.1156892Z  Architecture: x86_64
2025-11-23T10:51:18.1157076Z  CPUs: 4
2025-11-23T10:51:18.1157238Z  Total Memory: 15.62GiB
2025-11-23T10:51:18.1157420Z  Name: runnervmg1sw1
2025-11-23T10:51:18.1157617Z  ID: 25309008-d3b6-4795-9b53-5704e2dd5a06
2025-11-23T10:51:18.1157854Z  Docker Root Dir: /var/lib/docker
2025-11-23T10:51:18.1158075Z  Debug Mode: false
2025-11-23T10:51:18.1158251Z  Username: githubactions
2025-11-23T10:51:18.1158449Z  Experimental: false
2025-11-23T10:51:18.1158627Z  Insecure Registries:
2025-11-23T10:51:18.1158828Z   ::1/128
2025-11-23T10:51:18.1158978Z   127.0.0.0/8
2025-11-23T10:51:18.1159146Z  Live Restore Enabled: false
2025-11-23T10:51:18.1159281Z 
2025-11-23T10:51:18.1160997Z ##[endgroup]
2025-11-23T10:51:18.1161728Z ##[group]Proxy configuration
2025-11-23T10:51:18.1165030Z No proxy configuration found
2025-11-23T10:51:18.1165590Z ##[endgroup]
2025-11-23T10:51:18.1823220Z ##[group]Buildx version
2025-11-23T10:51:18.1848671Z [command]/usr/bin/docker buildx version
2025-11-23T10:51:18.2318859Z github.com/docker/buildx v0.29.1 a32761aeb3debd39be1eca514af3693af0db334b
2025-11-23T10:51:18.2350840Z ##[endgroup]
2025-11-23T10:51:18.2352628Z ##[group]Builder info
2025-11-23T10:51:18.3523155Z {
2025-11-23T10:51:18.3525166Z   "nodes": [
2025-11-23T10:51:18.3525488Z     {
2025-11-23T10:51:18.3525913Z       "name": "builder-a7766ce1-eafd-4374-a583-ea3de53f94d70",
2025-11-23T10:51:18.3526542Z       "endpoint": "unix:///var/run/docker.sock",
2025-11-23T10:51:18.3527025Z       "status": "running",
2025-11-23T10:51:18.3527837Z       "buildkitd-flags": "--allow-insecure-entitlement security.insecure --allow-insecure-entitlement network.host",
2025-11-23T10:51:18.3528670Z       "buildkit": "v0.26.2",
2025-11-23T10:51:18.3529887Z       "platforms": "linux/amd64,linux/amd64/v2,linux/amd64/v3,linux/arm64,linux/riscv64,linux/ppc64le,linux/s390x,linux/386,linux/mips64le,linux/mips64,linux/loong64,linux/arm/v7,linux/arm/v6",
2025-11-23T10:51:18.3531159Z       "features": {
2025-11-23T10:51:18.3531922Z         "Automatically load images to the Docker Engine image store": true,
2025-11-23T10:51:18.3532547Z         "Cache export": true,
2025-11-23T10:51:18.3532918Z         "Direct push": true,
2025-11-23T10:51:18.3533261Z         "Docker exporter": true,
2025-11-23T10:51:18.3533659Z         "Multi-platform build": true,
2025-11-23T10:51:18.3534087Z         "OCI exporter": true
2025-11-23T10:51:18.3534447Z       },
2025-11-23T10:51:18.3534709Z       "labels": {
2025-11-23T10:51:18.3535198Z         "org.mobyproject.buildkit.worker.executor": "oci",
2025-11-23T10:51:18.3535836Z         "org.mobyproject.buildkit.worker.hostname": "e482e14c84ca",
2025-11-23T10:51:18.3536494Z         "org.mobyproject.buildkit.worker.network": "host",
2025-11-23T10:51:18.3537155Z         "org.mobyproject.buildkit.worker.oci.process-mode": "sandbox",
2025-11-23T10:51:18.3537883Z         "org.mobyproject.buildkit.worker.selinux.enabled": "false",
2025-11-23T10:51:18.3538591Z         "org.mobyproject.buildkit.worker.snapshotter": "overlayfs"
2025-11-23T10:51:18.3539113Z       },
2025-11-23T10:51:18.3539747Z       "gcPolicy": [
2025-11-23T10:51:18.3540088Z         {
2025-11-23T10:51:18.3540370Z           "all": false,
2025-11-23T10:51:18.3540700Z           "filter": [
2025-11-23T10:51:18.3541044Z             "type==source.local",
2025-11-23T10:51:18.3541432Z             "type==exec.cachemount",
2025-11-23T10:51:18.3542331Z             "type==source.git.checkout"
2025-11-23T10:51:18.3542708Z           ],
2025-11-23T10:51:18.3543004Z           "keepDuration": "48h0m0s"
2025-11-23T10:51:18.3543395Z         },
2025-11-23T10:51:18.3543646Z         {
2025-11-23T10:51:18.3543921Z           "all": false,
2025-11-23T10:51:18.3544264Z           "keepDuration": "1440h0m0s"
2025-11-23T10:51:18.3544650Z         },
2025-11-23T10:51:18.3544899Z         {
2025-11-23T10:51:18.3545227Z           "all": false
2025-11-23T10:51:18.3545527Z         },
2025-11-23T10:51:18.3545786Z         {
2025-11-23T10:51:18.3546051Z           "all": true
2025-11-23T10:51:18.3546346Z         }
2025-11-23T10:51:18.3546615Z       ]
2025-11-23T10:51:18.3546868Z     }
2025-11-23T10:51:18.3547126Z   ],
2025-11-23T10:51:18.3547492Z   "name": "builder-a7766ce1-eafd-4374-a583-ea3de53f94d7",
2025-11-23T10:51:18.3548018Z   "driver": "docker-container",
2025-11-23T10:51:18.3548409Z   "lastActivity": "2025-11-23T10:31:37.000Z"
2025-11-23T10:51:18.3548818Z }
2025-11-23T10:51:18.3549384Z ##[endgroup]
2025-11-23T10:51:18.5015956Z [command]/usr/bin/docker buildx build --build-arg BUILD_DATE= --build-arg VERSION=main --cache-from type=gha --cache-to type=gha,mode=max --iidfile /home/runner/work/_temp/docker-actions-toolkit-zj2OxX/build-iidfile-886b1b2021.txt --label org.opencontainers.image.created=2025-11-23T10:31:36.845Z --label org.opencontainers.image.description= --label org.opencontainers.image.licenses= --label org.opencontainers.image.revision=2d052c8193d0fc580a315887d6011af763f8108a --label org.opencontainers.image.source=https://github.com/krzycuh/kma-poker-stats --label org.opencontainers.image.title=kma-poker-stats --label org.opencontainers.image.url=https://github.com/krzycuh/kma-poker-stats --label org.opencontainers.image.version=main --platform linux/amd64,linux/arm64/v8 --attest type=provenance,mode=max,builder-id=https://github.com/krzycuh/kma-poker-stats/actions/runs/19609830166 --tag ghcr.io/krzycuh/kma-poker-stats/frontend:main --tag ghcr.io/krzycuh/kma-poker-stats/frontend:sha-2d052c8 --metadata-file /home/runner/work/_temp/docker-actions-toolkit-zj2OxX/build-metadata-2958c0e8e6.json --push ./frontend
2025-11-23T10:51:18.5950811Z #0 building with "builder-a7766ce1-eafd-4374-a583-ea3de53f94d7" instance using docker-container driver
2025-11-23T10:51:18.5951362Z 
2025-11-23T10:51:18.5951690Z #1 [internal] load build definition from Dockerfile
2025-11-23T10:51:18.5952161Z #1 DONE 0.0s
2025-11-23T10:51:18.7529777Z 
2025-11-23T10:51:18.7530030Z #1 [internal] load build definition from Dockerfile
2025-11-23T10:51:18.7530414Z #1 transferring dockerfile: 509B done
2025-11-23T10:51:18.7530790Z #1 DONE 0.0s
2025-11-23T10:51:18.7530927Z 
2025-11-23T10:51:18.7531160Z #2 [linux/amd64 internal] load metadata for docker.io/library/node:18-alpine
2025-11-23T10:51:18.9614549Z #2 ...
2025-11-23T10:51:18.9614785Z 
2025-11-23T10:51:18.9615012Z #3 [auth] library/nginx:pull token for registry-1.docker.io
2025-11-23T10:51:18.9615552Z #3 DONE 0.0s
2025-11-23T10:51:18.9615721Z 
2025-11-23T10:51:18.9615938Z #4 [auth] library/node:pull token for registry-1.docker.io
2025-11-23T10:51:18.9616275Z #4 DONE 0.0s
2025-11-23T10:51:19.1116389Z 
2025-11-23T10:51:19.1117267Z #5 [linux/arm64 internal] load metadata for docker.io/library/node:18-alpine
2025-11-23T10:51:19.4609227Z #5 DONE 0.9s
2025-11-23T10:51:19.4609469Z 
2025-11-23T10:51:19.4609787Z #6 [linux/amd64 internal] load metadata for docker.io/library/nginx:alpine
2025-11-23T10:51:19.6036067Z #6 DONE 0.9s
2025-11-23T10:51:19.6036329Z 
2025-11-23T10:51:19.6036690Z #2 [linux/amd64 internal] load metadata for docker.io/library/node:18-alpine
2025-11-23T10:51:19.6037426Z #2 DONE 0.9s
2025-11-23T10:51:19.6037951Z 
2025-11-23T10:51:19.6038118Z #7 [internal] load .dockerignore
2025-11-23T10:51:19.6038504Z #7 transferring context: 2B done
2025-11-23T10:51:19.6038907Z #7 DONE 0.0s
2025-11-23T10:51:19.6039143Z 
2025-11-23T10:51:19.6039565Z #8 [linux/arm64 internal] load metadata for docker.io/library/nginx:alpine
2025-11-23T10:51:19.6040415Z #8 DONE 1.0s
2025-11-23T10:51:19.7648297Z 
2025-11-23T10:51:19.7649184Z #9 [internal] load build context
2025-11-23T10:51:19.7650641Z #9 DONE 0.0s
2025-11-23T10:51:19.7651288Z 
2025-11-23T10:51:19.7659501Z #10 [linux/amd64 builder 1/6] FROM docker.io/library/node:18-alpine@sha256:8d6421d663b4c28fd3ebc498332f249011d118945588d0a35cb9bc4b8ca09d9e
2025-11-23T10:51:19.7660945Z #10 resolve docker.io/library/node:18-alpine@sha256:8d6421d663b4c28fd3ebc498332f249011d118945588d0a35cb9bc4b8ca09d9e done
2025-11-23T10:51:19.7662019Z #10 DONE 0.0s
2025-11-23T10:51:19.7662204Z 
2025-11-23T10:51:19.7662929Z #11 [linux/arm64 stage-1 1/3] FROM docker.io/library/nginx:alpine@sha256:b3c656d55d7ad751196f21b7fd2e8d4da9cb430e32f646adcf92441b72f82b14
2025-11-23T10:51:19.7664272Z #11 resolve docker.io/library/nginx:alpine@sha256:b3c656d55d7ad751196f21b7fd2e8d4da9cb430e32f646adcf92441b72f82b14 done
2025-11-23T10:51:19.7665097Z #11 DONE 0.0s
2025-11-23T10:51:19.7665224Z 
2025-11-23T10:51:19.7665930Z #12 [linux/amd64 stage-1 1/3] FROM docker.io/library/nginx:alpine@sha256:b3c656d55d7ad751196f21b7fd2e8d4da9cb430e32f646adcf92441b72f82b14
2025-11-23T10:51:19.7667368Z #12 resolve docker.io/library/nginx:alpine@sha256:b3c656d55d7ad751196f21b7fd2e8d4da9cb430e32f646adcf92441b72f82b14 done
2025-11-23T10:51:19.7668082Z #12 DONE 0.0s
2025-11-23T10:51:19.7668269Z 
2025-11-23T10:51:19.7668498Z #13 importing cache manifest from gha:10656624198822021673
2025-11-23T10:51:19.7669004Z #13 DONE 0.2s
2025-11-23T10:51:19.9036459Z 
2025-11-23T10:51:19.9036863Z #9 [internal] load build context
2025-11-23T10:51:19.9037497Z #9 transferring context: 472.27kB 0.0s done
2025-11-23T10:51:19.9037934Z #9 DONE 0.0s
2025-11-23T10:51:19.9038104Z 
2025-11-23T10:51:19.9038784Z #14 [linux/arm64 builder 1/6] FROM docker.io/library/node:18-alpine@sha256:8d6421d663b4c28fd3ebc498332f249011d118945588d0a35cb9bc4b8ca09d9e
2025-11-23T10:51:19.9040059Z #14 resolve docker.io/library/node:18-alpine@sha256:8d6421d663b4c28fd3ebc498332f249011d118945588d0a35cb9bc4b8ca09d9e done
2025-11-23T10:51:20.0200233Z #14 sha256:02bb84e9f3412827f177bc6c020812249b32a8425d2c1858e9d71bd4c015f031 443B / 443B 0.1s done
2025-11-23T10:51:20.0201346Z #14 sha256:8bfa36aa66ce614f6da68a16fb71f875da8d623310f0cb80ae1ecfa092f587f6 1.26MB / 1.26MB 0.1s done
2025-11-23T10:51:20.1309938Z #14 sha256:d84c815451acbca96b6e6bdb479929222bec57121dfe10cc5b128c5c2dbaf10a 15.73MB / 39.66MB 0.2s
2025-11-23T10:51:20.1312134Z #14 sha256:6e771e15690e2fabf2332d3a3b744495411d6e0b00b2aea64419b58b0066cf81 3.99MB / 3.99MB 0.1s done
2025-11-23T10:51:20.1313580Z #14 extracting sha256:6e771e15690e2fabf2332d3a3b744495411d6e0b00b2aea64419b58b0066cf81
2025-11-23T10:51:20.2350639Z #14 sha256:d84c815451acbca96b6e6bdb479929222bec57121dfe10cc5b128c5c2dbaf10a 36.70MB / 39.66MB 0.3s
2025-11-23T10:51:20.3709585Z #14 sha256:d84c815451acbca96b6e6bdb479929222bec57121dfe10cc5b128c5c2dbaf10a 39.66MB / 39.66MB 0.3s done
2025-11-23T10:51:20.3711453Z #14 extracting sha256:6e771e15690e2fabf2332d3a3b744495411d6e0b00b2aea64419b58b0066cf81 0.1s done
2025-11-23T10:51:20.3714912Z #14 extracting sha256:d84c815451acbca96b6e6bdb479929222bec57121dfe10cc5b128c5c2dbaf10a
2025-11-23T10:51:20.7163299Z #14 ...
2025-11-23T10:51:20.7165055Z 
2025-11-23T10:51:20.7166056Z #12 [linux/amd64 stage-1 1/3] FROM docker.io/library/nginx:alpine@sha256:b3c656d55d7ad751196f21b7fd2e8d4da9cb430e32f646adcf92441b72f82b14
2025-11-23T10:51:20.7169129Z #12 sha256:bdabb0d442710d667f4fd871b5fd215cc2a430a95b192bc508bf945b8e60999b 16.97MB / 16.97MB 0.2s done
2025-11-23T10:51:20.7170715Z #12 sha256:ff8a36d5502a57c3fc8eeff48e578ab433a03b1dd528992ba0d966ddf853309a 1.40kB / 1.40kB 0.1s done
2025-11-23T10:51:20.7172346Z #12 sha256:d9a55dab5954588333096b28b351999099bea5eb3c68c10e99f175b12c97198d 1.21kB / 1.21kB 0.1s done
2025-11-23T10:51:20.7173611Z #12 sha256:df413d6ebdc834bccf63178455d406c4d25e2c2d38d2c1ab79ee5494b18e5624 403B / 403B 0.1s done
2025-11-23T10:51:20.7174785Z #12 sha256:3eaba6cd10a374d9ed629c26d76a5258e20ddfa09fcef511c98aa620dcf3fae4 955B / 955B 0.1s done
2025-11-23T10:51:20.7176026Z #12 sha256:194fa24e147df0010e146240d3b4bd25d04180c523dc717e4645b269991483e3 628B / 628B 0.1s done
2025-11-23T10:51:20.7177240Z #12 sha256:8f6a6833e95d43ac524f1f9c5e7c1316c1f3b8e7ae5ba3db4e54b0c5b910e80a 1.84MB / 1.84MB 0.1s done
2025-11-23T10:51:20.7178346Z #12 sha256:2d35ebdb57d9971fea0cac1582aa78935adf8058b2cc32db163c98822e5dfa1b 3.80MB / 3.80MB 0.1s done
2025-11-23T10:51:20.7179398Z #12 extracting sha256:2d35ebdb57d9971fea0cac1582aa78935adf8058b2cc32db163c98822e5dfa1b 0.1s done
2025-11-23T10:51:20.7180730Z #12 extracting sha256:8f6a6833e95d43ac524f1f9c5e7c1316c1f3b8e7ae5ba3db4e54b0c5b910e80a 0.2s done
2025-11-23T10:51:20.7186638Z #12 DONE 1.0s
2025-11-23T10:51:20.9376370Z 
2025-11-23T10:51:20.9377703Z #12 [linux/amd64 stage-1 1/3] FROM docker.io/library/nginx:alpine@sha256:b3c656d55d7ad751196f21b7fd2e8d4da9cb430e32f646adcf92441b72f82b14
2025-11-23T10:51:20.9379320Z #12 extracting sha256:194fa24e147df0010e146240d3b4bd25d04180c523dc717e4645b269991483e3 done
2025-11-23T10:51:20.9380642Z #12 extracting sha256:3eaba6cd10a374d9ed629c26d76a5258e20ddfa09fcef511c98aa620dcf3fae4 done
2025-11-23T10:51:20.9382184Z #12 extracting sha256:df413d6ebdc834bccf63178455d406c4d25e2c2d38d2c1ab79ee5494b18e5624 done
2025-11-23T10:51:20.9383208Z #12 extracting sha256:d9a55dab5954588333096b28b351999099bea5eb3c68c10e99f175b12c97198d done
2025-11-23T10:51:20.9384181Z #12 extracting sha256:ff8a36d5502a57c3fc8eeff48e578ab433a03b1dd528992ba0d966ddf853309a done
2025-11-23T10:51:20.9385117Z #12 extracting sha256:bdabb0d442710d667f4fd871b5fd215cc2a430a95b192bc508bf945b8e60999b
2025-11-23T10:51:20.9632079Z #12 ...
2025-11-23T10:51:20.9634354Z 
2025-11-23T10:51:20.9635080Z #11 [linux/arm64 stage-1 1/3] FROM docker.io/library/nginx:alpine@sha256:b3c656d55d7ad751196f21b7fd2e8d4da9cb430e32f646adcf92441b72f82b14
2025-11-23T10:51:20.9641760Z #11 sha256:f8eeebac607b6f2fd7b3c8631336b46b9d49ed803a341d543cbdb6c68f03ee3c 1.40kB / 1.40kB 0.1s done
2025-11-23T10:51:20.9643016Z #11 sha256:177e4686197c5e072a1a5269799c994b3b311c2f9449b5382f87789f9e91923b 17.12MB / 17.12MB 0.2s done
2025-11-23T10:51:20.9644143Z #11 sha256:3faf828a255d4e4d22fae745973d3ec1fa7af078f7445a3b2526126a983241b3 1.21kB / 1.21kB 0.1s done
2025-11-23T10:51:20.9645204Z #11 sha256:0df2b951c55741af5433e0f01de1847737c2b24b62495b1fa0a58caf6371e7be 404B / 404B 0.1s done
2025-11-23T10:51:20.9646248Z #11 sha256:d1f61a2b124ba7d3eb931979c296d382cf5cf7af40b0aa3cde80bb667f7fe5e2 954B / 954B 0.1s done
2025-11-23T10:51:20.9647279Z #11 sha256:3084427d3c25b62a039a5619719451ec2fc43e0ec8162c8c7fd695688a3a980a 627B / 627B 0.1s done
2025-11-23T10:51:20.9648319Z #11 sha256:2bc0551b328594e1eefc9a797f5726fb75c8c09e95242f4488e853e9f6a611df 1.83MB / 1.83MB 0.1s done
2025-11-23T10:51:20.9649712Z #11 sha256:6b59a28fa20117e6048ad0616b8d8c901877ef15ff4c7f18db04e4f01f43bc39 4.14MB / 4.14MB 0.1s done
2025-11-23T10:51:20.9650767Z #11 extracting sha256:6b59a28fa20117e6048ad0616b8d8c901877ef15ff4c7f18db04e4f01f43bc39 0.2s done
2025-11-23T10:51:20.9652036Z #11 extracting sha256:2bc0551b328594e1eefc9a797f5726fb75c8c09e95242f4488e853e9f6a611df 0.2s done
2025-11-23T10:51:20.9652739Z #11 DONE 1.2s
2025-11-23T10:51:21.1582117Z 
2025-11-23T10:51:21.1584358Z #11 [linux/arm64 stage-1 1/3] FROM docker.io/library/nginx:alpine@sha256:b3c656d55d7ad751196f21b7fd2e8d4da9cb430e32f646adcf92441b72f82b14
2025-11-23T10:51:21.1588419Z #11 extracting sha256:3084427d3c25b62a039a5619719451ec2fc43e0ec8162c8c7fd695688a3a980a done
2025-11-23T10:51:21.1589455Z #11 extracting sha256:d1f61a2b124ba7d3eb931979c296d382cf5cf7af40b0aa3cde80bb667f7fe5e2 done
2025-11-23T10:51:21.1590482Z #11 extracting sha256:0df2b951c55741af5433e0f01de1847737c2b24b62495b1fa0a58caf6371e7be 0.0s done
2025-11-23T10:51:21.1591826Z #11 extracting sha256:3faf828a255d4e4d22fae745973d3ec1fa7af078f7445a3b2526126a983241b3 done
2025-11-23T10:51:21.1592821Z #11 extracting sha256:f8eeebac607b6f2fd7b3c8631336b46b9d49ed803a341d543cbdb6c68f03ee3c done
2025-11-23T10:51:21.1593790Z #11 extracting sha256:177e4686197c5e072a1a5269799c994b3b311c2f9449b5382f87789f9e91923b
2025-11-23T10:51:21.3561381Z #11 ...
2025-11-23T10:51:21.3563978Z 
2025-11-23T10:51:21.3566014Z #12 [linux/amd64 stage-1 1/3] FROM docker.io/library/nginx:alpine@sha256:b3c656d55d7ad751196f21b7fd2e8d4da9cb430e32f646adcf92441b72f82b14
2025-11-23T10:51:21.3570258Z #12 extracting sha256:bdabb0d442710d667f4fd871b5fd215cc2a430a95b192bc508bf945b8e60999b 0.6s done
2025-11-23T10:51:21.3571026Z #12 DONE 1.6s
2025-11-23T10:51:21.5058136Z 
2025-11-23T10:51:21.5059354Z #10 [linux/amd64 builder 1/6] FROM docker.io/library/node:18-alpine@sha256:8d6421d663b4c28fd3ebc498332f249011d118945588d0a35cb9bc4b8ca09d9e
2025-11-23T10:51:21.5060904Z #10 sha256:25ff2da83641908f65c3a74d80409d6b1b62ccfaab220b9ea70b80df5a2e0549 446B / 446B 0.1s done
2025-11-23T10:51:21.5063165Z #10 sha256:1e5a4c89cee5c0826c540ab06d4b6b491c96eda01837f430bd47f0d26702d6e3 1.26MB / 1.26MB 0.1s done
2025-11-23T10:51:21.5064678Z #10 sha256:f18232174bc91741fdf3da96d85011092101a032a93a388b79e99e69c2d5c870 3.64MB / 3.64MB 0.1s done
2025-11-23T10:51:21.5067064Z #10 extracting sha256:f18232174bc91741fdf3da96d85011092101a032a93a388b79e99e69c2d5c870 0.1s done
2025-11-23T10:51:21.5068989Z #10 sha256:dd71dde834b5c203d162902e6b8994cb2309ae049a0eabc4efea161b2b5a3d0e 40.01MB / 40.01MB 0.3s done
2025-11-23T10:51:21.5070584Z #10 extracting sha256:dd71dde834b5c203d162902e6b8994cb2309ae049a0eabc4efea161b2b5a3d0e
2025-11-23T10:51:21.6059769Z #10 ...
2025-11-23T10:51:21.6060367Z 
2025-11-23T10:51:21.6061180Z #11 [linux/arm64 stage-1 1/3] FROM docker.io/library/nginx:alpine@sha256:b3c656d55d7ad751196f21b7fd2e8d4da9cb430e32f646adcf92441b72f82b14
2025-11-23T10:51:21.6062591Z #11 extracting sha256:177e4686197c5e072a1a5269799c994b3b311c2f9449b5382f87789f9e91923b 0.6s done
2025-11-23T10:51:21.6063337Z #11 DONE 1.8s
2025-11-23T10:51:21.8435345Z 
2025-11-23T10:51:21.8436353Z #10 [linux/amd64 builder 1/6] FROM docker.io/library/node:18-alpine@sha256:8d6421d663b4c28fd3ebc498332f249011d118945588d0a35cb9bc4b8ca09d9e
2025-11-23T10:51:21.8437454Z #10 extracting sha256:dd71dde834b5c203d162902e6b8994cb2309ae049a0eabc4efea161b2b5a3d0e 1.5s done
2025-11-23T10:51:21.8438239Z #10 extracting sha256:1e5a4c89cee5c0826c540ab06d4b6b491c96eda01837f430bd47f0d26702d6e3 0.0s done
2025-11-23T10:51:21.8438941Z #10 extracting sha256:25ff2da83641908f65c3a74d80409d6b1b62ccfaab220b9ea70b80df5a2e0549 done
2025-11-23T10:51:21.8439412Z #10 DONE 1.9s
2025-11-23T10:51:21.8439527Z 
2025-11-23T10:51:21.8439640Z #15 [linux/amd64 builder 2/6] WORKDIR /app
2025-11-23T10:51:21.9782869Z #15 ...
2025-11-23T10:51:21.9785303Z 
2025-11-23T10:51:21.9786036Z #14 [linux/arm64 builder 1/6] FROM docker.io/library/node:18-alpine@sha256:8d6421d663b4c28fd3ebc498332f249011d118945588d0a35cb9bc4b8ca09d9e
2025-11-23T10:51:21.9787286Z #14 extracting sha256:d84c815451acbca96b6e6bdb479929222bec57121dfe10cc5b128c5c2dbaf10a 1.7s done
2025-11-23T10:51:21.9787934Z #14 DONE 2.2s
2025-11-23T10:51:22.1346123Z 
2025-11-23T10:51:22.1347956Z #14 [linux/arm64 builder 1/6] FROM docker.io/library/node:18-alpine@sha256:8d6421d663b4c28fd3ebc498332f249011d118945588d0a35cb9bc4b8ca09d9e
2025-11-23T10:51:22.1349466Z #14 extracting sha256:8bfa36aa66ce614f6da68a16fb71f875da8d623310f0cb80ae1ecfa092f587f6 0.1s done
2025-11-23T10:51:22.1350541Z #14 extracting sha256:02bb84e9f3412827f177bc6c020812249b32a8425d2c1858e9d71bd4c015f031 0.1s done
2025-11-23T10:51:22.1351238Z #14 DONE 2.4s
2025-11-23T10:51:22.1351790Z 
2025-11-23T10:51:22.1351965Z #15 [linux/amd64 builder 2/6] WORKDIR /app
2025-11-23T10:51:22.3919541Z #15 ...
2025-11-23T10:51:22.3919774Z 
2025-11-23T10:51:22.3919939Z #16 [linux/arm64 builder 2/6] WORKDIR /app
2025-11-23T10:51:22.3920362Z #16 DONE 0.3s
2025-11-23T10:51:22.5586437Z 
2025-11-23T10:51:22.5587657Z #15 [linux/amd64 builder 2/6] WORKDIR /app
2025-11-23T10:51:22.5589374Z #15 DONE 0.7s
2025-11-23T10:51:22.5589809Z 
2025-11-23T10:51:22.5590236Z #17 [linux/amd64 builder 3/6] COPY package*.json ./
2025-11-23T10:51:22.5590951Z #17 DONE 0.0s
2025-11-23T10:51:22.5591360Z 
2025-11-23T10:51:22.5592033Z #18 [linux/arm64 builder 3/6] COPY package*.json ./
2025-11-23T10:51:22.5593541Z #18 DONE 0.0s
2025-11-23T10:51:22.5594155Z 
2025-11-23T10:51:22.5594498Z #19 [linux/arm64 builder 4/6] RUN npm ci
2025-11-23T10:51:30.5422523Z #19 ...
2025-11-23T10:51:30.5426173Z 
2025-11-23T10:51:30.5426528Z #20 [linux/amd64 builder 4/6] RUN npm ci
2025-11-23T10:51:30.5426959Z #20 8.135 
2025-11-23T10:51:30.5427345Z #20 8.135 added 448 packages, and audited 449 packages in 8s
2025-11-23T10:51:30.5427821Z #20 8.135 
2025-11-23T10:51:30.5428151Z #20 8.135 100 packages are looking for funding
2025-11-23T10:51:30.5428620Z #20 8.135   run `npm fund` for details
2025-11-23T10:51:30.7637025Z #20 8.165 
2025-11-23T10:51:30.7640100Z #20 8.165 7 vulnerabilities (6 moderate, 1 high)
2025-11-23T10:51:30.7640573Z #20 8.165 
2025-11-23T10:51:30.7641007Z #20 8.165 To address issues that do not require attention, run:
2025-11-23T10:51:30.7641733Z #20 8.165   npm audit fix
2025-11-23T10:51:30.7642066Z #20 8.165 
2025-11-23T10:51:30.7642503Z #20 8.165 To address all issues (including breaking changes), run:
2025-11-23T10:51:30.7643105Z #20 8.165   npm audit fix --force
2025-11-23T10:51:30.7643477Z #20 8.165 
2025-11-23T10:51:30.7643767Z #20 8.165 Run `npm audit` for details.
2025-11-23T10:51:30.7644164Z #20 8.167 npm notice
2025-11-23T10:51:30.7646081Z #20 8.167 npm notice New major version of npm available! 10.8.2 -> 11.6.3
2025-11-23T10:51:30.7646990Z #20 8.167 npm notice Changelog: https://github.com/npm/cli/releases/tag/v11.6.3
2025-11-23T10:51:30.7647707Z #20 8.167 npm notice To update run: npm install -g npm@11.6.3
2025-11-23T10:51:30.7648205Z #20 8.167 npm notice
2025-11-23T10:51:30.7648504Z #20 DONE 8.2s
2025-11-23T10:51:30.7648669Z 
2025-11-23T10:51:30.7648810Z #21 [linux/amd64 builder 5/6] COPY . .
2025-11-23T10:51:31.0807220Z #21 DONE 0.5s
2025-11-23T10:51:31.0808894Z 
2025-11-23T10:51:31.0809089Z #19 [linux/arm64 builder 4/6] RUN npm ci
2025-11-23T10:51:31.2330382Z #19 ...
2025-11-23T10:51:31.2331876Z 
2025-11-23T10:51:31.2332415Z #22 [linux/amd64 builder 6/6] RUN npm run build
2025-11-23T10:51:31.3126680Z #22 0.230 
2025-11-23T10:51:31.3128588Z #22 0.230 > frontend@0.0.0 build
2025-11-23T10:51:31.3130550Z #22 0.230 > tsc -b && vite build
2025-11-23T10:51:31.3130950Z #22 0.230 
2025-11-23T10:51:38.8214287Z #22 7.739 vite v6.4.1 building for production...
2025-11-23T10:51:39.2499503Z #22 8.168 transforming...
2025-11-23T10:51:45.7311004Z #22 14.65 ✓ 1065 modules transformed.
2025-11-23T10:51:46.1343292Z #22 15.05 rendering chunks...
2025-11-23T10:51:46.3564219Z #22 15.27 computing gzip size...
2025-11-23T10:51:46.4609288Z #22 15.30 dist/index.html                              0.46 kB │ gzip:   0.29 kB
2025-11-23T10:51:46.4610877Z #22 15.30 dist/assets/index-DqYpo3MU.css              28.30 kB │ gzip:   5.67 kB
2025-11-23T10:51:46.4612276Z #22 15.30 dist/assets/players-Bkj8XXET.js              0.32 kB │ gzip:   0.19 kB
2025-11-23T10:51:46.4613355Z #22 15.30 dist/assets/sessions-BkSwUaRk.js             0.44 kB │ gzip:   0.21 kB
2025-11-23T10:51:46.4614233Z #22 15.30 dist/assets/format-ChOR-IJ8.js               0.96 kB │ gzip:   0.48 kB
2025-11-23T10:51:46.4615132Z #22 15.30 dist/assets/EmptyState-CvXS0IQ-.js           2.50 kB │ gzip:   0.79 kB
2025-11-23T10:51:46.4616018Z #22 15.30 dist/assets/useMutation-Crk4GSjb.js          2.96 kB │ gzip:   1.24 kB
2025-11-23T10:51:46.4616904Z #22 15.30 dist/assets/Sessions-BcX0o8Nn.js             3.71 kB │ gzip:   1.48 kB
2025-11-23T10:51:46.4617808Z #22 15.30 dist/assets/LogSession-hcqzFEYO.js           3.71 kB │ gzip:   1.62 kB
2025-11-23T10:51:46.4618722Z #22 15.30 dist/assets/EditSession-aW_ygWdS.js          4.84 kB │ gzip:   1.83 kB
2025-11-23T10:51:46.4619646Z #22 15.30 dist/assets/Players-C55GBEDp.js              5.24 kB │ gzip:   1.73 kB
2025-11-23T10:51:46.4620866Z #22 15.30 dist/assets/Leaderboard-D0kZ_VBh.js          5.77 kB │ gzip:   1.81 kB
2025-11-23T10:51:46.4622172Z #22 15.30 dist/assets/Profile-BYKZvYl9.js              6.33 kB │ gzip:   1.66 kB
2025-11-23T10:51:46.4623581Z #22 15.30 dist/assets/Dashboard-exMqnQ-N.js            8.88 kB │ gzip:   2.42 kB
2025-11-23T10:51:46.4625284Z #22 15.30 dist/assets/useQuery-D9neVXxr.js            10.36 kB │ gzip:   3.66 kB
2025-11-23T10:51:46.4626530Z #22 15.30 dist/assets/Step4ReviewSubmit-B-aD0PUd.js   22.32 kB │ gzip:   4.88 kB
2025-11-23T10:51:46.4627960Z #22 15.30 dist/assets/SessionDetail-Bhgx5Loq.js       53.47 kB │ gzip:  18.27 kB
2025-11-23T10:51:46.4629263Z #22 15.30 dist/assets/index-B3J9iZgl.js              341.28 kB │ gzip: 108.04 kB
2025-11-23T10:51:46.4630690Z #22 15.30 dist/assets/Stats-CXnFw21W.js              429.48 kB │ gzip: 115.33 kB
2025-11-23T10:51:46.4631831Z #22 15.30 ✓ built in 7.52s
2025-11-23T10:51:46.4632181Z #22 DONE 15.4s
2025-11-23T10:51:46.4632361Z 
2025-11-23T10:51:46.4632746Z #19 [linux/arm64 builder 4/6] RUN npm ci
2025-11-23T10:51:46.7427424Z #19 ...
2025-11-23T10:51:46.7429322Z 
2025-11-23T10:51:46.7430016Z #23 [linux/amd64 stage-1 2/3] COPY --from=builder /app/dist /usr/share/nginx/html
2025-11-23T10:51:46.9307016Z #23 DONE 0.0s
2025-11-23T10:51:46.9307272Z 
2025-11-23T10:51:46.9307601Z #24 [linux/amd64 stage-1 3/3] COPY nginx.conf /etc/nginx/conf.d/default.conf
2025-11-23T10:52:37.6348825Z #24 DONE 0.0s
2025-11-23T10:52:37.6349092Z 
2025-11-23T10:52:37.6349267Z #19 [linux/arm64 builder 4/6] RUN npm ci
2025-11-23T10:52:37.6349709Z #19 75.23 
2025-11-23T10:52:37.6350107Z #19 75.23 added 448 packages, and audited 449 packages in 1m
2025-11-23T10:52:37.7888186Z #19 75.23 
2025-11-23T10:52:37.7888603Z #19 75.23 100 packages are looking for funding
2025-11-23T10:52:37.7889094Z #19 75.23   run `npm fund` for details
2025-11-23T10:52:38.1148461Z #19 75.71 
2025-11-23T10:52:38.1148865Z #19 75.71 7 vulnerabilities (6 moderate, 1 high)
2025-11-23T10:52:38.1149306Z #19 75.71 
2025-11-23T10:52:38.1149692Z #19 75.71 To address issues that do not require attention, run:
2025-11-23T10:52:38.1150168Z #19 75.71   npm audit fix
2025-11-23T10:52:38.1150512Z #19 75.71 
2025-11-23T10:52:38.1150867Z #19 75.71 To address all issues (including breaking changes), run:
2025-11-23T10:52:38.1151374Z #19 75.71   npm audit fix --force
2025-11-23T10:52:38.1151999Z #19 75.71 
2025-11-23T10:52:38.1152296Z #19 75.71 Run `npm audit` for details.
2025-11-23T10:52:38.2292558Z #19 75.82 npm notice
2025-11-23T10:52:38.2293774Z #19 75.82 npm notice New major version of npm available! 10.8.2 -> 11.6.3
2025-11-23T10:52:38.2294568Z #19 75.82 npm notice Changelog: https://github.com/npm/cli/releases/tag/v11.6.3
2025-11-23T10:52:38.2295306Z #19 75.82 npm notice To update run: npm install -g npm@11.6.3
2025-11-23T10:52:38.2295805Z #19 75.82 npm notice
2025-11-23T10:52:38.5918625Z #19 DONE 76.2s
2025-11-23T10:52:38.7763876Z 
2025-11-23T10:52:38.7764330Z #25 [linux/arm64 builder 5/6] COPY . .
2025-11-23T10:52:38.7906895Z #25 DONE 0.2s
2025-11-23T10:52:38.9423805Z 
2025-11-23T10:52:38.9424338Z #26 [linux/arm64 builder 6/6] RUN npm run build
2025-11-23T10:52:41.7317720Z #26 2.940 
2025-11-23T10:52:41.7318113Z #26 2.940 > frontend@0.0.0 build
2025-11-23T10:52:41.7318571Z #26 2.940 > tsc -b && vite build
2025-11-23T10:52:41.7318980Z #26 2.940 
2025-11-23T10:54:19.2671105Z #26 100.5 vite v6.4.1 building for production...
2025-11-23T10:54:23.3502332Z #26 104.6 transforming...
2025-11-23T10:55:27.2172152Z #26 168.4 ✓ 1065 modules transformed.
2025-11-23T10:55:32.7032589Z #26 173.9 rendering chunks...
2025-11-23T10:55:34.2597728Z #26 175.5 computing gzip size...
2025-11-23T10:55:34.4564010Z #26 175.7 dist/index.html                              0.46 kB │ gzip:   0.29 kB
2025-11-23T10:55:34.6260575Z #26 175.7 dist/assets/index-DqYpo3MU.css              28.30 kB │ gzip:   5.67 kB
2025-11-23T10:55:34.6261421Z #26 175.7 dist/assets/players-Bkj8XXET.js              0.32 kB │ gzip:   0.19 kB
2025-11-23T10:55:34.6263020Z #26 175.7 dist/assets/sessions-BkSwUaRk.js             0.44 kB │ gzip:   0.21 kB
2025-11-23T10:55:34.6264025Z #26 175.7 dist/assets/format-ChOR-IJ8.js               0.96 kB │ gzip:   0.48 kB
2025-11-23T10:55:34.6264930Z #26 175.7 dist/assets/EmptyState-CvXS0IQ-.js           2.50 kB │ gzip:   0.79 kB
2025-11-23T10:55:34.6265822Z #26 175.7 dist/assets/useMutation-Crk4GSjb.js          2.96 kB │ gzip:   1.24 kB
2025-11-23T10:55:34.6266835Z #26 175.7 dist/assets/Sessions-BcX0o8Nn.js             3.71 kB │ gzip:   1.48 kB
2025-11-23T10:55:34.6267376Z #26 175.7 dist/assets/LogSession-hcqzFEYO.js           3.71 kB │ gzip:   1.62 kB
2025-11-23T10:55:34.6267906Z #26 175.7 dist/assets/EditSession-aW_ygWdS.js          4.84 kB │ gzip:   1.83 kB
2025-11-23T10:55:34.6268415Z #26 175.7 dist/assets/Players-C55GBEDp.js              5.24 kB │ gzip:   1.73 kB
2025-11-23T10:55:34.6268937Z #26 175.7 dist/assets/Leaderboard-D0kZ_VBh.js          5.77 kB │ gzip:   1.81 kB
2025-11-23T10:55:34.6269430Z #26 175.7 dist/assets/Profile-BYKZvYl9.js              6.33 kB │ gzip:   1.66 kB
2025-11-23T10:55:34.6269934Z #26 175.7 dist/assets/Dashboard-exMqnQ-N.js            8.88 kB │ gzip:   2.42 kB
2025-11-23T10:55:34.6270433Z #26 175.7 dist/assets/useQuery-D9neVXxr.js            10.36 kB │ gzip:   3.66 kB
2025-11-23T10:55:34.6270941Z #26 175.7 dist/assets/Step4ReviewSubmit-B-aD0PUd.js   22.32 kB │ gzip:   4.88 kB
2025-11-23T10:55:34.6271710Z #26 175.7 dist/assets/SessionDetail-Bhgx5Loq.js       53.47 kB │ gzip:  18.27 kB
2025-11-23T10:55:34.6272259Z #26 175.7 dist/assets/index-B3J9iZgl.js              341.28 kB │ gzip: 108.04 kB
2025-11-23T10:55:34.6272740Z #26 175.7 dist/assets/Stats-CXnFw21W.js              429.48 kB │ gzip: 115.33 kB
2025-11-23T10:55:34.6273098Z #26 175.7 ✓ built in 1m 15s
2025-11-23T10:55:34.7725727Z #26 DONE 176.0s
2025-11-23T10:55:35.0457171Z 
2025-11-23T10:55:35.0458526Z #27 [linux/arm64 stage-1 2/3] COPY --from=builder /app/dist /usr/share/nginx/html
2025-11-23T10:55:35.1501961Z #27 DONE 0.0s
2025-11-23T10:55:35.1502335Z 
2025-11-23T10:55:35.1502704Z #28 [linux/arm64 stage-1 3/3] COPY nginx.conf /etc/nginx/conf.d/default.conf
2025-11-23T10:55:35.1503258Z #28 DONE 0.0s
2025-11-23T10:55:35.1503368Z 
2025-11-23T10:55:35.1503449Z #29 exporting to image
2025-11-23T10:55:35.1503669Z #29 exporting layers 0.1s done
2025-11-23T10:55:35.1504095Z #29 exporting manifest sha256:813b809cf0e0991f8bfc8ba34a1f3e5a7d616f0d06c5454d89840107da8f5f24 done
2025-11-23T10:55:35.1504721Z #29 exporting config sha256:0d4878f0b4f23adb877447a10adca790080265e721511bbe49388dc9826db071 done
2025-11-23T10:55:35.1505574Z #29 exporting attestation manifest sha256:c182bc6f493efacdc734a8b081d93c6ae168c65b6fd72be40c6ed813175b8a9a done
2025-11-23T10:55:35.2984703Z #29 exporting manifest sha256:bc73a3fdfad2b395fbf6fafa9f4de9044e606c9b14609cbb1e08b65a24ca7e37 done
2025-11-23T10:55:35.2985785Z #29 exporting config sha256:280bd746ad9db0755ed0d5f72fd5a408c82304391ded4883150676f4718a7430 done
2025-11-23T10:55:35.2986888Z #29 exporting attestation manifest sha256:3b9e65aa60fe48b99366172c2a36f37191a72840e3f339804b211044f0e6d91c done
2025-11-23T10:55:35.2987862Z #29 exporting manifest list sha256:f2809ace2eb6469a069649f553828aeffcd621cf78f90d55244db59f14b1d87b done
2025-11-23T10:55:35.2988316Z #29 pushing layers
2025-11-23T10:55:35.4488397Z #29 ...
2025-11-23T10:55:35.4488603Z 
2025-11-23T10:55:35.4488923Z #30 [auth] krzycuh/kma-poker-stats/frontend:pull,push token for ghcr.io
2025-11-23T10:55:35.4489386Z #30 DONE 0.0s
2025-11-23T10:55:35.5987184Z 
2025-11-23T10:55:35.5987546Z #29 exporting to image
2025-11-23T10:55:38.9373881Z #29 pushing layers 3.8s done
2025-11-23T10:55:38.9374938Z #29 pushing manifest for ghcr.io/krzycuh/kma-poker-stats/frontend:main@sha256:f2809ace2eb6469a069649f553828aeffcd621cf78f90d55244db59f14b1d87b
2025-11-23T10:55:40.9057107Z #29 pushing manifest for ghcr.io/krzycuh/kma-poker-stats/frontend:main@sha256:f2809ace2eb6469a069649f553828aeffcd621cf78f90d55244db59f14b1d87b 2.0s done
2025-11-23T10:55:41.5314811Z #29 pushing layers 0.6s done
2025-11-23T10:55:41.5316551Z #29 pushing manifest for ghcr.io/krzycuh/kma-poker-stats/frontend:sha-2d052c8@sha256:f2809ace2eb6469a069649f553828aeffcd621cf78f90d55244db59f14b1d87b
2025-11-23T10:55:42.3650770Z #29 pushing manifest for ghcr.io/krzycuh/kma-poker-stats/frontend:sha-2d052c8@sha256:f2809ace2eb6469a069649f553828aeffcd621cf78f90d55244db59f14b1d87b 0.8s done
2025-11-23T10:55:42.3652311Z #29 DONE 7.3s
2025-11-23T10:55:42.3652503Z 
2025-11-23T10:55:42.3652668Z #31 exporting to GitHub Actions Cache
2025-11-23T10:55:42.3653144Z #31 preparing build cache for export
2025-11-23T10:55:56.5055638Z #31 writing layer sha256:02bb84e9f3412827f177bc6c020812249b32a8425d2c1858e9d71bd4c015f031
2025-11-23T10:55:57.2438992Z #31 writing layer sha256:02bb84e9f3412827f177bc6c020812249b32a8425d2c1858e9d71bd4c015f031 0.7s done
2025-11-23T10:55:57.4706186Z #31 writing layer sha256:0df2b951c55741af5433e0f01de1847737c2b24b62495b1fa0a58caf6371e7be
2025-11-23T10:55:57.8358178Z #31 writing layer sha256:0df2b951c55741af5433e0f01de1847737c2b24b62495b1fa0a58caf6371e7be 0.5s done
2025-11-23T10:55:58.0606679Z #31 writing layer sha256:12b13326e2020b23f5ceac0979f43da7acb7ab1733e86c08c07faeed07883acc
2025-11-23T10:55:58.5330428Z #31 writing layer sha256:12b13326e2020b23f5ceac0979f43da7acb7ab1733e86c08c07faeed07883acc 0.6s done
2025-11-23T10:55:58.7583202Z #31 writing layer sha256:130ad1a2f3a677fb1f52e858dce0c63aa43e89d6d52bc3d334388af0606f97e3
2025-11-23T10:55:59.7199810Z #31 writing layer sha256:130ad1a2f3a677fb1f52e858dce0c63aa43e89d6d52bc3d334388af0606f97e3 1.1s done
2025-11-23T10:55:59.9450687Z #31 writing layer sha256:177e4686197c5e072a1a5269799c994b3b311c2f9449b5382f87789f9e91923b
2025-11-23T10:56:02.6719233Z #31 writing layer sha256:177e4686197c5e072a1a5269799c994b3b311c2f9449b5382f87789f9e91923b 2.9s done
2025-11-23T10:56:02.8967086Z #31 writing layer sha256:194fa24e147df0010e146240d3b4bd25d04180c523dc717e4645b269991483e3
2025-11-23T10:56:03.5057110Z #31 writing layer sha256:194fa24e147df0010e146240d3b4bd25d04180c523dc717e4645b269991483e3 0.8s done
2025-11-23T10:56:03.7308010Z #31 writing layer sha256:1e5a4c89cee5c0826c540ab06d4b6b491c96eda01837f430bd47f0d26702d6e3
2025-11-23T10:56:04.6652073Z #31 writing layer sha256:1e5a4c89cee5c0826c540ab06d4b6b491c96eda01837f430bd47f0d26702d6e3 1.1s done
2025-11-23T10:56:04.8907330Z #31 writing layer sha256:25ff2da83641908f65c3a74d80409d6b1b62ccfaab220b9ea70b80df5a2e0549
2025-11-23T10:56:05.5457594Z #31 writing layer sha256:25ff2da83641908f65c3a74d80409d6b1b62ccfaab220b9ea70b80df5a2e0549 0.8s done
2025-11-23T10:56:05.7744250Z #31 writing layer sha256:2bc0551b328594e1eefc9a797f5726fb75c8c09e95242f4488e853e9f6a611df
2025-11-23T10:56:06.8953913Z #31 writing layer sha256:2bc0551b328594e1eefc9a797f5726fb75c8c09e95242f4488e853e9f6a611df 1.3s done
2025-11-23T10:56:07.1243480Z #31 writing layer sha256:2d35ebdb57d9971fea0cac1582aa78935adf8058b2cc32db163c98822e5dfa1b
2025-11-23T10:56:08.1834800Z #31 writing layer sha256:2d35ebdb57d9971fea0cac1582aa78935adf8058b2cc32db163c98822e5dfa1b 1.2s done
2025-11-23T10:56:08.4099559Z #31 writing layer sha256:2efc1e300368aebd53b0567a23697a786bb7d326610627687b17f6e3dab24948
2025-11-23T10:56:09.2958884Z #31 writing layer sha256:2efc1e300368aebd53b0567a23697a786bb7d326610627687b17f6e3dab24948 1.0s done
2025-11-23T10:56:09.5209314Z #31 writing layer sha256:3084427d3c25b62a039a5619719451ec2fc43e0ec8162c8c7fd695688a3a980a
2025-11-23T10:56:09.8003188Z #31 writing layer sha256:3084427d3c25b62a039a5619719451ec2fc43e0ec8162c8c7fd695688a3a980a 0.4s done
2025-11-23T10:56:10.0248138Z #31 writing layer sha256:3eaba6cd10a374d9ed629c26d76a5258e20ddfa09fcef511c98aa620dcf3fae4
2025-11-23T10:56:10.1939012Z #31 writing layer sha256:3eaba6cd10a374d9ed629c26d76a5258e20ddfa09fcef511c98aa620dcf3fae4 0.3s done
2025-11-23T10:56:10.4188275Z #31 writing layer sha256:3faf828a255d4e4d22fae745973d3ec1fa7af078f7445a3b2526126a983241b3
2025-11-23T10:56:10.7787667Z #31 writing layer sha256:3faf828a255d4e4d22fae745973d3ec1fa7af078f7445a3b2526126a983241b3 0.5s done
2025-11-23T10:56:11.0037798Z #31 writing layer sha256:49af2dc6e4ec0fb73166d2beb76390459c2721cff642048e33268689585b99e5
2025-11-23T10:56:11.3429274Z #31 writing layer sha256:49af2dc6e4ec0fb73166d2beb76390459c2721cff642048e33268689585b99e5 0.5s done
2025-11-23T10:56:11.4989936Z #31 writing layer sha256:507d1f935976caea6d844b2fd1d2766ae585fc35166655eaa44c9479be900aaf
2025-11-23T10:56:12.3442459Z #31 writing layer sha256:507d1f935976caea6d844b2fd1d2766ae585fc35166655eaa44c9479be900aaf 0.8s done
2025-11-23T10:56:12.4998425Z #31 writing layer sha256:6529c4307ac3f2f27a8f40c64dca2ba4f4d385ba67e69b0fc4963793ab524a60
2025-11-23T10:56:13.1513460Z #31 writing layer sha256:6529c4307ac3f2f27a8f40c64dca2ba4f4d385ba67e69b0fc4963793ab524a60 0.7s done
2025-11-23T10:56:13.3770108Z #31 writing layer sha256:6b59a28fa20117e6048ad0616b8d8c901877ef15ff4c7f18db04e4f01f43bc39
2025-11-23T10:56:14.6288027Z #31 writing layer sha256:6b59a28fa20117e6048ad0616b8d8c901877ef15ff4c7f18db04e4f01f43bc39 1.4s done
2025-11-23T10:56:14.8540312Z #31 writing layer sha256:6e771e15690e2fabf2332d3a3b744495411d6e0b00b2aea64419b58b0066cf81
2025-11-23T10:56:16.0612710Z #31 writing layer sha256:6e771e15690e2fabf2332d3a3b744495411d6e0b00b2aea64419b58b0066cf81 1.4s done
2025-11-23T10:56:16.2860759Z #31 writing layer sha256:8514ae0895e8f5467aa0a8790bedd1afcdc883351c2e6671fa4eea9cf014b92e
2025-11-23T10:56:16.6928461Z #31 writing layer sha256:8514ae0895e8f5467aa0a8790bedd1afcdc883351c2e6671fa4eea9cf014b92e 0.6s done
2025-11-23T10:56:16.9179661Z #31 writing layer sha256:8bfa36aa66ce614f6da68a16fb71f875da8d623310f0cb80ae1ecfa092f587f6
2025-11-23T10:56:18.1459475Z #31 writing layer sha256:8bfa36aa66ce614f6da68a16fb71f875da8d623310f0cb80ae1ecfa092f587f6 1.4s done
2025-11-23T10:56:18.3714897Z #31 writing layer sha256:8f6a6833e95d43ac524f1f9c5e7c1316c1f3b8e7ae5ba3db4e54b0c5b910e80a
2025-11-23T10:56:18.9660346Z #31 writing layer sha256:8f6a6833e95d43ac524f1f9c5e7c1316c1f3b8e7ae5ba3db4e54b0c5b910e80a 0.7s done
2025-11-23T10:56:19.1912114Z #31 writing layer sha256:9f3b0ca2a6b74d8441cf3804da1314c32b5cf76824912ea810add985d6fec8bc
2025-11-23T10:56:29.2667694Z #31 writing layer sha256:9f3b0ca2a6b74d8441cf3804da1314c32b5cf76824912ea810add985d6fec8bc 10.2s done
2025-11-23T10:56:29.3678145Z #31 writing layer sha256:a552534a354469acd7fa7dd09a3775ce9a40acd6e03829b492b2e6bfec8d6a0a
2025-11-23T10:56:39.4638646Z #31 writing layer sha256:a552534a354469acd7fa7dd09a3775ce9a40acd6e03829b492b2e6bfec8d6a0a 10.1s done
2025-11-23T10:56:39.6883780Z #31 writing layer sha256:ba8e1e5dd6deb1d48520bf3fad11b8da37125b5f86d13e388154286520f5e67c
2025-11-23T10:56:40.1222596Z #31 writing layer sha256:ba8e1e5dd6deb1d48520bf3fad11b8da37125b5f86d13e388154286520f5e67c 0.6s done
2025-11-23T10:56:40.3476021Z #31 writing layer sha256:bdabb0d442710d667f4fd871b5fd215cc2a430a95b192bc508bf945b8e60999b
2025-11-23T10:56:43.1363207Z #31 writing layer sha256:bdabb0d442710d667f4fd871b5fd215cc2a430a95b192bc508bf945b8e60999b 2.9s done
2025-11-23T10:56:43.3608243Z #31 writing layer sha256:c7f9f5fee1fa0e496510d0f1fb72b1d34c3cf3df18b17d93bf8f6e9410d87318
2025-11-23T10:56:43.8054866Z #31 writing layer sha256:c7f9f5fee1fa0e496510d0f1fb72b1d34c3cf3df18b17d93bf8f6e9410d87318 0.6s done
2025-11-23T10:56:44.0349920Z #31 writing layer sha256:d1f61a2b124ba7d3eb931979c296d382cf5cf7af40b0aa3cde80bb667f7fe5e2
2025-11-23T10:56:44.2042158Z #31 writing layer sha256:d1f61a2b124ba7d3eb931979c296d382cf5cf7af40b0aa3cde80bb667f7fe5e2 0.3s done
2025-11-23T10:56:44.4295120Z #31 writing layer sha256:d84c815451acbca96b6e6bdb479929222bec57121dfe10cc5b128c5c2dbaf10a
2025-11-23T10:56:48.8999622Z #31 writing layer sha256:d84c815451acbca96b6e6bdb479929222bec57121dfe10cc5b128c5c2dbaf10a 4.6s done
2025-11-23T10:56:49.1249628Z #31 writing layer sha256:d9a55dab5954588333096b28b351999099bea5eb3c68c10e99f175b12c97198d
2025-11-23T10:56:49.6346691Z #31 writing layer sha256:d9a55dab5954588333096b28b351999099bea5eb3c68c10e99f175b12c97198d 0.7s done
2025-11-23T10:56:49.8618397Z #31 writing layer sha256:dd71dde834b5c203d162902e6b8994cb2309ae049a0eabc4efea161b2b5a3d0e
2025-11-23T10:56:56.6050181Z #31 writing layer sha256:dd71dde834b5c203d162902e6b8994cb2309ae049a0eabc4efea161b2b5a3d0e 6.9s done
2025-11-23T10:56:56.8302271Z #31 writing layer sha256:de6b828149bcb481b8088628801dfecbd3498e6c2121ee3aa76878ffb0a510b7
2025-11-23T10:56:57.2426978Z #31 writing layer sha256:de6b828149bcb481b8088628801dfecbd3498e6c2121ee3aa76878ffb0a510b7 0.6s done
2025-11-23T10:56:57.4677058Z #31 writing layer sha256:df413d6ebdc834bccf63178455d406c4d25e2c2d38d2c1ab79ee5494b18e5624
2025-11-23T10:56:57.7652396Z #31 writing layer sha256:df413d6ebdc834bccf63178455d406c4d25e2c2d38d2c1ab79ee5494b18e5624 0.4s done
2025-11-23T10:56:57.9903126Z #31 writing layer sha256:f18232174bc91741fdf3da96d85011092101a032a93a388b79e99e69c2d5c870
2025-11-23T10:56:59.3657443Z #31 writing layer sha256:f18232174bc91741fdf3da96d85011092101a032a93a388b79e99e69c2d5c870 1.5s done
2025-11-23T10:56:59.5016869Z #31 writing layer sha256:f8eeebac607b6f2fd7b3c8631336b46b9d49ed803a341d543cbdb6c68f03ee3c
2025-11-23T10:57:00.1094623Z #31 writing layer sha256:f8eeebac607b6f2fd7b3c8631336b46b9d49ed803a341d543cbdb6c68f03ee3c 0.6s done
2025-11-23T10:57:00.3357070Z #31 writing layer sha256:ff8a36d5502a57c3fc8eeff48e578ab433a03b1dd528992ba0d966ddf853309a
2025-11-23T10:57:00.6756218Z #31 writing layer sha256:ff8a36d5502a57c3fc8eeff48e578ab433a03b1dd528992ba0d966ddf853309a 0.5s done
2025-11-23T10:57:01.2039999Z #31 preparing build cache for export 78.8s done
2025-11-23T10:57:01.2040779Z #31 DONE 78.8s
2025-11-23T10:57:01.2295771Z 
2025-11-23T10:57:01.2296240Z #32 resolving provenance for metadata file
2025-11-23T10:57:01.2296711Z #32 DONE 0.0s
2025-11-23T10:57:01.2376044Z ##[group]ImageID
2025-11-23T10:57:01.2376564Z sha256:f2809ace2eb6469a069649f553828aeffcd621cf78f90d55244db59f14b1d87b
2025-11-23T10:57:01.2378084Z ##[endgroup]
2025-11-23T10:57:01.2378562Z ##[group]Digest
2025-11-23T10:57:01.2379071Z sha256:f2809ace2eb6469a069649f553828aeffcd621cf78f90d55244db59f14b1d87b
2025-11-23T10:57:01.2380014Z ##[endgroup]
2025-11-23T10:57:01.2381177Z ##[group]Metadata
2025-11-23T10:57:01.2381850Z {
2025-11-23T10:57:01.2382729Z   "buildx.build.ref": "builder-a7766ce1-eafd-4374-a583-ea3de53f94d7/builder-a7766ce1-eafd-4374-a583-ea3de53f94d70/e2gly7rx3kx81wd7p2ncvkxok",
2025-11-23T10:57:01.2383671Z   "containerimage.descriptor": {
2025-11-23T10:57:01.2384179Z     "mediaType": "application/vnd.oci.image.index.v1+json",
2025-11-23T10:57:01.2384905Z     "digest": "sha256:f2809ace2eb6469a069649f553828aeffcd621cf78f90d55244db59f14b1d87b",
2025-11-23T10:57:01.2385546Z     "size": 1609
2025-11-23T10:57:01.2385817Z   },
2025-11-23T10:57:01.2386375Z   "containerimage.digest": "sha256:f2809ace2eb6469a069649f553828aeffcd621cf78f90d55244db59f14b1d87b",
2025-11-23T10:57:01.2387081Z   "image.name": "ghcr.io/krzycuh/kma-poker-stats/frontend:main,ghcr.io/krzycuh/kma-poker-stats/frontend:sha-2d052c8"
2025-11-23T10:57:01.2387538Z }
2025-11-23T10:57:01.2387835Z ##[endgroup]
2025-11-23T10:57:01.2507517Z Post job cleanup.
2025-11-23T10:57:01.4668068Z ##[group]Removing temp folder /home/runner/work/_temp/docker-actions-toolkit-zj2OxX
2025-11-23T10:57:01.4682619Z ##[endgroup]
2025-11-23T10:57:01.4683174Z ##[group]Post cache
2025-11-23T10:57:01.4684171Z State not set
2025-11-23T10:57:01.4684754Z ##[endgroup]
2025-11-23T10:57:01.4824507Z Post job cleanup.
2025-11-23T10:57:01.7174954Z ##[group]Removing temp folder /home/runner/work/_temp/docker-actions-toolkit-50ii1i
2025-11-23T10:57:01.7189091Z ##[endgroup]
2025-11-23T10:57:01.7189698Z ##[group]Post cache
2025-11-23T10:57:01.7191361Z State not set
2025-11-23T10:57:01.7193232Z ##[endgroup]
2025-11-23T10:57:01.7298478Z Post job cleanup.
2025-11-23T10:57:02.0313242Z [command]/usr/bin/docker logout ghcr.io
2025-11-23T10:57:02.0444321Z Removing login credentials for ghcr.io
2025-11-23T10:57:02.0478957Z ##[group]Post cache
2025-11-23T10:57:02.0480686Z State not set
2025-11-23T10:57:02.0482362Z ##[endgroup]
2025-11-23T10:57:02.0606982Z Post job cleanup.
2025-11-23T10:57:02.3411724Z ##[group]Removing builder
2025-11-23T10:57:02.4550604Z [command]/usr/bin/docker buildx rm builder-a7766ce1-eafd-4374-a583-ea3de53f94d7
2025-11-23T10:57:05.6355818Z builder-a7766ce1-eafd-4374-a583-ea3de53f94d7 removed
2025-11-23T10:57:05.6393727Z ##[endgroup]
2025-11-23T10:57:05.6395267Z ##[group]Cleaning up certificates
2025-11-23T10:57:05.6401429Z ##[endgroup]
2025-11-23T10:57:05.6402574Z ##[group]Post cache
2025-11-23T10:57:05.6405010Z State not set
2025-11-23T10:57:05.6405645Z ##[endgroup]
2025-11-23T10:57:05.6513663Z Post job cleanup.
2025-11-23T10:57:05.8836046Z ##[group]Post cache
2025-11-23T10:57:05.8839272Z Caching docker.io--tonistiigi--binfmt-latest-linux-x64 to GitHub Actions cache
2025-11-23T10:57:05.9029409Z [command]/usr/bin/tar --posix -cf cache.tzst --exclude cache.tzst -P -C /home/runner/work/kma-poker-stats/kma-poker-stats --files-from manifest.txt --use-compress-program zstdmt
2025-11-23T10:57:07.4514306Z Sent 19660800 of 31670948 (62.1%), 18.8 MBs/sec
2025-11-23T10:57:07.8141436Z Sent 31670948 of 31670948 (100.0%), 22.2 MBs/sec
2025-11-23T10:57:08.1992855Z ##[endgroup]
2025-11-23T10:57:08.2171789Z Post job cleanup.
2025-11-23T10:57:08.3092961Z [command]/usr/bin/git version
2025-11-23T10:57:08.3130649Z git version 2.51.2
2025-11-23T10:57:08.3175731Z Temporarily overriding HOME='/home/runner/work/_temp/7c8c569b-154d-4af2-ad1b-001190a6a59a' before making global git config changes
2025-11-23T10:57:08.3190621Z Adding repository directory to the temporary git global config as a safe directory
2025-11-23T10:57:08.3191779Z [command]/usr/bin/git config --global --add safe.directory /home/runner/work/kma-poker-stats/kma-poker-stats
2025-11-23T10:57:08.3226541Z [command]/usr/bin/git config --local --name-only --get-regexp core\.sshCommand
2025-11-23T10:57:08.3261797Z [command]/usr/bin/git submodule foreach --recursive sh -c "git config --local --name-only --get-regexp 'core\.sshCommand' && git config --local --unset-all 'core.sshCommand' || :"
2025-11-23T10:57:08.3498505Z [command]/usr/bin/git config --local --name-only --get-regexp http\.https\:\/\/github\.com\/\.extraheader
2025-11-23T10:57:08.3520368Z http.https://github.com/.extraheader
2025-11-23T10:57:08.3532894Z [command]/usr/bin/git config --local --unset-all http.https://github.com/.extraheader
2025-11-23T10:57:08.3563769Z [command]/usr/bin/git submodule foreach --recursive sh -c "git config --local --name-only --get-regexp 'http\.https\:\/\/github\.com\/\.extraheader' && git config --local --unset-all 'http.https://github.com/.extraheader' || :"
2025-11-23T10:57:08.3782333Z [command]/usr/bin/git config --local --name-only --get-regexp ^includeIf\.gitdir:
2025-11-23T10:57:08.3812522Z [command]/usr/bin/git submodule foreach --recursive git config --local --show-origin --name-only --get-regexp remote.origin.url
2025-11-23T10:57:08.4137083Z Cleaning up orphan processes
